<html>
<body>
<pre>
<h1>礦ision Build Log</h1>
<h2>Tool Versions:</h2>
IDE-Version: μVision V5.14.0.0
Copyright (C) 2015 ARM Ltd and ARM Germany GmbH. All rights reserved.
License Information: 118 sfann, 118, LIC=CZLZX-HY5G4-EVZ1R-K1MBJ-YHSEL-YK8CG
 
Tool Versions:
Toolchain:       MDK-ARM Standard  Version: 5.14.0.0
Toolchain Path:  D:\Keil_v5\ARM\ARMCC\Bin
C Compiler:      Armcc.exe V5.05 update 1 (build 106)
Assembler:       Armasm.exe V5.05 update 1 (build 106)
Linker/Locator:  ArmLink.exe V5.05 update 1 (build 106)
Library Manager: ArmAr.exe V5.05 update 1 (build 106)
Hex Converter:   FromElf.exe V5.05 update 1 (build 106)
CPU DLL:         SARMCM3.DLL V5.14.0.0
Dialog DLL:      DARMSTM.DLL V1.65.0.0
Target DLL:      Segger\JL2CM3.dll V2.99.13.0
Dialog DLL:      DARMSTM.DLL V1.65.0.0
 
<h2>Project:</h2>
C:\Users\sfann\Desktop\新建文件夹\FreeRTOS\STM32F405_FreeRTOS_RTT\USER\STM32F405_FreeRTOS_RTT.uvprojx
Project File Date:  11/07/2025

<h2>Output:</h2>
Build target 'STM32F405_FreeRTOS_RTT'
compiling main.c...
linking...
Program Size: Code=25910 RO-data=442 RW-data=184 ZI-data=34160  
FromELF: creating hex file...
"..\OBJ\STM32F405_FreeRTOS_RTT.axf" - 0 Error(s), 0 Warning(s).

<h2>Collection of Component include folders:</h2>
  C:\Users\sfann\Desktop\新建文件夹\FreeRTOS\STM32F405_FreeRTOS_RTT\USER\RTE
  D:\Keil_v5\ARM\PACK\Keil\STM32F4xx_DFP\2.5.0

<h2>Collection of Component Files used:</h2>
</pre>
</body>
</html>
