Component: ARM Compiler 5.05 update 1 (build 106) Tool: armlink [4d0efa]

==============================================================================

Section Cross References

    main.o(.text) refers to tasks.o(.text) for xTaskGetTickCount
    main.o(.text) refers to stm32f4xx_gpio.o(.text) for GPIO_ToggleBits
    main.o(.text) refers to segger_rtt.o(.text) for SEGGER_RTT_Write
    main.o(.text) refers to segger_rtt_printf.o(.text) for SEGGER_RTT_printf
    main.o(.text) refers to stm32f4xx_rcc.o(.text) for RCC_AHB1PeriphClockCmd
    main.o(.text) refers to main.o(.data) for JS_RTT_Channel
    main.o(.text) refers to main.o(.bss) for JS_RTT_UpBuffer
    system_stm32f4xx.o(.text) refers to system_stm32f4xx.o(.data) for SystemCoreClock
    startup_stm32f40_41xxx.o(STACK) refers (Special) to heapauxi.o(.text) for __use_two_region_memory
    startup_stm32f40_41xxx.o(HEAP) refers (Special) to heapauxi.o(.text) for __use_two_region_memory
    startup_stm32f40_41xxx.o(RESET) refers (Special) to heapauxi.o(.text) for __use_two_region_memory
    startup_stm32f40_41xxx.o(RESET) refers to startup_stm32f40_41xxx.o(STACK) for __initial_sp
    startup_stm32f40_41xxx.o(RESET) refers to startup_stm32f40_41xxx.o(.text) for Reset_Handler
    startup_stm32f40_41xxx.o(RESET) refers to stm32f4xx_it.o(.text) for NMI_Handler
    startup_stm32f40_41xxx.o(RESET) refers to port.o(.emb_text) for SVC_Handler
    startup_stm32f40_41xxx.o(RESET) refers to port.o(.text) for SysTick_Handler
    startup_stm32f40_41xxx.o(.text) refers (Special) to heapauxi.o(.text) for __use_two_region_memory
    startup_stm32f40_41xxx.o(.text) refers to system_stm32f4xx.o(.text) for SystemInit
    startup_stm32f40_41xxx.o(.text) refers to __main.o(!!!main) for __main
    startup_stm32f40_41xxx.o(.text) refers to startup_stm32f40_41xxx.o(HEAP) for Heap_Mem
    startup_stm32f40_41xxx.o(.text) refers to startup_stm32f40_41xxx.o(STACK) for Stack_Mem
    stm32f4xx_adc.o(.text) refers to stm32f4xx_rcc.o(.text) for RCC_APB2PeriphResetCmd
    stm32f4xx_can.o(.text) refers to stm32f4xx_rcc.o(.text) for RCC_APB1PeriphResetCmd
    stm32f4xx_cryp.o(.text) refers to stm32f4xx_rcc.o(.text) for RCC_AHB2PeriphResetCmd
    stm32f4xx_cryp_aes.o(.text) refers to stm32f4xx_cryp.o(.text) for CRYP_KeyStructInit
    stm32f4xx_cryp_des.o(.text) refers to stm32f4xx_cryp.o(.text) for CRYP_KeyStructInit
    stm32f4xx_cryp_tdes.o(.text) refers to stm32f4xx_cryp.o(.text) for CRYP_KeyStructInit
    stm32f4xx_dac.o(.text) refers to stm32f4xx_rcc.o(.text) for RCC_APB1PeriphResetCmd
    stm32f4xx_dma2d.o(.text) refers to stm32f4xx_rcc.o(.text) for RCC_AHB1PeriphResetCmd
    stm32f4xx_fsmc.o(.text) refers to stm32f4xx_fsmc.o(.constdata) for FSMC_DefaultTimingStruct
    stm32f4xx_gpio.o(.text) refers to stm32f4xx_rcc.o(.text) for RCC_AHB1PeriphResetCmd
    stm32f4xx_hash.o(.text) refers to stm32f4xx_rcc.o(.text) for RCC_AHB2PeriphResetCmd
    stm32f4xx_hash_md5.o(.text) refers to stm32f4xx_hash.o(.text) for HASH_DeInit
    stm32f4xx_hash_sha1.o(.text) refers to stm32f4xx_hash.o(.text) for HASH_DeInit
    stm32f4xx_i2c.o(.text) refers to stm32f4xx_rcc.o(.text) for RCC_APB1PeriphResetCmd
    stm32f4xx_ltdc.o(.text) refers to stm32f4xx_rcc.o(.text) for RCC_APB2PeriphResetCmd
    stm32f4xx_pwr.o(.text) refers to stm32f4xx_rcc.o(.text) for RCC_APB1PeriphResetCmd
    stm32f4xx_rcc.o(.text) refers to stm32f4xx_rcc.o(.data) for APBAHBPrescTable
    stm32f4xx_rng.o(.text) refers to stm32f4xx_rcc.o(.text) for RCC_AHB2PeriphResetCmd
    stm32f4xx_sai.o(.text) refers to stm32f4xx_rcc.o(.text) for RCC_APB2PeriphResetCmd
    stm32f4xx_sdio.o(.text) refers to stm32f4xx_rcc.o(.text) for RCC_APB2PeriphResetCmd
    stm32f4xx_spi.o(.text) refers to stm32f4xx_rcc.o(.text) for RCC_APB2PeriphResetCmd
    stm32f4xx_syscfg.o(.text) refers to stm32f4xx_rcc.o(.text) for RCC_APB2PeriphResetCmd
    stm32f4xx_tim.o(.text) refers to stm32f4xx_rcc.o(.text) for RCC_APB2PeriphResetCmd
    stm32f4xx_usart.o(.text) refers to stm32f4xx_rcc.o(.text) for RCC_APB2PeriphResetCmd
    stm32f4xx_wwdg.o(.text) refers to stm32f4xx_rcc.o(.text) for RCC_APB1PeriphResetCmd
    sys_tick.o(.text) refers to system_stm32f4xx.o(.data) for SystemCoreClock
    sys_tick.o(.text) refers to sys_tick.o(.data) for sys_tick
    segger_rtt.o(.text) refers to strcpy.o(.text) for strcpy
    segger_rtt.o(.text) refers to rt_memcpy_v6.o(.text) for __aeabi_memcpy
    segger_rtt.o(.text) refers to segger_rtt.o(.bss) for _SEGGER_RTT
    segger_rtt.o(.text) refers to segger_rtt.o(.data) for _aTerminalId
    segger_rtt.o(.text) refers to strlen.o(.text) for strlen
    segger_rtt_printf.o(.text) refers to segger_rtt.o(.text) for SEGGER_RTT_Write
    segger_rtt_printf.o(.text) refers to d2f.o(x$fpl$d2f) for __aeabi_d2f
    segger_rtt_printf.o(.text) refers to segger_rtt_printf.o(.constdata) for _aV2C
    event_groups.o(.text) refers to list.o(.text) for vListInitialise
    event_groups.o(.text) refers to heap_4.o(.text) for pvPortMalloc
[...]
    ../clib/angel/handlers.s                 0x00000000   Number         0  __scatter_copy.o ABSOLUTE
    ../clib/angel/handlers.s                 0x00000000   Number         0  __scatter_zi.o ABSOLUTE
    ../clib/angel/kernel.s                   0x00000000   Number         0  rtexit2.o ABSOLUTE
    ../clib/angel/kernel.s                   0x00000000   Number         0  __rtentry.o ABSOLUTE
    ../clib/angel/kernel.s                   0x00000000   Number         0  __rtentry4.o ABSOLUTE
    ../clib/angel/kernel.s                   0x00000000   Number         0  __rtentry2.o ABSOLUTE
    ../clib/angel/kernel.s                   0x00000000   Number         0  rtexit.o ABSOLUTE
    ../clib/angel/rt.s                       0x00000000   Number         0  rt_raise.o ABSOLUTE
    ../clib/angel/scatter.s                  0x00000000   Number         0  __scatter.o ABSOLUTE
    ../clib/angel/startup.s                  0x00000000   Number         0  __main.o ABSOLUTE
    ../clib/angel/sys.s                      0x00000000   Number         0  indicate_semi.o ABSOLUTE
    ../clib/angel/sys.s                      0x00000000   Number         0  sys_stackheap_outer.o ABSOLUTE
    ../clib/angel/sys.s                      0x00000000   Number         0  use_no_semi.o ABSOLUTE
    ../clib/angel/sys.s                      0x00000000   Number         0  libspace.o ABSOLUTE
    ../clib/angel/sysapp.c                   0x00000000   Number         0  sys_exit.o ABSOLUTE
    ../clib/angel/sysapp.c                   0x00000000   Number         0  sys_wrch.o ABSOLUTE
    ../clib/angel/sysapp.c                   0x00000000   Number         0  sys_command.o ABSOLUTE
    ../clib/armsys.c                         0x00000000   Number         0  argv_veneer.o ABSOLUTE
    ../clib/armsys.c                         0x00000000   Number         0  argv_veneer.o ABSOLUTE
    ../clib/armsys.c                         0x00000000   Number         0  no_argv.o ABSOLUTE
    ../clib/armsys.c                         0x00000000   Number         0  _get_argv_nomalloc.o ABSOLUTE
    ../clib/heapalloc.c                      0x00000000   Number         0  hrguard.o ABSOLUTE
    ../clib/heapaux.c                        0x00000000   Number         0  heapauxi.o ABSOLUTE
    ../clib/libinit.s                        0x00000000   Number         0  libshutdown2.o ABSOLUTE
    ../clib/libinit.s                        0x00000000   Number         0  libinit2.o ABSOLUTE
    ../clib/libinit.s                        0x00000000   Number         0  libshutdown.o ABSOLUTE
    ../clib/libinit.s                        0x00000000   Number         0  libinit.o ABSOLUTE
    ../clib/memcpset.s                       0x00000000   Number         0  rt_memcpy_w.o ABSOLUTE
    ../clib/memcpset.s                       0x00000000   Number         0  rt_memcpy_v6.o ABSOLUTE
    ../clib/memcpset.s                       0x00000000   Number         0  rt_memclr_w.o ABSOLUTE
    ../clib/memcpset.s                       0x00000000   Number         0  memset.o ABSOLUTE
    ../clib/memcpset.s                       0x00000000   Number         0  rt_memclr.o ABSOLUTE
    ../clib/memcpset.s                       0x00000000   Number         0  aeabi_memset.o ABSOLUTE
    ../clib/signal.c                         0x00000000   Number         0  defsig_general.o ABSOLUTE
    ../clib/signal.c                         0x00000000   Number         0  __raise.o ABSOLUTE
    ../clib/signal.c                         0x00000000   Number         0  defsig_rtmem_inner.o ABSOLUTE
    ../clib/signal.c                         0x00000000   Number         0  defsig_exit.o ABSOLUTE
    ../clib/signal.c                         0x00000000   Number         0  defsig_rtmem_formal.o ABSOLUTE
    ../clib/signal.c                         0x00000000   Number         0  defsig_rtmem_outer.o ABSOLUTE
    ../clib/signal.c                         0x00000000   Number         0  defsig_stak_inner.o ABSOLUTE
    ../clib/signal.c                         0x00000000   Number         0  defsig_other.o ABSOLUTE
    ../clib/signal.c                         0x00000000   Number         0  defsig_segv_inner.o ABSOLUTE
    ../clib/signal.c                         0x00000000   Number         0  defsig_pvfn_inner.o ABSOLUTE
    ../clib/signal.c                         0x00000000   Number         0  defsig_rtred_inner.o ABSOLUTE
    ../clib/signal.c                         0x00000000   Number         0  defsig_fpe_inner.o ABSOLUTE
    ../clib/signal.c                         0x00000000   Number         0  defsig_abrt_inner.o ABSOLUTE
    ../clib/signal.c                         0x00000000   Number         0  defsig_cppl_inner.o ABSOLUTE
    ../clib/signal.s                         0x00000000   Number         0  defsig.o ABSOLUTE
    ../clib/stdlib.c                         0x00000000   Number         0  exit.o ABSOLUTE
    ../clib/string.c                         0x00000000   Number         0  strcpy.o ABSOLUTE
    ../clib/string.c                         0x00000000   Number         0  strlen.o ABSOLUTE
    ../fplib/d2f.s                           0x00000000   Number         0  d2f.o ABSOLUTE
    ../fplib/dnaninf.s                       0x00000000   Number         0  dnaninf.o ABSOLUTE
    ../fplib/fpinit.s                        0x00000000   Number         0  fpinit.o ABSOLUTE
    ../fplib/fretinf.s                       0x00000000   Number         0  fretinf.o ABSOLUTE
    ../fplib/usenofp.s                       0x00000000   Number         0  usenofp.o ABSOLUTE
    ..\CORE\startup_stm32f40_41xxx.s         0x00000000   Number         0  startup_stm32f40_41xxx.o ABSOLUTE
    ..\FWLIB\src\misc.c                      0x00000000   Number         0  misc.o ABSOLUTE
    ..\FWLIB\src\stm32f4xx_adc.c             0x00000000   Number         0  stm32f4xx_adc.o ABSOLUTE
    ..\FWLIB\src\stm32f4xx_can.c             0x00000000   Number         0  stm32f4xx_can.o ABSOLUTE
    ..\FWLIB\src\stm32f4xx_crc.c             0x00000000   Number         0  stm32f4xx_crc.o ABSOLUTE
    ..\FWLIB\src\stm32f4xx_cryp.c            0x00000000   Number         0  stm32f4xx_cryp.o ABSOLUTE
    ..\FWLIB\src\stm32f4xx_cryp_aes.c        0x00000000   Number         0  stm32f4xx_cryp_aes.o ABSOLUTE
    ..\FWLIB\src\stm32f4xx_cryp_des.c        0x00000000   Number         0  stm32f4xx_cryp_des.o ABSOLUTE
    ..\FWLIB\src\stm32f4xx_cryp_tdes.c       0x00000000   Number         0  stm32f4xx_cryp_tdes.o ABSOLUTE
    ..\FWLIB\src\stm32f4xx_dac.c             0x00000000   Number         0  stm32f4xx_dac.o ABSOLUTE
    ..\FWLIB\src\stm32f4xx_dbgmcu.c          0x00000000   Number         0  stm32f4xx_dbgmcu.o ABSOLUTE
    ..\FWLIB\src\stm32f4xx_dcmi.c            0x00000000   Number         0  stm32f4xx_dcmi.o ABSOLUTE
    ..\FWLIB\src\stm32f4xx_dma.c             0x00000000   Number         0  stm32f4xx_dma.o ABSOLUTE
    ..\FWLIB\src\stm32f4xx_dma2d.c           0x00000000   Number         0  stm32f4xx_dma2d.o ABSOLUTE
    ..\FWLIB\src\stm32f4xx_exti.c            0x00000000   Number         0  stm32f4xx_exti.o ABSOLUTE
    ..\FWLIB\src\stm32f4xx_flash.c           0x00000000   Number         0  stm32f4xx_flash.o ABSOLUTE
    ..\FWLIB\src\stm32f4xx_flash_ramfunc.c   0x00000000   Number         0  stm32f4xx_flash_ramfunc.o ABSOLUTE
    ..\FWLIB\src\stm32f4xx_fsmc.c            0x00000000   Number         0  stm32f4xx_fsmc.o ABSOLUTE
    ..\FWLIB\src\stm32f4xx_gpio.c            0x00000000   Number         0  stm32f4xx_gpio.o ABSOLUTE
    ..\FWLIB\src\stm32f4xx_hash.c            0x00000000   Number         0  stm32f4xx_hash.o ABSOLUTE
    ..\FWLIB\src\stm32f4xx_hash_md5.c        0x00000000   Number         0  stm32f4xx_hash_md5.o ABSOLUTE
    ..\FWLIB\src\stm32f4xx_hash_sha1.c       0x00000000   Number         0  stm32f4xx_hash_sha1.o ABSOLUTE
    ..\FWLIB\src\stm32f4xx_i2c.c             0x00000000   Number         0  stm32f4xx_i2c.o ABSOLUTE
    ..\FWLIB\src\stm32f4xx_iwdg.c            0x00000000   Number         0  stm32f4xx_iwdg.o ABSOLUTE
    ..\FWLIB\src\stm32f4xx_ltdc.c            0x00000000   Number         0  stm32f4xx_ltdc.o ABSOLUTE
    ..\FWLIB\src\stm32f4xx_pwr.c             0x00000000   Number         0  stm32f4xx_pwr.o ABSOLUTE
    ..\FWLIB\src\stm32f4xx_rcc.c             0x00000000   Number         0  stm32f4xx_rcc.o ABSOLUTE
    ..\FWLIB\src\stm32f4xx_rng.c             0x00000000   Number         0  stm32f4xx_rng.o ABSOLUTE
    ..\FWLIB\src\stm32f4xx_rtc.c             0x00000000   Number         0  stm32f4xx_rtc.o ABSOLUTE
    ..\FWLIB\src\stm32f4xx_sai.c             0x00000000   Number         0  stm32f4xx_sai.o ABSOLUTE
    ..\FWLIB\src\stm32f4xx_sdio.c            0x00000000   Number         0  stm32f4xx_sdio.o ABSOLUTE
    ..\FWLIB\src\stm32f4xx_spi.c             0x00000000   Number         0  stm32f4xx_spi.o ABSOLUTE
    ..\FWLIB\src\stm32f4xx_syscfg.c          0x00000000   Number         0  stm32f4xx_syscfg.o ABSOLUTE
    ..\FWLIB\src\stm32f4xx_tim.c             0x00000000   Number         0  stm32f4xx_tim.o ABSOLUTE
    ..\FWLIB\src\stm32f4xx_usart.c           0x00000000   Number         0  stm32f4xx_usart.o ABSOLUTE
    ..\FWLIB\src\stm32f4xx_wwdg.c            0x00000000   Number         0  stm32f4xx_wwdg.o ABSOLUTE
    ..\FreeRTOS\PORT\heap_4.c                0x00000000   Number         0  heap_4.o ABSOLUTE
    ..\FreeRTOS\PORT\port.c                  0x00000000   Number         0  port.o ABSOLUTE
    ..\FreeRTOS\SRC\croutine.c               0x00000000   Number         0  croutine.o ABSOLUTE
    ..\FreeRTOS\SRC\event_groups.c           0x00000000   Number         0  event_groups.o ABSOLUTE
    ..\FreeRTOS\SRC\list.c                   0x00000000   Number         0  list.o ABSOLUTE
    ..\FreeRTOS\SRC\queue.c                  0x00000000   Number         0  queue.o ABSOLUTE
    ..\FreeRTOS\SRC\stream_buffer.c          0x00000000   Number         0  stream_buffer.o ABSOLUTE
    ..\FreeRTOS\SRC\tasks.c                  0x00000000   Number         0  tasks.o ABSOLUTE
    ..\FreeRTOS\SRC\timers.c                 0x00000000   Number         0  timers.o ABSOLUTE
    ..\RTT\SRC\SEGGER_RTT.c                  0x00000000   Number         0  segger_rtt.o ABSOLUTE
    ..\RTT\SRC\SEGGER_RTT_printf.c           0x00000000   Number         0  segger_rtt_printf.o ABSOLUTE
    ..\SYSTEM\sys_tick\sys_tick.c            0x00000000   Number         0  sys_tick.o ABSOLUTE
    ..\\FWLIB\\src\\misc.c                   0x00000000   Number         0  misc.o ABSOLUTE
    ..\\FWLIB\\src\\stm32f4xx_adc.c          0x00000000   Number         0  stm32f4xx_adc.o ABSOLUTE
    ..\\FWLIB\\src\\stm32f4xx_can.c          0x00000000   Number         0  stm32f4xx_can.o ABSOLUTE
    ..\\FWLIB\\src\\stm32f4xx_crc.c          0x00000000   Number         0  stm32f4xx_crc.o ABSOLUTE
    ..\\FWLIB\\src\\stm32f4xx_cryp.c         0x00000000   Number         0  stm32f4xx_cryp.o ABSOLUTE
    ..\\FWLIB\\src\\stm32f4xx_cryp_aes.c     0x00000000   Number         0  stm32f4xx_cryp_aes.o ABSOLUTE
    ..\\FWLIB\\src\\stm32f4xx_cryp_des.c     0x00000000   Number         0  stm32f4xx_cryp_des.o ABSOLUTE
    ..\\FWLIB\\src\\stm32f4xx_cryp_tdes.c    0x00000000   Number         0  stm32f4xx_cryp_tdes.o ABSOLUTE
    ..\\FWLIB\\src\\stm32f4xx_dac.c          0x00000000   Number         0  stm32f4xx_dac.o ABSOLUTE
    ..\\FWLIB\\src\\stm32f4xx_dbgmcu.c       0x00000000   Number         0  stm32f4xx_dbgmcu.o ABSOLUTE
    ..\\FWLIB\\src\\stm32f4xx_dcmi.c         0x00000000   Number         0  stm32f4xx_dcmi.o ABSOLUTE
    ..\\FWLIB\\src\\stm32f4xx_dma.c          0x00000000   Number         0  stm32f4xx_dma.o ABSOLUTE
    ..\\FWLIB\\src\\stm32f4xx_dma2d.c        0x00000000   Number         0  stm32f4xx_dma2d.o ABSOLUTE
    ..\\FWLIB\\src\\stm32f4xx_exti.c         0x00000000   Number         0  stm32f4xx_exti.o ABSOLUTE
    ..\\FWLIB\\src\\stm32f4xx_flash.c        0x00000000   Number         0  stm32f4xx_flash.o ABSOLUTE
    ..\\FWLIB\\src\\stm32f4xx_flash_ramfunc.c 0x00000000   Number         0  stm32f4xx_flash_ramfunc.o ABSOLUTE
    ..\\FWLIB\\src\\stm32f4xx_fsmc.c         0x00000000   Number         0  stm32f4xx_fsmc.o ABSOLUTE
    ..\\FWLIB\\src\\stm32f4xx_gpio.c         0x00000000   Number         0  stm32f4xx_gpio.o ABSOLUTE
    ..\\FWLIB\\src\\stm32f4xx_hash.c         0x00000000   Number         0  stm32f4xx_hash.o ABSOLUTE
    ..\\FWLIB\\src\\stm32f4xx_hash_md5.c     0x00000000   Number         0  stm32f4xx_hash_md5.o ABSOLUTE
    ..\\FWLIB\\src\\stm32f4xx_hash_sha1.c    0x00000000   Number         0  stm32f4xx_hash_sha1.o ABSOLUTE
    ..\\FWLIB\\src\\stm32f4xx_i2c.c          0x00000000   Number         0  stm32f4xx_i2c.o ABSOLUTE
    ..\\FWLIB\\src\\stm32f4xx_iwdg.c         0x00000000   Number         0  stm32f4xx_iwdg.o ABSOLUTE
    ..\\FWLIB\\src\\stm32f4xx_ltdc.c         0x00000000   Number         0  stm32f4xx_ltdc.o ABSOLUTE
    ..\\FWLIB\\src\\stm32f4xx_pwr.c          0x00000000   Number         0  stm32f4xx_pwr.o ABSOLUTE
    ..\\FWLIB\\src\\stm32f4xx_rcc.c          0x00000000   Number         0  stm32f4xx_rcc.o ABSOLUTE
    ..\\FWLIB\\src\\stm32f4xx_rng.c          0x00000000   Number         0  stm32f4xx_rng.o ABSOLUTE
    ..\\FWLIB\\src\\stm32f4xx_rtc.c          0x00000000   Number         0  stm32f4xx_rtc.o ABSOLUTE
    ..\\FWLIB\\src\\stm32f4xx_sai.c          0x00000000   Number         0  stm32f4xx_sai.o ABSOLUTE
    ..\\FWLIB\\src\\stm32f4xx_sdio.c         0x00000000   Number         0  stm32f4xx_sdio.o ABSOLUTE
    ..\\FWLIB\\src\\stm32f4xx_spi.c          0x00000000   Number         0  stm32f4xx_spi.o ABSOLUTE
    ..\\FWLIB\\src\\stm32f4xx_syscfg.c       0x00000000   Number         0  stm32f4xx_syscfg.o ABSOLUTE
    ..\\FWLIB\\src\\stm32f4xx_tim.c          0x00000000   Number         0  stm32f4xx_tim.o ABSOLUTE
    ..\\FWLIB\\src\\stm32f4xx_usart.c        0x00000000   Number         0  stm32f4xx_usart.o ABSOLUTE
    ..\\FWLIB\\src\\stm32f4xx_wwdg.c         0x00000000   Number         0  stm32f4xx_wwdg.o ABSOLUTE
    ..\\FreeRTOS\\PORT\\port.c               0x00000000   Number         0  port.o ABSOLUTE
    ..\\SYSTEM\\sys_tick\\sys_tick.c         0x00000000   Number         0  sys_tick.o ABSOLUTE
    dc.s                                     0x00000000   Number         0  dc.o ABSOLUTE
    main.c                                   0x00000000   Number         0  main.o ABSOLUTE
    main.c                                   0x00000000   Number         0  main.o ABSOLUTE
    stm32f4xx_it.c                           0x00000000   Number         0  stm32f4xx_it.o ABSOLUTE
    stm32f4xx_it.c                           0x00000000   Number         0  stm32f4xx_it.o ABSOLUTE
    system_stm32f4xx.c                       0x00000000   Number         0  system_stm32f4xx.o ABSOLUTE
    system_stm32f4xx.c                       0x00000000   Number         0  system_stm32f4xx.o ABSOLUTE
    RESET                                    0x08000000   Section      392  startup_stm32f40_41xxx.o(RESET)
    !!!main                                  0x08000188   Section        8  __main.o(!!!main)
    !!!scatter                               0x08000190   Section       52  __scatter.o(!!!scatter)
    !!handler_copy                           0x080001c4   Section       26  __scatter_copy.o(!!handler_copy)
    !!handler_zi                             0x080001e0   Section       28  __scatter_zi.o(!!handler_zi)
    .ARM.Collect$$libinit$$00000000          0x080001fc   Section        2  libinit.o(.ARM.Collect$$libinit$$00000000)
    .ARM.Collect$$libinit$$00000001          0x080001fe   Section        4  libinit2.o(.ARM.Collect$$libinit$$00000001)
    .ARM.Collect$$libinit$$00000004          0x08000202   Section        0  libinit2.o(.ARM.Collect$$libinit$$00000004)
    .ARM.Collect$$libinit$$0000000A          0x08000202   Section        0  libinit2.o(.ARM.Collect$$libinit$$0000000A)
    .ARM.Collect$$libinit$$0000000C          0x08000202   Section        0  libinit2.o(.ARM.Collect$$libinit$$0000000C)
    .ARM.Collect$$libinit$$0000000E          0x08000202   Section        0  libinit2.o(.ARM.Collect$$libinit$$0000000E)
    .ARM.Collect$$libinit$$00000011          0x08000202   Section        0  libinit2.o(.ARM.Collect$$libinit$$00000011)
    .ARM.Collect$$libinit$$00000013          0x08000202   Section        0  libinit2.o(.ARM.Collect$$libinit$$00000013)
    .ARM.Collect$$libinit$$00000015          0x08000202   Section        0  libinit2.o(.ARM.Collect$$libinit$$00000015)
    .ARM.Collect$$libinit$$00000017          0x08000202   Section        0  libinit2.o(.ARM.Collect$$libinit$$00000017)
    .ARM.Collect$$libinit$$00000019          0x08000202   Section        0  libinit2.o(.ARM.Collect$$libinit$$00000019)
    .ARM.Collect$$libinit$$0000001B          0x08000202   Section        0  libinit2.o(.ARM.Collect$$libinit$$0000001B)
    .ARM.Collect$$libinit$$0000001D          0x08000202   Section        0  libinit2.o(.ARM.Collect$$libinit$$0000001D)
    .ARM.Collect$$libinit$$0000001F          0x08000202   Section        0  libinit2.o(.ARM.Collect$$libinit$$0000001F)
    .ARM.Collect$$libinit$$00000021          0x08000202   Section        0  libinit2.o(.ARM.Collect$$libinit$$00000021)
    .ARM.Collect$$libinit$$00000023          0x08000202   Section        0  libinit2.o(.ARM.Collect$$libinit$$00000023)
    .ARM.Collect$$libinit$$00000025          0x08000202   Section        0  libinit2.o(.ARM.Collect$$libinit$$00000025)
    .ARM.Collect$$libinit$$0000002C          0x08000202   Section        0  libinit2.o(.ARM.Collect$$libinit$$0000002C)
    .ARM.Collect$$libinit$$0000002E          0x08000202   Section        0  libinit2.o(.ARM.Collect$$libinit$$0000002E)
    .ARM.Collect$$libinit$$00000030          0x08000202   Section        0  libinit2.o(.ARM.Collect$$libinit$$00000030)
    .ARM.Collect$$libinit$$00000032          0x08000202   Section        0  libinit2.o(.ARM.Collect$$libinit$$00000032)
    .ARM.Collect$$libinit$$00000033          0x08000202   Section        2  libinit2.o(.ARM.Collect$$libinit$$00000033)
    .ARM.Collect$$libshutdown$$00000000      0x08000204   Section        2  libshutdown.o(.ARM.Collect$$libshutdown$$00000000)
    .ARM.Collect$$libshutdown$$00000003      0x08000206   Section        0  libshutdown2.o(.ARM.Collect$$libshutdown$$00000003)
    .ARM.Collect$$libshutdown$$00000006      0x08000206   Section        0  libshutdown2.o(.ARM.Collect$$libshutdown$$00000006)
    .ARM.Collect$$libshutdown$$00000009      0x08000206   Section        0  libshutdown2.o(.ARM.Collect$$libshutdown$$00000009)
    .ARM.Collect$$libshutdown$$0000000B      0x08000206   Section        0  libshutdown2.o(.ARM.Collect$$libshutdown$$0000000B)
    .ARM.Collect$$libshutdown$$0000000E      0x08000206   Section        0  libshutdown2.o(.ARM.Collect$$libshutdown$$0000000E)
    .ARM.Collect$$libshutdown$$0000000F      0x08000206   Section        2  libshutdown2.o(.ARM.Collect$$libshutdown$$0000000F)
    .ARM.Collect$$rtentry$$00000000          0x08000208   Section        0  __rtentry.o(.ARM.Collect$$rtentry$$00000000)
    .ARM.Collect$$rtentry$$00000002          0x08000208   Section        0  __rtentry2.o(.ARM.Collect$$rtentry$$00000002)
    .ARM.Collect$$rtentry$$00000004          0x08000208   Section        6  __rtentry4.o(.ARM.Collect$$rtentry$$00000004)
    .ARM.Collect$$rtentry$$00000009          0x0800020e   Section        0  __rtentry2.o(.ARM.Collect$$rtentry$$00000009)
    .ARM.Collect$$rtentry$$0000000A          0x0800020e   Section        4  __rtentry2.o(.ARM.Collect$$rtentry$$0000000A)
    .ARM.Collect$$rtentry$$0000000C          0x08000212   Section        0  __rtentry2.o(.ARM.Collect$$rtentry$$0000000C)
    .ARM.Collect$$rtentry$$0000000D          0x08000212   Section        8  __rtentry2.o(.ARM.Collect$$rtentry$$0000000D)
    .ARM.Collect$$rtexit$$00000000           0x0800021a   Section        2  rtexit.o(.ARM.Collect$$rtexit$$00000000)
    .ARM.Collect$$rtexit$$00000002           0x0800021c   Section        0  rtexit2.o(.ARM.Collect$$rtexit$$00000002)
    .ARM.Collect$$rtexit$$00000003           0x0800021c   Section        4  rtexit2.o(.ARM.Collect$$rtexit$$00000003)
    .ARM.Collect$$rtexit$$00000004           0x08000220   Section        6  rtexit2.o(.ARM.Collect$$rtexit$$00000004)
    .emb_text                                0x08000228   Section      190  port.o(.emb_text)
    $v0                                      0x08000228   Number         0  port.o(.emb_text)
    .text                                    0x080002e8   Section        0  main.o(.text)
    .text                                    0x08000428   Section        0  stm32f4xx_it.o(.text)
    .text                                    0x0800043c   Section        0  system_stm32f4xx.o(.text)
    SetSysClock                              0x0800043d   Thumb Code   220  system_stm32f4xx.o(.text)
    .text                                    0x0800064c   Section       64  startup_stm32f40_41xxx.o(.text)
    $v0                                      0x0800064c   Number         0  startup_stm32f40_41xxx.o(.text)
    .text                                    0x0800068c   Section        0  stm32f4xx_gpio.o(.text)
    .text                                    0x08000920   Section        0  stm32f4xx_rcc.o(.text)
    .text                                    0x08000f7c   Section        0  segger_rtt.o(.text)
    _DoInit                                  0x08000f7d   Thumb Code    74  segger_rtt.o(.text)
    _WriteBlocking                           0x08000fc7   Thumb Code   114  segger_rtt.o(.text)
    _WriteNoCheck                            0x08001039   Thumb Code    76  segger_rtt.o(.text)
    _PostTerminalSwitch                      0x08001085   Thumb Code    32  segger_rtt.o(.text)
    _GetAvailWriteSpace                      0x080010a5   Thumb Code    28  segger_rtt.o(.text)
    .text                                    0x08001af4   Section        0  segger_rtt_printf.o(.text)
    _StoreChar                               0x08001af5   Thumb Code    68  segger_rtt_printf.o(.text)
    _PrintUnsigned                           0x08001b39   Thumb Code   230  segger_rtt_printf.o(.text)
    _PrintInt                                0x08001c1f   Thumb Code   236  segger_rtt_printf.o(.text)
    .text                                    0x08002018   Section        0  list.o(.text)
    .text                                    0x080020ac   Section        0  queue.o(.text)
    prvInitialiseNewQueue                    0x08002183   Thumb Code    38  queue.o(.text)
    prvUnlockQueue                           0x080022ff   Thumb Code   126  queue.o(.text)
    prvIsQueueFull                           0x0800237d   Thumb Code    30  queue.o(.text)
    prvCopyDataToQueue                       0x0800239b   Thumb Code   126  queue.o(.text)
    prvInitialiseMutex                       0x080025c3   Thumb Code    30  queue.o(.text)
    prvGetDisinheritPriorityAfterTimeout     0x08002675   Thumb Code    20  queue.o(.text)
    prvIsQueueEmpty                          0x08002689   Thumb Code    26  queue.o(.text)
    prvCopyDataFromQueue                     0x08002b41   Thumb Code    42  queue.o(.text)
    .text                                    0x08003144   Section        0  tasks.o(.text)
    prvInitialiseNewTask                     0x08003145   Thumb Code   204  tasks.o(.text)
    prvCreateStaticTask                      0x08003211   Thumb Code   184  tasks.o(.text)
    prvInitialiseTaskLists                   0x080032c9   Thumb Code    70  tasks.o(.text)
    prvAddNewTaskToReadyList                 0x0800330f   Thumb Code   214  tasks.o(.text)
    prvCreateTask                            0x08003425   Thumb Code    94  tasks.o(.text)
    prvDeleteTCB                             0x080034bb   Thumb Code    80  tasks.o(.text)
    prvResetNextTaskUnblockTime              0x0800350b   Thumb Code    40  tasks.o(.text)
    prvAddCurrentTaskToDelayedList           0x0800394f   Thumb Code   150  tasks.o(.text)
    prvTaskIsTaskSuspended                   0x08003ec1   Thumb Code   110  tasks.o(.text)
    prvCheckTasksWaitingTermination          0x0800410d   Thumb Code    60  tasks.o(.text)
    prvIdleTask                              0x08004149   Thumb Code    32  tasks.o(.text)
    prvCreateIdleTasks                       0x08004169   Thumb Code   120  tasks.o(.text)
    .text                                    0x080053b8   Section        0  timers.o(.text)
    prvInsertTimerInActiveList               0x080053b9   Thumb Code    80  timers.o(.text)
    prvReloadTimer                           0x08005409   Thumb Code    40  timers.o(.text)
    prvProcessExpiredTimer                   0x08005431   Thumb Code    62  timers.o(.text)
    prvSwitchTimerLists                      0x0800546f   Thumb Code    58  timers.o(.text)
    prvSampleTimeNow                         0x080054a9   Thumb Code    40  timers.o(.text)
    prvProcessReceivedCommands               0x080054d1   Thumb Code   288  timers.o(.text)
    prvProcessTimerOrBlockTask               0x080055f1   Thumb Code   102  timers.o(.text)
    prvGetNextExpireTime                     0x08005657   Thumb Code    36  timers.o(.text)
    prvTimerTask                             0x0800567b   Thumb Code    26  timers.o(.text)
    prvCheckForValidListAndQueue             0x08005695   Thumb Code    62  timers.o(.text)
    prvInitialiseNewTimer                    0x08005737   Thumb Code    88  timers.o(.text)
    .text                                    0x08005b68   Section        0  heap_4.o(.text)
    prvHeapInit                              0x08005b69   Thumb Code    88  heap_4.o(.text)
    prvInsertBlockIntoFreeList               0x08005d9b   Thumb Code   144  heap_4.o(.text)
    .text                                    0x08005ff0   Section        0  port.o(.text)
    prvTaskExitError                         0x08005ff1   Thumb Code    60  port.o(.text)
    .text                                    0x08006320   Section        0  strcpy.o(.text)
    .text                                    0x08006368   Section        0  strlen.o(.text)
    .text                                    0x080063a6   Section      138  rt_memcpy_v6.o(.text)
    .text                                    0x08006430   Section       16  aeabi_memset.o(.text)
    .text                                    0x08006440   Section       68  rt_memclr.o(.text)
    .text                                    0x08006484   Section       78  rt_memclr_w.o(.text)
    .text                                    0x080064d2   Section        0  heapauxi.o(.text)
    .text                                    0x080064d8   Section      100  rt_memcpy_w.o(.text)
    .text                                    0x0800653c   Section       74  sys_stackheap_outer.o(.text)
    .text                                    0x08006586   Section        0  exit.o(.text)
    .text                                    0x08006594   Section        8  libspace.o(.text)
    .text                                    0x0800659c   Section        0  sys_exit.o(.text)
    .text                                    0x080065a8   Section        2  use_no_semi.o(.text)
    .text                                    0x080065aa   Section        0  indicate_semi.o(.text)
    x$fpl$d2f                                0x080065ac   Section       98  d2f.o(x$fpl$d2f)
    $v0                                      0x080065ac   Number         0  d2f.o(x$fpl$d2f)
    x$fpl$dnaninf                            0x0800660e   Section      156  dnaninf.o(x$fpl$dnaninf)
    $v0                                      0x0800660e   Number         0  dnaninf.o(x$fpl$dnaninf)
    x$fpl$fpinit                             0x080066aa   Section       10  fpinit.o(x$fpl$fpinit)
    $v0                                      0x080066aa   Number         0  fpinit.o(x$fpl$fpinit)
    x$fpl$fretinf                            0x080066b4   Section       10  fretinf.o(x$fpl$fretinf)
    $v0                                      0x080066b4   Number         0  fretinf.o(x$fpl$fretinf)
    .constdata                               0x080066be   Section       16  segger_rtt_printf.o(.constdata)
    x$fpl$usenofp                            0x080066be   Section        0  usenofp.o(x$fpl$usenofp)
    _aV2C                                    0x080066be   Data          16  segger_rtt_printf.o(.constdata)
    .data                                    0x20000000   Section        4  main.o(.data)
    .data                                    0x20000004   Section       20  system_stm32f4xx.o(.data)
    .data                                    0x20000018   Section       16  stm32f4xx_rcc.o(.data)
    APBAHBPrescTable                         0x20000018   Data          16  stm32f4xx_rcc.o(.data)
    .data                                    0x20000028   Section       17  segger_rtt.o(.data)
    _aTerminalId                             0x20000028   Data          16  segger_rtt.o(.data)
    _ActiveTerminal                          0x20000038   Data           1  segger_rtt.o(.data)
    .data                                    0x2000003c   Section       64  tasks.o(.data)
    pxDelayedTaskList                        0x20000040   Data           4  tasks.o(.data)
    pxOverflowDelayedTaskList                0x20000044   Data           4  tasks.o(.data)
    uxDeletedTasksWaitingCleanUp             0x20000048   Data           4  tasks.o(.data)
    uxCurrentNumberOfTasks                   0x2000004c   Data           4  tasks.o(.data)
    xTickCount                               0x20000050   Data           4  tasks.o(.data)
    uxTopReadyPriority                       0x20000054   Data           4  tasks.o(.data)
    xSchedulerRunning                        0x20000058   Data           4  tasks.o(.data)
    xPendedTicks                             0x2000005c   Data           4  tasks.o(.data)
    xYieldPendings                           0x20000060   Data           4  tasks.o(.data)
    xNumOfOverflows                          0x20000064   Data           4  tasks.o(.data)
    uxTaskNumber                             0x20000068   Data           4  tasks.o(.data)
    xNextTaskUnblockTime                     0x2000006c   Data           4  tasks.o(.data)
    xIdleTaskHandles                         0x20000070   Data           4  tasks.o(.data)
    uxTopUsedPriority                        0x20000074   Data           4  tasks.o(.data)
    uxSchedulerSuspended                     0x20000078   Data           4  tasks.o(.data)
    .data                                    0x2000007c   Section       20  timers.o(.data)
    pxCurrentTimerList                       0x2000007c   Data           4  timers.o(.data)
    pxOverflowTimerList                      0x20000080   Data           4  timers.o(.data)
    xTimerQueue                              0x20000084   Data           4  timers.o(.data)
    xTimerTaskHandle                         0x20000088   Data           4  timers.o(.data)
    xLastTime                                0x2000008c   Data           4  timers.o(.data)
    .data                                    0x20000090   Section       28  heap_4.o(.data)
    xStart                                   0x20000090   Data           8  heap_4.o(.data)
    pxEnd                                    0x20000098   Data           4  heap_4.o(.data)
    xFreeBytesRemaining                      0x2000009c   Data           4  heap_4.o(.data)
    xMinimumEverFreeBytesRemaining           0x200000a0   Data           4  heap_4.o(.data)
    xNumberOfSuccessfulAllocations           0x200000a4   Data           4  heap_4.o(.data)
    xNumberOfSuccessfulFrees                 0x200000a8   Data           4  heap_4.o(.data)
    .data                                    0x200000ac   Section       12  port.o(.data)
    uxCriticalNesting                        0x200000ac   Data           4  port.o(.data)
    ucMaxSysCallPriority                     0x200000b0   Data           1  port.o(.data)
    ulMaxPRIGROUPValue                       0x200000b4   Data           4  port.o(.data)
    .bss                                     0x200000b8   Section     4096  main.o(.bss)
    .bss                                     0x200010b8   Section     1208  segger_rtt.o(.bss)
    _acUpBuffer                              0x20001160   Data        1024  segger_rtt.o(.bss)
    _acDownBuffer                            0x20001560   Data          16  segger_rtt.o(.bss)
    .bss                                     0x20001570   Section     1392  tasks.o(.bss)
    pxReadyTasksLists                        0x20001570   Data         100  tasks.o(.bss)
    xDelayedTaskList1                        0x200015d4   Data          20  tasks.o(.bss)
    xDelayedTaskList2                        0x200015e8   Data          20  tasks.o(.bss)
    xPendingReadyList                        0x200015fc   Data          20  tasks.o(.bss)
    xTasksWaitingTermination                 0x20001610   Data          20  tasks.o(.bss)
    xSuspendedTaskList                       0x20001624   Data          20  tasks.o(.bss)
    xIdleTaskTCB                             0x20001638   Data          84  tasks.o(.bss)
    uxIdleTaskStack                          0x2000168c   Data         512  tasks.o(.bss)
    xTimerTaskTCB                            0x2000188c   Data          84  tasks.o(.bss)
    uxTimerTaskStack                         0x200018e0   Data         512  tasks.o(.bss)
    .bss                                     0x20001ae0   Section      232  timers.o(.bss)
    xActiveTimerList1                        0x20001ae0   Data          20  timers.o(.bss)
    xActiveTimerList2                        0x20001af4   Data          20  timers.o(.bss)
    xStaticTimerQueue                        0x20001b08   Data          72  timers.o(.bss)
    ucStaticTimerQueueStorage                0x20001b50   Data         120  timers.o(.bss)
    .bss                                     0x20001bc8   Section    25600  heap_4.o(.bss)
    ucHeap                                   0x20001bc8   Data       25600  heap_4.o(.bss)
    .bss                                     0x20007fc8   Section       96  libspace.o(.bss)
    HEAP                                     0x20008028   Section      512  startup_stm32f40_41xxx.o(HEAP)
    Heap_Mem                                 0x20008028   Data         512  startup_stm32f40_41xxx.o(HEAP)
    STACK                                    0x20008228   Section     1024  startup_stm32f40_41xxx.o(STACK)
    Stack_Mem                                0x20008228   Data        1024  startup_stm32f40_41xxx.o(STACK)
    __initial_sp                             0x20008628   Data           0  startup_stm32f40_41xxx.o(STACK)

    Global Symbols

    Symbol Name                              Value     Ov Type        Size  Object(Section)

    BuildAttributes$$THM_ISAv4$E$P$D$K$B$S$7EM$VFPi3$EXTD16$VFPS$VFMA$PE$A:L22UL41UL21$X:L11$S22US41US21$IEEE1$IW$USESV6$~STKCKD$USESV7$~SHL$OSPACE$ROPI$EBA8$UX$STANDARDLIB$REQ8$PRES8$EABIv2 0x00000000   Number         0  anon$$obj.o ABSOLUTE
    __ARM_use_no_argv                        0x00000000   Number         0  main.o ABSOLUTE
    __ARM_exceptions_init                     - Undefined Weak Reference
    __alloca_initialize                       - Undefined Weak Reference
    __arm_preinit_                            - Undefined Weak Reference
    __cpp_initialize__aeabi_                  - Undefined Weak Reference
    __cxa_finalize                            - Undefined Weak Reference
    __rt_locale                               - Undefined Weak Reference
    __sigvec_lookup                           - Undefined Weak Reference
    _atexit_init                              - Undefined Weak Reference
    _call_atexit_fns                          - Undefined Weak Reference
    _clock_init                               - Undefined Weak Reference
    _fp_trap_init                             - Undefined Weak Reference
    _fp_trap_shutdown                         - Undefined Weak Reference
    _get_lc_collate                           - Undefined Weak Reference
    _get_lc_ctype                             - Undefined Weak Reference
    _get_lc_monetary                          - Undefined Weak Reference
    _get_lc_numeric                           - Undefined Weak Reference
    _get_lc_time                              - Undefined Weak Reference
    _getenv_init                              - Undefined Weak Reference
    _handle_redirection                       - Undefined Weak Reference
    _init_alloc                               - Undefined Weak Reference
    _init_user_alloc                          - Undefined Weak Reference
    _initio                                   - Undefined Weak Reference
    _rand_init                                - Undefined Weak Reference
    _signal_finish                            - Undefined Weak Reference
    _signal_init                              - Undefined Weak Reference
    _terminate_alloc                          - Undefined Weak Reference
    _terminate_user_alloc                     - Undefined Weak Reference
    _terminateio                              - Undefined Weak Reference
    __Vectors_Size                           0x00000188   Number         0  startup_stm32f40_41xxx.o ABSOLUTE
    __Vectors                                0x08000000   Data           4  startup_stm32f40_41xxx.o(RESET)
    __Vectors_End                            0x08000188   Data           0  startup_stm32f40_41xxx.o(RESET)
    __main                                   0x08000189   Thumb Code     8  __main.o(!!!main)
    __scatterload                            0x08000191   Thumb Code     0  __scatter.o(!!!scatter)
    __scatterload_rt2                        0x08000191   Thumb Code    44  __scatter.o(!!!scatter)
    __scatterload_rt2_thumb_only             0x08000191   Thumb Code     0  __scatter.o(!!!scatter)
    __scatterload_null                       0x0800019f   Thumb Code     0  __scatter.o(!!!scatter)
    __scatterload_copy                       0x080001c5   Thumb Code    26  __scatter_copy.o(!!handler_copy)
    __scatterload_zeroinit                   0x080001e1   Thumb Code    28  __scatter_zi.o(!!handler_zi)
    __rt_lib_init                            0x080001fd   Thumb Code     0  libinit.o(.ARM.Collect$$libinit$$00000000)
    __rt_lib_init_fp_1                       0x080001ff   Thumb Code     0  libinit2.o(.ARM.Collect$$libinit$$00000001)
    __rt_lib_init_alloca_1                   0x08000203   Thumb Code     0  libinit2.o(.ARM.Collect$$libinit$$0000002E)
    __rt_lib_init_argv_1                     0x08000203   Thumb Code     0  libinit2.o(.ARM.Collect$$libinit$$0000002C)
    __rt_lib_init_atexit_1                   0x08000203   Thumb Code     0  libinit2.o(.ARM.Collect$$libinit$$0000001B)
    __rt_lib_init_clock_1                    0x08000203   Thumb Code     0  libinit2.o(.ARM.Collect$$libinit$$00000021)
    __rt_lib_init_cpp_1                      0x08000203   Thumb Code     0  libinit2.o(.ARM.Collect$$libinit$$00000032)
    __rt_lib_init_exceptions_1               0x08000203   Thumb Code     0  libinit2.o(.ARM.Collect$$libinit$$00000030)
    __rt_lib_init_fp_trap_1                  0x08000203   Thumb Code     0  libinit2.o(.ARM.Collect$$libinit$$0000001F)
    __rt_lib_init_getenv_1                   0x08000203   Thumb Code     0  libinit2.o(.ARM.Collect$$libinit$$00000023)
    __rt_lib_init_heap_1                     0x08000203   Thumb Code     0  libinit2.o(.ARM.Collect$$libinit$$0000000A)
    __rt_lib_init_lc_collate_1               0x08000203   Thumb Code     0  libinit2.o(.ARM.Collect$$libinit$$00000011)
    __rt_lib_init_lc_ctype_1                 0x08000203   Thumb Code     0  libinit2.o(.ARM.Collect$$libinit$$00000013)
    __rt_lib_init_lc_monetary_1              0x08000203   Thumb Code     0  libinit2.o(.ARM.Collect$$libinit$$00000015)
    __rt_lib_init_lc_numeric_1               0x08000203   Thumb Code     0  libinit2.o(.ARM.Collect$$libinit$$00000017)
    __rt_lib_init_lc_time_1                  0x08000203   Thumb Code     0  libinit2.o(.ARM.Collect$$libinit$$00000019)
    __rt_lib_init_preinit_1                  0x08000203   Thumb Code     0  libinit2.o(.ARM.Collect$$libinit$$00000004)
    __rt_lib_init_rand_1                     0x08000203   Thumb Code     0  libinit2.o(.ARM.Collect$$libinit$$0000000E)
    __rt_lib_init_return                     0x08000203   Thumb Code     0  libinit2.o(.ARM.Collect$$libinit$$00000033)
    __rt_lib_init_signal_1                   0x08000203   Thumb Code     0  libinit2.o(.ARM.Collect$$libinit$$0000001D)
    __rt_lib_init_stdio_1                    0x08000203   Thumb Code     0  libinit2.o(.ARM.Collect$$libinit$$00000025)
    __rt_lib_init_user_alloc_1               0x08000203   Thumb Code     0  libinit2.o(.ARM.Collect$$libinit$$0000000C)
    __rt_lib_shutdown                        0x08000205   Thumb Code     0  libshutdown.o(.ARM.Collect$$libshutdown$$00000000)
    __rt_lib_shutdown_fp_trap_1              0x08000207   Thumb Code     0  libshutdown2.o(.ARM.Collect$$libshutdown$$00000006)
    __rt_lib_shutdown_heap_1                 0x08000207   Thumb Code     0  libshutdown2.o(.ARM.Collect$$libshutdown$$0000000E)
    __rt_lib_shutdown_return                 0x08000207   Thumb Code     0  libshutdown2.o(.ARM.Collect$$libshutdown$$0000000F)
    __rt_lib_shutdown_signal_1               0x08000207   Thumb Code     0  libshutdown2.o(.ARM.Collect$$libshutdown$$00000009)
    __rt_lib_shutdown_stdio_1                0x08000207   Thumb Code     0  libshutdown2.o(.ARM.Collect$$libshutdown$$00000003)
    __rt_lib_shutdown_user_alloc_1           0x08000207   Thumb Code     0  libshutdown2.o(.ARM.Collect$$libshutdown$$0000000B)
    __rt_entry                               0x08000209   Thumb Code     0  __rtentry.o(.ARM.Collect$$rtentry$$00000000)
    __rt_entry_presh_1                       0x08000209   Thumb Code     0  __rtentry2.o(.ARM.Collect$$rtentry$$00000002)
    __rt_entry_sh                            0x08000209   Thumb Code     0  __rtentry4.o(.ARM.Collect$$rtentry$$00000004)
    __rt_entry_li                            0x0800020f   Thumb Code     0  __rtentry2.o(.ARM.Collect$$rtentry$$0000000A)
    __rt_entry_postsh_1                      0x0800020f   Thumb Code     0  __rtentry2.o(.ARM.Collect$$rtentry$$00000009)
    __rt_entry_main                          0x08000213   Thumb Code     0  __rtentry2.o(.ARM.Collect$$rtentry$$0000000D)
    __rt_entry_postli_1                      0x08000213   Thumb Code     0  __rtentry2.o(.ARM.Collect$$rtentry$$0000000C)
    __rt_exit                                0x0800021b   Thumb Code     0  rtexit.o(.ARM.Collect$$rtexit$$00000000)
    __rt_exit_ls                             0x0800021d   Thumb Code     0  rtexit2.o(.ARM.Collect$$rtexit$$00000003)
    __rt_exit_prels_1                        0x0800021d   Thumb Code     0  rtexit2.o(.ARM.Collect$$rtexit$$00000002)
    __rt_exit_exit                           0x08000221   Thumb Code     0  rtexit2.o(.ARM.Collect$$rtexit$$00000004)
    SVC_Handler                              0x08000229   Thumb Code    28  port.o(.emb_text)
    __asm___6_port_c_39a90d8d__prvStartFirstTask 0x08000249   Thumb Code    36  port.o(.emb_text)
    __asm___6_port_c_39a90d8d__prvEnableVFP  0x08000271   Thumb Code    16  port.o(.emb_text)
    PendSV_Handler                           0x08000285   Thumb Code    88  port.o(.emb_text)
    vPortGetIPSR                             0x080002e1   Thumb Code     6  port.o(.emb_text)
    vApplicationStackOverflowHook            0x080002e9   Thumb Code     4  main.o(.text)
    vApplicationMallocFailedHook             0x080002ed   Thumb Code     4  main.o(.text)
    vApplicationIdleHook                     0x080002f1   Thumb Code     2  main.o(.text)
    vApplicationTickHook                     0x080002f3   Thumb Code     2  main.o(.text)
    vTaskLed                                 0x080002f5   Thumb Code    78  main.o(.text)
    main                                     0x08000343   Thumb Code   132  main.o(.text)
    NMI_Handler                              0x08000429   Thumb Code     2  stm32f4xx_it.o(.text)
    HardFault_Handler                        0x0800042b   Thumb Code     4  stm32f4xx_it.o(.text)
    MemManage_Handler                        0x0800042f   Thumb Code     4  stm32f4xx_it.o(.text)
    BusFault_Handler                         0x08000433   Thumb Code     4  stm32f4xx_it.o(.text)
    UsageFault_Handler                       0x08000437   Thumb Code     4  stm32f4xx_it.o(.text)
    DebugMon_Handler                         0x0800043b   Thumb Code     2  stm32f4xx_it.o(.text)
    SystemInit                               0x08000519   Thumb Code    88  system_stm32f4xx.o(.text)
    SystemCoreClockUpdate                    0x08000571   Thumb Code   174  system_stm32f4xx.o(.text)
    Reset_Handler                            0x0800064d   Thumb Code     8  startup_stm32f40_41xxx.o(.text)
    ADC_IRQHandler                           0x08000667   Thumb Code     0  startup_stm32f40_41xxx.o(.text)
    CAN1_RX0_IRQHandler                      0x08000667   Thumb Code     0  startup_stm32f40_41xxx.o(.text)
    CAN1_RX1_IRQHandler                      0x08000667   Thumb Code     0  startup_stm32f40_41xxx.o(.text)
    CAN1_SCE_IRQHandler                      0x08000667   Thumb Code     0  startup_stm32f40_41xxx.o(.text)
    CAN1_TX_IRQHandler                       0x08000667   Thumb Code     0  startup_stm32f40_41xxx.o(.text)
    CAN2_RX0_IRQHandler                      0x08000667   Thumb Code     0  startup_stm32f40_41xxx.o(.text)
    CAN2_RX1_IRQHandler                      0x08000667   Thumb Code     0  startup_stm32f40_41xxx.o(.text)
    CAN2_SCE_IRQHandler                      0x08000667   Thumb Code     0  startup_stm32f40_41xxx.o(.text)
    CAN2_TX_IRQHandler                       0x08000667   Thumb Code     0  startup_stm32f40_41xxx.o(.text)
    CRYP_IRQHandler                          0x08000667   Thumb Code     0  startup_stm32f40_41xxx.o(.text)
    DCMI_IRQHandler                          0x08000667   Thumb Code     0  startup_stm32f40_41xxx.o(.text)
    DMA1_Stream0_IRQHandler                  0x08000667   Thumb Code     0  startup_stm32f40_41xxx.o(.text)
    DMA1_Stream1_IRQHandler                  0x08000667   Thumb Code     0  startup_stm32f40_41xxx.o(.text)
    DMA1_Stream2_IRQHandler                  0x08000667   Thumb Code     0  startup_stm32f40_41xxx.o(.text)
    DMA1_Stream3_IRQHandler                  0x08000667   Thumb Code     0  startup_stm32f40_41xxx.o(.text)
    DMA1_Stream4_IRQHandler                  0x08000667   Thumb Code     0  startup_stm32f40_41xxx.o(.text)
    DMA1_Stream5_IRQHandler                  0x08000667   Thumb Code     0  startup_stm32f40_41xxx.o(.text)
    DMA1_Stream6_IRQHandler                  0x08000667   Thumb Code     0  startup_stm32f40_41xxx.o(.text)
    DMA1_Stream7_IRQHandler                  0x08000667   Thumb Code     0  startup_stm32f40_41xxx.o(.text)
    DMA2_Stream0_IRQHandler                  0x08000667   Thumb Code     0  startup_stm32f40_41xxx.o(.text)
    DMA2_Stream1_IRQHandler                  0x08000667   Thumb Code     0  startup_stm32f40_41xxx.o(.text)
    DMA2_Stream2_IRQHandler                  0x08000667   Thumb Code     0  startup_stm32f40_41xxx.o(.text)
    DMA2_Stream3_IRQHandler                  0x08000667   Thumb Code     0  startup_stm32f40_41xxx.o(.text)
    DMA2_Stream4_IRQHandler                  0x08000667   Thumb Code     0  startup_stm32f40_41xxx.o(.text)
    DMA2_Stream5_IRQHandler                  0x08000667   Thumb Code     0  startup_stm32f40_41xxx.o(.text)
    DMA2_Stream6_IRQHandler                  0x08000667   Thumb Code     0  startup_stm32f40_41xxx.o(.text)
    DMA2_Stream7_IRQHandler                  0x08000667   Thumb Code     0  startup_stm32f40_41xxx.o(.text)
    ETH_IRQHandler                           0x08000667   Thumb Code     0  startup_stm32f40_41xxx.o(.text)
    ETH_WKUP_IRQHandler                      0x08000667   Thumb Code     0  startup_stm32f40_41xxx.o(.text)
    EXTI0_IRQHandler                         0x08000667   Thumb Code     0  startup_stm32f40_41xxx.o(.text)
    EXTI15_10_IRQHandler                     0x08000667   Thumb Code     0  startup_stm32f40_41xxx.o(.text)
    EXTI1_IRQHandler                         0x08000667   Thumb Code     0  startup_stm32f40_41xxx.o(.text)
    EXTI2_IRQHandler                         0x08000667   Thumb Code     0  startup_stm32f40_41xxx.o(.text)
    EXTI3_IRQHandler                         0x08000667   Thumb Code     0  startup_stm32f40_41xxx.o(.text)
    EXTI4_IRQHandler                         0x08000667   Thumb Code     0  startup_stm32f40_41xxx.o(.text)
    EXTI9_5_IRQHandler                       0x08000667   Thumb Code     0  startup_stm32f40_41xxx.o(.text)
    FLASH_IRQHandler                         0x08000667   Thumb Code     0  startup_stm32f40_41xxx.o(.text)
    FPU_IRQHandler                           0x08000667   Thumb Code     0  startup_stm32f40_41xxx.o(.text)
    FSMC_IRQHandler                          0x08000667   Thumb Code     0  startup_stm32f40_41xxx.o(.text)
    HASH_RNG_IRQHandler                      0x08000667   Thumb Code     0  startup_stm32f40_41xxx.o(.text)
    I2C1_ER_IRQHandler                       0x08000667   Thumb Code     0  startup_stm32f40_41xxx.o(.text)
    I2C1_EV_IRQHandler                       0x08000667   Thumb Code     0  startup_stm32f40_41xxx.o(.text)
    I2C2_ER_IRQHandler                       0x08000667   Thumb Code     0  startup_stm32f40_41xxx.o(.text)
    I2C2_EV_IRQHandler                       0x08000667   Thumb Code     0  startup_stm32f40_41xxx.o(.text)
    I2C3_ER_IRQHandler                       0x08000667   Thumb Code     0  startup_stm32f40_41xxx.o(.text)
    I2C3_EV_IRQHandler                       0x08000667   Thumb Code     0  startup_stm32f40_41xxx.o(.text)
    OTG_FS_IRQHandler                        0x08000667   Thumb Code     0  startup_stm32f40_41xxx.o(.text)
    OTG_FS_WKUP_IRQHandler                   0x08000667   Thumb Code     0  startup_stm32f40_41xxx.o(.text)
    OTG_HS_EP1_IN_IRQHandler                 0x08000667   Thumb Code     0  startup_stm32f40_41xxx.o(.text)
    OTG_HS_EP1_OUT_IRQHandler                0x08000667   Thumb Code     0  startup_stm32f40_41xxx.o(.text)
    OTG_HS_IRQHandler                        0x08000667   Thumb Code     0  startup_stm32f40_41xxx.o(.text)
    OTG_HS_WKUP_IRQHandler                   0x08000667   Thumb Code     0  startup_stm32f40_41xxx.o(.text)
    PVD_IRQHandler                           0x08000667   Thumb Code     0  startup_stm32f40_41xxx.o(.text)
    RCC_IRQHandler                           0x08000667   Thumb Code     0  startup_stm32f40_41xxx.o(.text)
    RTC_Alarm_IRQHandler                     0x08000667   Thumb Code     0  startup_stm32f40_41xxx.o(.text)
    RTC_WKUP_IRQHandler                      0x08000667   Thumb Code     0  startup_stm32f40_41xxx.o(.text)
    SDIO_IRQHandler                          0x08000667   Thumb Code     0  startup_stm32f40_41xxx.o(.text)
    SPI1_IRQHandler                          0x08000667   Thumb Code     0  startup_stm32f40_41xxx.o(.text)
    SPI2_IRQHandler                          0x08000667   Thumb Code     0  startup_stm32f40_41xxx.o(.text)
    SPI3_IRQHandler                          0x08000667   Thumb Code     0  startup_stm32f40_41xxx.o(.text)
    TAMP_STAMP_IRQHandler                    0x08000667   Thumb Code     0  startup_stm32f40_41xxx.o(.text)
    TIM1_BRK_TIM9_IRQHandler                 0x08000667   Thumb Code     0  startup_stm32f40_41xxx.o(.text)
    TIM1_CC_IRQHandler                       0x08000667   Thumb Code     0  startup_stm32f40_41xxx.o(.text)
    TIM1_TRG_COM_TIM11_IRQHandler            0x08000667   Thumb Code     0  startup_stm32f40_41xxx.o(.text)
    TIM1_UP_TIM10_IRQHandler                 0x08000667   Thumb Code     0  startup_stm32f40_41xxx.o(.text)
    TIM2_IRQHandler                          0x08000667   Thumb Code     0  startup_stm32f40_41xxx.o(.text)
    TIM3_IRQHandler                          0x08000667   Thumb Code     0  startup_stm32f40_41xxx.o(.text)
    TIM4_IRQHandler                          0x08000667   Thumb Code     0  startup_stm32f40_41xxx.o(.text)
    TIM5_IRQHandler                          0x08000667   Thumb Code     0  startup_stm32f40_41xxx.o(.text)
    TIM6_DAC_IRQHandler                      0x08000667   Thumb Code     0  startup_stm32f40_41xxx.o(.text)
    TIM7_IRQHandler                          0x08000667   Thumb Code     0  startup_stm32f40_41xxx.o(.text)
    TIM8_BRK_TIM12_IRQHandler                0x08000667   Thumb Code     0  startup_stm32f40_41xxx.o(.text)
    TIM8_CC_IRQHandler                       0x08000667   Thumb Code     0  startup_stm32f40_41xxx.o(.text)
    TIM8_TRG_COM_TIM14_IRQHandler            0x08000667   Thumb Code     0  startup_stm32f40_41xxx.o(.text)
    TIM8_UP_TIM13_IRQHandler                 0x08000667   Thumb Code     0  startup_stm32f40_41xxx.o(.text)
    UART4_IRQHandler                         0x08000667   Thumb Code     0  startup_stm32f40_41xxx.o(.text)
    UART5_IRQHandler                         0x08000667   Thumb Code     0  startup_stm32f40_41xxx.o(.text)
    USART1_IRQHandler                        0x08000667   Thumb Code     0  startup_stm32f40_41xxx.o(.text)
    USART2_IRQHandler                        0x08000667   Thumb Code     0  startup_stm32f40_41xxx.o(.text)
    USART3_IRQHandler                        0x08000667   Thumb Code     0  startup_stm32f40_41xxx.o(.text)
    USART6_IRQHandler                        0x08000667   Thumb Code     0  startup_stm32f40_41xxx.o(.text)
    WWDG_IRQHandler                          0x08000667   Thumb Code     0  startup_stm32f40_41xxx.o(.text)
    __user_initial_stackheap                 0x08000669   Thumb Code     0  startup_stm32f40_41xxx.o(.text)
    GPIO_DeInit                              0x0800068d   Thumb Code   268  stm32f4xx_gpio.o(.text)
    GPIO_Init                                0x08000799   Thumb Code   144  stm32f4xx_gpio.o(.text)
    GPIO_StructInit                          0x08000829   Thumb Code    18  stm32f4xx_gpio.o(.text)
    GPIO_PinLockConfig                       0x0800083b   Thumb Code    34  stm32f4xx_gpio.o(.text)
    GPIO_ReadInputDataBit                    0x0800085d   Thumb Code    18  stm32f4xx_gpio.o(.text)
    GPIO_ReadInputData                       0x0800086f   Thumb Code     8  stm32f4xx_gpio.o(.text)
    GPIO_ReadOutputDataBit                   0x08000877   Thumb Code    18  stm32f4xx_gpio.o(.text)
    GPIO_ReadOutputData                      0x08000889   Thumb Code     8  stm32f4xx_gpio.o(.text)
    GPIO_SetBits                             0x08000891   Thumb Code     4  stm32f4xx_gpio.o(.text)
    GPIO_ResetBits                           0x08000895   Thumb Code     4  stm32f4xx_gpio.o(.text)
    GPIO_WriteBit                            0x08000899   Thumb Code    10  stm32f4xx_gpio.o(.text)
    GPIO_Write                               0x080008a3   Thumb Code     4  stm32f4xx_gpio.o(.text)
    GPIO_ToggleBits                          0x080008a7   Thumb Code     8  stm32f4xx_gpio.o(.text)
    GPIO_PinAFConfig                         0x080008af   Thumb Code    70  stm32f4xx_gpio.o(.text)
    RCC_DeInit                               0x08000921   Thumb Code    82  stm32f4xx_rcc.o(.text)
    RCC_HSEConfig                            0x08000973   Thumb Code    14  stm32f4xx_rcc.o(.text)
    RCC_GetFlagStatus                        0x08000981   Thumb Code    60  stm32f4xx_rcc.o(.text)
    RCC_WaitForHSEStartUp                    0x080009bd   Thumb Code    56  stm32f4xx_rcc.o(.text)
    RCC_AdjustHSICalibrationValue            0x080009f5   Thumb Code    20  stm32f4xx_rcc.o(.text)
    RCC_HSICmd                               0x08000a09   Thumb Code     6  stm32f4xx_rcc.o(.text)
    RCC_LSEConfig                            0x08000a0f   Thumb Code    46  stm32f4xx_rcc.o(.text)
    RCC_LSICmd                               0x08000a3d   Thumb Code     6  stm32f4xx_rcc.o(.text)
    RCC_PLLConfig                            0x08000a43   Thumb Code    32  stm32f4xx_rcc.o(.text)
    RCC_PLLCmd                               0x08000a63   Thumb Code     6  stm32f4xx_rcc.o(.text)
    RCC_PLLI2SConfig                         0x08000a69   Thumb Code    14  stm32f4xx_rcc.o(.text)
    RCC_PLLI2SCmd                            0x08000a77   Thumb Code     6  stm32f4xx_rcc.o(.text)
    RCC_PLLSAIConfig                         0x08000a7d   Thumb Code    20  stm32f4xx_rcc.o(.text)
    RCC_PLLSAICmd                            0x08000a91   Thumb Code     6  stm32f4xx_rcc.o(.text)
    RCC_ClockSecuritySystemCmd               0x08000a97   Thumb Code     6  stm32f4xx_rcc.o(.text)
    RCC_MCO1Config                           0x08000a9d   Thumb Code    28  stm32f4xx_rcc.o(.text)
    RCC_MCO2Config                           0x08000ab9   Thumb Code    28  stm32f4xx_rcc.o(.text)
    RCC_SYSCLKConfig                         0x08000ad5   Thumb Code    20  stm32f4xx_rcc.o(.text)
    RCC_GetSYSCLKSource                      0x08000ae9   Thumb Code    12  stm32f4xx_rcc.o(.text)
    RCC_HCLKConfig                           0x08000af5   Thumb Code    20  stm32f4xx_rcc.o(.text)
    RCC_PCLK1Config                          0x08000b09   Thumb Code    20  stm32f4xx_rcc.o(.text)
    RCC_PCLK2Config                          0x08000b1d   Thumb Code    22  stm32f4xx_rcc.o(.text)
    RCC_GetClocksFreq                        0x08000b33   Thumb Code   222  stm32f4xx_rcc.o(.text)
    RCC_RTCCLKConfig                         0x08000c11   Thumb Code    54  stm32f4xx_rcc.o(.text)
    RCC_RTCCLKCmd                            0x08000c47   Thumb Code     8  stm32f4xx_rcc.o(.text)
    RCC_BackupResetCmd                       0x08000c4f   Thumb Code     8  stm32f4xx_rcc.o(.text)
    RCC_I2SCLKConfig                         0x08000c57   Thumb Code     6  stm32f4xx_rcc.o(.text)
    RCC_SAIPLLI2SClkDivConfig                0x08000c5d   Thumb Code    26  stm32f4xx_rcc.o(.text)
    RCC_SAIPLLSAIClkDivConfig                0x08000c77   Thumb Code    28  stm32f4xx_rcc.o(.text)
    RCC_SAIBlockACLKConfig                   0x08000c93   Thumb Code    20  stm32f4xx_rcc.o(.text)
    RCC_SAIBlockBCLKConfig                   0x08000ca7   Thumb Code    20  stm32f4xx_rcc.o(.text)
    RCC_LTDCCLKDivConfig                     0x08000cbb   Thumb Code    20  stm32f4xx_rcc.o(.text)
    RCC_TIMCLKPresConfig                     0x08000ccf   Thumb Code     6  stm32f4xx_rcc.o(.text)
    RCC_AHB1PeriphClockCmd                   0x08000cd5   Thumb Code    34  stm32f4xx_rcc.o(.text)
    RCC_AHB2PeriphClockCmd                   0x08000cf7   Thumb Code    78  stm32f4xx_rcc.o(.text)
    RCC_AHB3PeriphClockCmd                   0x08000d45   Thumb Code    34  stm32f4xx_rcc.o(.text)
    RCC_APB1PeriphClockCmd                   0x08000d67   Thumb Code    34  stm32f4xx_rcc.o(.text)
    RCC_APB2PeriphClockCmd                   0x08000d89   Thumb Code    34  stm32f4xx_rcc.o(.text)
    RCC_AHB1PeriphResetCmd                   0x08000dab   Thumb Code    34  stm32f4xx_rcc.o(.text)
    RCC_AHB2PeriphResetCmd                   0x08000dcd   Thumb Code    34  stm32f4xx_rcc.o(.text)
    RCC_AHB3PeriphResetCmd                   0x08000def   Thumb Code    34  stm32f4xx_rcc.o(.text)
    RCC_APB1PeriphResetCmd                   0x08000e11   Thumb Code    34  stm32f4xx_rcc.o(.text)
    RCC_APB2PeriphResetCmd                   0x08000e33   Thumb Code    34  stm32f4xx_rcc.o(.text)
    RCC_AHB1PeriphClockLPModeCmd             0x08000e55   Thumb Code    34  stm32f4xx_rcc.o(.text)
    RCC_AHB2PeriphClockLPModeCmd             0x08000e77   Thumb Code    34  stm32f4xx_rcc.o(.text)
    RCC_AHB3PeriphClockLPModeCmd             0x08000e99   Thumb Code    34  stm32f4xx_rcc.o(.text)
    RCC_APB1PeriphClockLPModeCmd             0x08000ebb   Thumb Code    34  stm32f4xx_rcc.o(.text)
    RCC_APB2PeriphClockLPModeCmd             0x08000edd   Thumb Code    34  stm32f4xx_rcc.o(.text)
    RCC_LSEModeConfig                        0x08000eff   Thumb Code    40  stm32f4xx_rcc.o(.text)
    RCC_ITConfig                             0x08000f27   Thumb Code    34  stm32f4xx_rcc.o(.text)
    RCC_ClearFlag                            0x08000f49   Thumb Code    18  stm32f4xx_rcc.o(.text)
    RCC_GetITStatus                          0x08000f5b   Thumb Code    22  stm32f4xx_rcc.o(.text)
    RCC_ClearITPendingBit                    0x08000f71   Thumb Code     8  stm32f4xx_rcc.o(.text)
    SEGGER_RTT_ReadNoLock                    0x080010c1   Thumb Code   148  segger_rtt.o(.text)
    SEGGER_RTT_Read                          0x08001155   Thumb Code    56  segger_rtt.o(.text)
    SEGGER_RTT_WriteWithOverwriteNoLock      0x0800118d   Thumb Code   168  segger_rtt.o(.text)
    SEGGER_RTT_WriteSkipNoLock               0x08001235   Thumb Code   136  segger_rtt.o(.text)
    SEGGER_RTT_WriteNoLock                   0x080012bd   Thumb Code   128  segger_rtt.o(.text)
    SEGGER_RTT_Write                         0x0800133d   Thumb Code   110  segger_rtt.o(.text)
    SEGGER_RTT_WriteString                   0x080013ab   Thumb Code    26  segger_rtt.o(.text)
    SEGGER_RTT_PutCharSkipNoLock             0x080013c5   Thumb Code    50  segger_rtt.o(.text)
    SEGGER_RTT_PutCharSkip                   0x080013f7   Thumb Code   100  segger_rtt.o(.text)
    SEGGER_RTT_PutChar                       0x0800145b   Thumb Code   114  segger_rtt.o(.text)
    SEGGER_RTT_GetKey                        0x080014cd   Thumb Code    32  segger_rtt.o(.text)
    SEGGER_RTT_WaitKey                       0x080014ed   Thumb Code    14  segger_rtt.o(.text)
    SEGGER_RTT_HasKey                        0x080014fb   Thumb Code    40  segger_rtt.o(.text)
    SEGGER_RTT_HasData                       0x08001523   Thumb Code    24  segger_rtt.o(.text)
    SEGGER_RTT_HasDataUp                     0x0800153b   Thumb Code    22  segger_rtt.o(.text)
    SEGGER_RTT_AllocDownBuffer               0x08001551   Thumb Code   194  segger_rtt.o(.text)
    SEGGER_RTT_AllocUpBuffer                 0x08001613   Thumb Code   182  segger_rtt.o(.text)
    SEGGER_RTT_ConfigUpBuffer                0x080016c9   Thumb Code   158  segger_rtt.o(.text)
    SEGGER_RTT_ConfigDownBuffer              0x08001767   Thumb Code   170  segger_rtt.o(.text)
    SEGGER_RTT_SetNameUpBuffer               0x08001811   Thumb Code    82  segger_rtt.o(.text)
    SEGGER_RTT_SetNameDownBuffer             0x08001863   Thumb Code    80  segger_rtt.o(.text)
    SEGGER_RTT_SetFlagsUpBuffer              0x080018b3   Thumb Code    84  segger_rtt.o(.text)
    SEGGER_RTT_SetFlagsDownBuffer            0x08001907   Thumb Code    82  segger_rtt.o(.text)
    SEGGER_RTT_Init                          0x08001959   Thumb Code     8  segger_rtt.o(.text)
    SEGGER_RTT_SetTerminal                   0x08001961   Thumb Code   144  segger_rtt.o(.text)
    SEGGER_RTT_TerminalOut                   0x080019f1   Thumb Code   248  segger_rtt.o(.text)
    SEGGER_RTT_vprintf                       0x08001d0b   Thumb Code   748  segger_rtt_printf.o(.text)
    SEGGER_RTT_printf                        0x08001ff7   Thumb Code    34  segger_rtt_printf.o(.text)
    vListInitialise                          0x08002019   Thumb Code    26  list.o(.text)
    vListInitialiseItem                      0x08002033   Thumb Code     6  list.o(.text)
    vListInsertEnd                           0x08002039   Thumb Code    24  list.o(.text)
    vListInsert                              0x08002051   Thumb Code    52  list.o(.text)
    uxListRemove                             0x08002085   Thumb Code    40  list.o(.text)
    xQueueGenericReset                       0x080020ad   Thumb Code   214  queue.o(.text)
    xQueueGenericCreateStatic                0x080021a9   Thumb Code   154  queue.o(.text)
    xQueueGenericGetStaticBuffers            0x08002243   Thumb Code    80  queue.o(.text)
    xQueueGenericCreate                      0x08002293   Thumb Code   108  queue.o(.text)
    xQueueGenericSend                        0x08002419   Thumb Code   426  queue.o(.text)
    xQueueCreateMutex                        0x080025e1   Thumb Code    34  queue.o(.text)
    xQueueCreateMutexStatic                  0x08002603   Thumb Code    42  queue.o(.text)
    xQueueGiveMutexRecursive                 0x0800262d   Thumb Code    72  queue.o(.text)
    xQueueSemaphoreTake                      0x080026a3   Thumb Code   398  queue.o(.text)
    xQueueTakeMutexRecursive                 0x08002831   Thumb Code    78  queue.o(.text)
    xQueueCreateCountingSemaphoreStatic      0x0800287f   Thumb Code    68  queue.o(.text)
    xQueueCreateCountingSemaphore            0x080028c3   Thumb Code    60  queue.o(.text)
    xQueueGenericSendFromISR                 0x080028ff   Thumb Code   304  queue.o(.text)
    xQueueGiveFromISR                        0x08002a2f   Thumb Code   274  queue.o(.text)
    xQueueReceive                            0x08002b6b   Thumb Code   356  queue.o(.text)
    xQueuePeek                               0x08002ccf   Thumb Code   362  queue.o(.text)
    xQueueReceiveFromISR                     0x08002e39   Thumb Code   254  queue.o(.text)
    xQueuePeekFromISR                        0x08002f37   Thumb Code   176  queue.o(.text)
    uxQueueMessagesWaiting                   0x08002fe7   Thumb Code    48  queue.o(.text)
    uxQueueSpacesAvailable                   0x08003017   Thumb Code    48  queue.o(.text)
    uxQueueMessagesWaitingFromISR            0x08003047   Thumb Code    34  queue.o(.text)
    vQueueDelete                             0x08003069   Thumb Code    44  queue.o(.text)
    uxQueueGetQueueItemSize                  0x08003095   Thumb Code     6  queue.o(.text)
    uxQueueGetQueueLength                    0x0800309b   Thumb Code     6  queue.o(.text)
    xQueueIsQueueEmptyFromISR                0x080030a1   Thumb Code    42  queue.o(.text)
    xQueueIsQueueFullFromISR                 0x080030cb   Thumb Code    46  queue.o(.text)
    vQueueWaitForMessageRestricted           0x080030f9   Thumb Code    74  queue.o(.text)
    xTaskCreateStatic                        0x080033e5   Thumb Code    64  tasks.o(.text)
    xTaskCreate                              0x08003483   Thumb Code    56  tasks.o(.text)
    vTaskDelete                              0x08003533   Thumb Code   196  tasks.o(.text)
    xTaskIncrementTick                       0x080035f7   Thumb Code   474  tasks.o(.text)
    xTaskResumeAll                           0x080037d1   Thumb Code   382  tasks.o(.text)
    vTaskSuspendAll                          0x080039e5   Thumb Code    12  tasks.o(.text)
    xTaskDelayUntil                          0x080039f1   Thumb Code   202  tasks.o(.text)
    vTaskDelay                               0x08003abb   Thumb Code    82  tasks.o(.text)
    uxTaskPriorityGet                        0x08003b0d   Thumb Code    86  tasks.o(.text)
    uxTaskPriorityGetFromISR                 0x08003b63   Thumb Code    62  tasks.o(.text)
    uxTaskBasePriorityGet                    0x08003ba1   Thumb Code    30  tasks.o(.text)
    uxTaskBasePriorityGetFromISR             0x08003bbf   Thumb Code    62  tasks.o(.text)
    vTaskPrioritySet                         0x08003bfd   Thumb Code   320  tasks.o(.text)
    vTaskSwitchContext                       0x08003d3d   Thumb Code   198  tasks.o(.text)
    vTaskSuspend                             0x08003e03   Thumb Code   190  tasks.o(.text)
    vTaskResume                              0x08003f2f   Thumb Code   238  tasks.o(.text)
    xTaskResumeFromISR                       0x0800401d   Thumb Code   226  tasks.o(.text)
    vApplicationGetIdleTaskMemory            0x080040ff   Thumb Code    14  tasks.o(.text)
    vTaskStartScheduler                      0x080041e1   Thumb Code   106  tasks.o(.text)
    vTaskEndScheduler                        0x0800424b   Thumb Code    66  tasks.o(.text)
    xTaskGetTickCount                        0x0800428d   Thumb Code     6  tasks.o(.text)
    xTaskGetTickCountFromISR                 0x08004293   Thumb Code    16  tasks.o(.text)
    uxTaskGetNumberOfTasks                   0x080042a3   Thumb Code     6  tasks.o(.text)
    pcTaskGetName                            0x080042a9   Thumb Code    44  tasks.o(.text)
    xTaskGetStaticBuffers                    0x080042d5   Thumb Code   124  tasks.o(.text)
    xTaskCatchUpTicks                        0x08004351   Thumb Code   156  tasks.o(.text)
    vTaskPlaceOnEventList                    0x080043ed   Thumb Code    52  tasks.o(.text)
    vTaskPlaceOnUnorderedEventList           0x08004421   Thumb Code   138  tasks.o(.text)
    vTaskPlaceOnEventListRestricted          0x080044ab   Thumb Code    98  tasks.o(.text)
    xTaskRemoveFromEventList                 0x0800450d   Thumb Code   282  tasks.o(.text)
    vTaskRemoveFromUnorderedEventList        0x08004627   Thumb Code   268  tasks.o(.text)
    vTaskSetTimeOutState                     0x08004733   Thumb Code    50  tasks.o(.text)
    vTaskInternalSetTimeOutState             0x08004765   Thumb Code    14  tasks.o(.text)
    xTaskCheckForTimeOut                     0x08004773   Thumb Code   168  tasks.o(.text)
    vTaskMissedYield                         0x0800481b   Thumb Code     8  tasks.o(.text)
    xTaskGetCurrentTaskHandle                0x08004823   Thumb Code     6  tasks.o(.text)
    xTaskGetCurrentTaskHandleForCore         0x08004829   Thumb Code    26  tasks.o(.text)
    xTaskGetSchedulerState                   0x08004843   Thumb Code    24  tasks.o(.text)
    xTaskPriorityInherit                     0x0800485b   Thumb Code   212  tasks.o(.text)
    xTaskPriorityDisinherit                  0x0800492f   Thumb Code   214  tasks.o(.text)
    vTaskPriorityDisinheritAfterTimeout      0x08004a05   Thumb Code   256  tasks.o(.text)
    uxTaskResetEventItemValue                0x08004b05   Thumb Code    24  tasks.o(.text)
    pvTaskIncrementMutexHeldCount            0x08004b1d   Thumb Code    14  tasks.o(.text)
    ulTaskGenericNotifyTake                  0x08004b2b   Thumb Code   196  tasks.o(.text)
    xTaskGenericNotifyWait                   0x08004bef   Thumb Code   258  tasks.o(.text)
    xTaskGenericNotify                       0x08004cf1   Thumb Code   460  tasks.o(.text)
    xTaskGenericNotifyFromISR                0x08004ebd   Thumb Code   564  tasks.o(.text)
    vTaskGenericNotifyGiveFromISR            0x080050f1   Thumb Code   386  tasks.o(.text)
    xTaskGenericNotifyStateClear             0x08005273   Thumb Code    90  tasks.o(.text)
    ulTaskGenericNotifyValueClear            0x080052cd   Thumb Code    90  tasks.o(.text)
    vApplicationGetTimerTaskMemory           0x08005327   Thumb Code    14  tasks.o(.text)
    vTaskResetState                          0x08005335   Thumb Code    68  tasks.o(.text)
    xTimerCreateTimerTask                    0x080056d3   Thumb Code   100  timers.o(.text)
    xTimerCreate                             0x0800578f   Thumb Code   106  timers.o(.text)
    xTimerCreateStatic                       0x080057f9   Thumb Code   114  timers.o(.text)
    xTimerGenericCommandFromTask             0x0800586b   Thumb Code   140  timers.o(.text)
    xTimerGenericCommandFromISR              0x080058f7   Thumb Code   116  timers.o(.text)
    xTimerGetTimerDaemonTaskHandle           0x0800596b   Thumb Code    42  timers.o(.text)
    xTimerGetPeriod                          0x08005995   Thumb Code    32  timers.o(.text)
    vTimerSetReloadMode                      0x080059b5   Thumb Code    70  timers.o(.text)
    xTimerGetReloadMode                      0x080059fb   Thumb Code    58  timers.o(.text)
    uxTimerGetReloadMode                     0x08005a35   Thumb Code    16  timers.o(.text)
    xTimerGetExpiryTime                      0x08005a45   Thumb Code    34  timers.o(.text)
    xTimerGetStaticBuffer                    0x08005a67   Thumb Code    58  timers.o(.text)
    pcTimerGetName                           0x08005aa1   Thumb Code    32  timers.o(.text)
    xTimerIsTimerActive                      0x08005ac1   Thumb Code    58  timers.o(.text)
    pvTimerGetTimerID                        0x08005afb   Thumb Code    44  timers.o(.text)
    vTimerSetTimerID                         0x08005b27   Thumb Code    44  timers.o(.text)
    vTimerResetState                         0x08005b53   Thumb Code    12  timers.o(.text)
    pvPortMalloc                             0x08005bc1   Thumb Code   474  heap_4.o(.text)
    vPortFree                                0x08005e2b   Thumb Code   202  heap_4.o(.text)
    xPortGetFreeHeapSize                     0x08005ef5   Thumb Code     6  heap_4.o(.text)
    xPortGetMinimumEverFreeHeapSize          0x08005efb   Thumb Code     6  heap_4.o(.text)
    vPortInitialiseBlocks                    0x08005f01   Thumb Code     2  heap_4.o(.text)
    pvPortCalloc                             0x08005f03   Thumb Code    54  heap_4.o(.text)
    vPortGetHeapStats                        0x08005f39   Thumb Code   138  heap_4.o(.text)
    vPortHeapResetState                      0x08005fc3   Thumb Code    24  heap_4.o(.text)
    pxPortInitialiseStack                    0x0800602d   Thumb Code    38  port.o(.text)
    vPortSetupTimerInterrupt                 0x08006053   Thumb Code    20  port.o(.text)
    xPortStartScheduler                      0x08006067   Thumb Code   330  port.o(.text)
    vPortEndScheduler                        0x080061b1   Thumb Code    42  port.o(.text)
    vPortEnterCritical                       0x080061db   Thumb Code    78  port.o(.text)
    vPortExitCritical                        0x08006229   Thumb Code    56  port.o(.text)
    SysTick_Handler                          0x08006261   Thumb Code    48  port.o(.text)
    vPortValidateInterruptPriority           0x08006291   Thumb Code   108  port.o(.text)
    strcpy                                   0x08006321   Thumb Code    72  strcpy.o(.text)
    strlen                                   0x08006369   Thumb Code    62  strlen.o(.text)
    __aeabi_memcpy                           0x080063a7   Thumb Code     0  rt_memcpy_v6.o(.text)
    __rt_memcpy                              0x080063a7   Thumb Code   138  rt_memcpy_v6.o(.text)
    _memcpy_lastbytes                        0x0800640d   Thumb Code     0  rt_memcpy_v6.o(.text)
    __aeabi_memset                           0x08006431   Thumb Code    16  aeabi_memset.o(.text)
    __aeabi_memclr                           0x08006441   Thumb Code     0  rt_memclr.o(.text)
    __rt_memclr                              0x08006441   Thumb Code    68  rt_memclr.o(.text)
    _memset                                  0x08006445   Thumb Code     0  rt_memclr.o(.text)
    __aeabi_memclr4                          0x08006485   Thumb Code     0  rt_memclr_w.o(.text)
    __aeabi_memclr8                          0x08006485   Thumb Code     0  rt_memclr_w.o(.text)
    __rt_memclr_w                            0x08006485   Thumb Code    78  rt_memclr_w.o(.text)
    _memset_w                                0x08006489   Thumb Code     0  rt_memclr_w.o(.text)
    __use_two_region_memory                  0x080064d3   Thumb Code     2  heapauxi.o(.text)
    __rt_heap_escrow$2region                 0x080064d5   Thumb Code     2  heapauxi.o(.text)
    __rt_heap_expand$2region                 0x080064d7   Thumb Code     2  heapauxi.o(.text)
    __aeabi_memcpy4                          0x080064d9   Thumb Code     0  rt_memcpy_w.o(.text)
    __aeabi_memcpy8                          0x080064d9   Thumb Code     0  rt_memcpy_w.o(.text)
    __rt_memcpy_w                            0x080064d9   Thumb Code   100  rt_memcpy_w.o(.text)
    _memcpy_lastbytes_aligned                0x08006521   Thumb Code     0  rt_memcpy_w.o(.text)
    __user_setup_stackheap                   0x0800653d   Thumb Code    74  sys_stackheap_outer.o(.text)
    exit                                     0x08006587   Thumb Code    12  exit.o(.text)
    __user_libspace                          0x08006595   Thumb Code     8  libspace.o(.text)
    __user_perproc_libspace                  0x08006595   Thumb Code     0  libspace.o(.text)
    __user_perthread_libspace                0x08006595   Thumb Code     0  libspace.o(.text)
    _sys_exit                                0x0800659d   Thumb Code     8  sys_exit.o(.text)
    __I$use$semihosting                      0x080065a9   Thumb Code     0  use_no_semi.o(.text)
    __use_no_semihosting_swi                 0x080065a9   Thumb Code     2  use_no_semi.o(.text)
    __semihosting_library_function           0x080065ab   Thumb Code     0  indicate_semi.o(.text)
    __aeabi_d2f                              0x080065ad   Thumb Code     0  d2f.o(x$fpl$d2f)
    _d2f                                     0x080065ad   Thumb Code    98  d2f.o(x$fpl$d2f)
    __fpl_dnaninf                            0x0800660f   Thumb Code   156  dnaninf.o(x$fpl$dnaninf)
    _fp_init                                 0x080066ab   Thumb Code    10  fpinit.o(x$fpl$fpinit)
    __fplib_config_fpu_vfp                   0x080066b3   Thumb Code     0  fpinit.o(x$fpl$fpinit)
    __fplib_config_pureend_doubles           0x080066b3   Thumb Code     0  fpinit.o(x$fpl$fpinit)
    __fpl_fretinf                            0x080066b5   Thumb Code    10  fretinf.o(x$fpl$fretinf)
    __I$use$fp                               0x080066be   Number         0  usenofp.o(x$fpl$usenofp)
    Region$$Table$$Base                      0x080066d0   Number         0  anon$$obj.o(Region$$Table)
    Region$$Table$$Limit                     0x080066f0   Number         0  anon$$obj.o(Region$$Table)
    JS_RTT_Channel                           0x20000000   Data           4  main.o(.data)
    SystemCoreClock                          0x20000004   Data           4  system_stm32f4xx.o(.data)
    AHBPrescTable                            0x20000008   Data          16  system_stm32f4xx.o(.data)
    pxCurrentTCB                             0x2000003c   Data           4  tasks.o(.data)
    JS_RTT_UpBuffer                          0x200000b8   Data        4096  main.o(.bss)
    _SEGGER_RTT                              0x200010b8   Data         168  segger_rtt.o(.bss)
    __libspace_start                         0x20007fc8   Data          96  libspace.o(.bss)
    __temporary_stack_top$libspace           0x20008028   Data           0  libspace.o(.bss)



==============================================================================

Memory Map of the image

  Image Entry point : 0x08000189

  Load Region LR_IROM1 (Base: 0x08000000, Size: 0x000067a8, Max: 0x00100000, ABSOLUTE)

    Execution Region ER_IROM1 (Base: 0x08000000, Size: 0x000066f0, Max: 0x00100000, ABSOLUTE)

    Base Addr    Size         Type   Attr      Idx    E Section Name        Object

    0x08000000   0x00000188   Data   RO          229    RESET               startup_stm32f40_41xxx.o
    0x08000188   0x00000008   Code   RO         1264  * !!!main             c_w.l(__main.o)
    0x08000190   0x00000034   Code   RO         1429    !!!scatter          c_w.l(__scatter.o)
    0x080001c4   0x0000001a   Code   RO         1431    !!handler_copy      c_w.l(__scatter_copy.o)
    0x080001de   0x00000002   PAD
    0x080001e0   0x0000001c   Code   RO         1433    !!handler_zi        c_w.l(__scatter_zi.o)
    0x080001fc   0x00000002   Code   RO         1300    .ARM.Collect$$libinit$$00000000  c_w.l(libinit.o)
    0x080001fe   0x00000004   Code   RO         1306    .ARM.Collect$$libinit$$00000001  c_w.l(libinit2.o)
    0x08000202   0x00000000   Code   RO         1309    .ARM.Collect$$libinit$$00000004  c_w.l(libinit2.o)
    0x08000202   0x00000000   Code   RO         1312    .ARM.Collect$$libinit$$0000000A  c_w.l(libinit2.o)
    0x08000202   0x00000000   Code   RO         1314    .ARM.Collect$$libinit$$0000000C  c_w.l(libinit2.o)
    0x08000202   0x00000000   Code   RO         1316    .ARM.Collect$$libinit$$0000000E  c_w.l(libinit2.o)
    0x08000202   0x00000000   Code   RO         1319    .ARM.Collect$$libinit$$00000011  c_w.l(libinit2.o)
    0x08000202   0x00000000   Code   RO         1321    .ARM.Collect$$libinit$$00000013  c_w.l(libinit2.o)
    0x08000202   0x00000000   Code   RO         1323    .ARM.Collect$$libinit$$00000015  c_w.l(libinit2.o)
    0x08000202   0x00000000   Code   RO         1325    .ARM.Collect$$libinit$$00000017  c_w.l(libinit2.o)
    0x08000202   0x00000000   Code   RO         1327    .ARM.Collect$$libinit$$00000019  c_w.l(libinit2.o)
    0x08000202   0x00000000   Code   RO         1329    .ARM.Collect$$libinit$$0000001B  c_w.l(libinit2.o)
    0x08000202   0x00000000   Code   RO         1331    .ARM.Collect$$libinit$$0000001D  c_w.l(libinit2.o)
    0x08000202   0x00000000   Code   RO         1333    .ARM.Collect$$libinit$$0000001F  c_w.l(libinit2.o)
    0x08000202   0x00000000   Code   RO         1335    .ARM.Collect$$libinit$$00000021  c_w.l(libinit2.o)
    0x08000202   0x00000000   Code   RO         1337    .ARM.Collect$$libinit$$00000023  c_w.l(libinit2.o)
    0x08000202   0x00000000   Code   RO         1339    .ARM.Collect$$libinit$$00000025  c_w.l(libinit2.o)
    0x08000202   0x00000000   Code   RO         1343    .ARM.Collect$$libinit$$0000002C  c_w.l(libinit2.o)
    0x08000202   0x00000000   Code   RO         1345    .ARM.Collect$$libinit$$0000002E  c_w.l(libinit2.o)
    0x08000202   0x00000000   Code   RO         1347    .ARM.Collect$$libinit$$00000030  c_w.l(libinit2.o)
    0x08000202   0x00000000   Code   RO         1349    .ARM.Collect$$libinit$$00000032  c_w.l(libinit2.o)
    0x08000202   0x00000002   Code   RO         1350    .ARM.Collect$$libinit$$00000033  c_w.l(libinit2.o)
    0x08000204   0x00000002   Code   RO         1370    .ARM.Collect$$libshutdown$$00000000  c_w.l(libshutdown.o)
    0x08000206   0x00000000   Code   RO         1384    .ARM.Collect$$libshutdown$$00000003  c_w.l(libshutdown2.o)
    0x08000206   0x00000000   Code   RO         1387    .ARM.Collect$$libshutdown$$00000006  c_w.l(libshutdown2.o)
    0x08000206   0x00000000   Code   RO         1390    .ARM.Collect$$libshutdown$$00000009  c_w.l(libshutdown2.o)
    0x08000206   0x00000000   Code   RO         1392    .ARM.Collect$$libshutdown$$0000000B  c_w.l(libshutdown2.o)
    0x08000206   0x00000000   Code   RO         1395    .ARM.Collect$$libshutdown$$0000000E  c_w.l(libshutdown2.o)
    0x08000206   0x00000002   Code   RO         1396    .ARM.Collect$$libshutdown$$0000000F  c_w.l(libshutdown2.o)
    0x08000208   0x00000000   Code   RO         1268    .ARM.Collect$$rtentry$$00000000  c_w.l(__rtentry.o)
    0x08000208   0x00000000   Code   RO         1277    .ARM.Collect$$rtentry$$00000002  c_w.l(__rtentry2.o)
    0x08000208   0x00000006   Code   RO         1289    .ARM.Collect$$rtentry$$00000004  c_w.l(__rtentry4.o)
    0x0800020e   0x00000000   Code   RO         1279    .ARM.Collect$$rtentry$$00000009  c_w.l(__rtentry2.o)
    0x0800020e   0x00000004   Code   RO         1280    .ARM.Collect$$rtentry$$0000000A  c_w.l(__rtentry2.o)
    0x08000212   0x00000000   Code   RO         1282    .ARM.Collect$$rtentry$$0000000C  c_w.l(__rtentry2.o)
    0x08000212   0x00000008   Code   RO         1283    .ARM.Collect$$rtentry$$0000000D  c_w.l(__rtentry2.o)
    0x0800021a   0x00000002   Code   RO         1304    .ARM.Collect$$rtexit$$00000000  c_w.l(rtexit.o)
    0x0800021c   0x00000000   Code   RO         1352    .ARM.Collect$$rtexit$$00000002  c_w.l(rtexit2.o)
    0x0800021c   0x00000004   Code   RO         1353    .ARM.Collect$$rtexit$$00000003  c_w.l(rtexit2.o)
    0x08000220   0x00000006   Code   RO         1354    .ARM.Collect$$rtexit$$00000004  c_w.l(rtexit2.o)
    0x08000226   0x00000002   PAD
    0x08000228   0x000000be   Code   RO         1216    .emb_text           port.o
    0x080002e6   0x00000002   PAD
    0x080002e8   0x00000140   Code   RO            3    .text               main.o
    0x08000428   0x00000014   Code   RO          180    .text               stm32f4xx_it.o
    0x0800043c   0x00000210   Code   RO          203    .text               system_stm32f4xx.o
    0x0800064c   0x00000040   Code   RO          230    .text               startup_stm32f40_41xxx.o
    0x0800068c   0x00000294   Code   RO          611    .text               stm32f4xx_gpio.o
    0x08000920   0x0000065c   Code   RO          774    .text               stm32f4xx_rcc.o
    0x08000f7c   0x00000b78   Code   RO         1003    .text               segger_rtt.o
    0x08001af4   0x00000524   Code   RO         1028    .text               segger_rtt_printf.o
    0x08002018   0x00000094   Code   RO         1086    .text               list.o
    0x080020ac   0x00001096   Code   RO         1101    .text               queue.o
    0x08003142   0x00000002   PAD
    0x08003144   0x00002274   Code   RO         1146    .text               tasks.o
    0x080053b8   0x000007b0   Code   RO         1168    .text               timers.o
    0x08005b68   0x00000488   Code   RO         1201    .text               heap_4.o
    0x08005ff0   0x00000330   Code   RO         1217    .text               port.o
    0x08006320   0x00000048   Code   RO         1248    .text               c_w.l(strcpy.o)
    0x08006368   0x0000003e   Code   RO         1250    .text               c_w.l(strlen.o)
    0x080063a6   0x0000008a   Code   RO         1252    .text               c_w.l(rt_memcpy_v6.o)
    0x08006430   0x00000010   Code   RO         1256    .text               c_w.l(aeabi_memset.o)
    0x08006440   0x00000044   Code   RO         1258    .text               c_w.l(rt_memclr.o)
    0x08006484   0x0000004e   Code   RO         1260    .text               c_w.l(rt_memclr_w.o)
    0x080064d2   0x00000006   Code   RO         1262    .text               c_w.l(heapauxi.o)
    0x080064d8   0x00000064   Code   RO         1269    .text               c_w.l(rt_memcpy_w.o)
    0x0800653c   0x0000004a   Code   RO         1291    .text               c_w.l(sys_stackheap_outer.o)
    0x08006586   0x0000000c   Code   RO         1293    .text               c_w.l(exit.o)
    0x08006592   0x00000002   PAD
    0x08006594   0x00000008   Code   RO         1301    .text               c_w.l(libspace.o)
    0x0800659c   0x0000000c   Code   RO         1362    .text               c_w.l(sys_exit.o)
    0x080065a8   0x00000002   Code   RO         1373    .text               c_w.l(use_no_semi.o)
    0x080065aa   0x00000000   Code   RO         1375    .text               c_w.l(indicate_semi.o)
    0x080065aa   0x00000002   PAD
    0x080065ac   0x00000062   Code   RO         1266    x$fpl$d2f           fz_wm.l(d2f.o)
    0x0800660e   0x0000009c   Code   RO         1271    x$fpl$dnaninf       fz_wm.l(dnaninf.o)
    0x080066aa   0x0000000a   Code   RO         1360    x$fpl$fpinit        fz_wm.l(fpinit.o)
    0x080066b4   0x0000000a   Code   RO         1273    x$fpl$fretinf       fz_wm.l(fretinf.o)
    0x080066be   0x00000000   Code   RO         1275    x$fpl$usenofp       fz_wm.l(usenofp.o)
    0x080066be   0x00000010   Data   RO         1029    .constdata          segger_rtt_printf.o
    0x080066ce   0x00000002   PAD
    0x080066d0   0x00000020   Data   RO         1427    Region$$Table       anon$$obj.o


    Execution Region RW_IRAM1 (Base: 0x20000000, Size: 0x00008628, Max: 0x00020000, ABSOLUTE)

    Base Addr    Size         Type   Attr      Idx    E Section Name        Object

    0x20000000   0x00000004   Data   RW            5    .data               main.o
    0x20000004   0x00000014   Data   RW          204    .data               system_stm32f4xx.o
    0x20000018   0x00000010   Data   RW          775    .data               stm32f4xx_rcc.o
    0x20000028   0x00000011   Data   RW         1005    .data               segger_rtt.o
    0x20000039   0x00000003   PAD
    0x2000003c   0x00000040   Data   RW         1148    .data               tasks.o
    0x2000007c   0x00000014   Data   RW         1170    .data               timers.o
    0x20000090   0x0000001c   Data   RW         1203    .data               heap_4.o
    0x200000ac   0x0000000c   Data   RW         1218    .data               port.o
    0x200000b8   0x00001000   Zero   RW            4    .bss                main.o
    0x200010b8   0x000004b8   Zero   RW         1004    .bss                segger_rtt.o
    0x20001570   0x00000570   Zero   RW         1147    .bss                tasks.o
    0x20001ae0   0x000000e8   Zero   RW         1169    .bss                timers.o
    0x20001bc8   0x00006400   Zero   RW         1202    .bss                heap_4.o
    0x20007fc8   0x00000060   Zero   RW         1302    .bss                c_w.l(libspace.o)
    0x20008028   0x00000200   Zero   RW          228    HEAP                startup_stm32f40_41xxx.o
    0x20008228   0x00000400   Zero   RW          227    STACK               startup_stm32f40_41xxx.o


==============================================================================

Image component sizes


      Code (inc. data)   RO Data    RW Data    ZI Data      Debug   Object Name

         0          0          0          0          0      44384   event_groups.o
      1160         56          0         28      25600       6075   heap_4.o
       148          0          0          0          0       2078   list.o
       320         98          0          4       4096      46634   main.o
         0          0          0          0          0     227536   misc.o
      1006         52          0         12          0       8739   port.o
      4246         16          0          0          0      22897   queue.o
      2936         58          0         17       1208      16808   segger_rtt.o
      1316         14         16          0          0       4227   segger_rtt_printf.o
        64         26        392          0       1536        860   startup_stm32f40_41xxx.o
       660         44          0          0          0       4153   stm32f4xx_gpio.o
        20          0          0          0          0        975   stm32f4xx_it.o
      1628         52          0         16          0      12972   stm32f4xx_rcc.o
       528         46          0         20          0       1867   system_stm32f4xx.o
      8820        418          0         64       1392      40921   tasks.o
      1968         72          0         20        232      60514   timers.o

    ----------------------------------------------------------------------
     24824        952        442        184      34064     501640   Object Totals
         0          0         32          0          0          0   (incl. Generated)
         4          0          2          3          0          0   (incl. Padding)

    ----------------------------------------------------------------------

      Code (inc. data)   RO Data    RW Data    ZI Data      Debug   Library Member Name

         8          0          0          0          0         68   __main.o
         0          0          0          0          0          0   __rtentry.o
        12          0          0          0          0          0   __rtentry2.o
         6          0          0          0          0          0   __rtentry4.o
        52          8          0          0          0          0   __scatter.o
        26          0          0          0          0          0   __scatter_copy.o
        28          0          0          0          0          0   __scatter_zi.o
        16          0          0          0          0         68   aeabi_memset.o
        12          0          0          0          0         72   exit.o
         6          0          0          0          0        152   heapauxi.o
         0          0          0          0          0          0   indicate_semi.o
         2          0          0          0          0          0   libinit.o
         6          0          0          0          0          0   libinit2.o
         2          0          0          0          0          0   libshutdown.o
         2          0          0          0          0          0   libshutdown2.o
         8          4          0          0         96         68   libspace.o
        68          0          0          0          0         68   rt_memclr.o
        78          0          0          0          0         80   rt_memclr_w.o
       138          0          0          0          0         68   rt_memcpy_v6.o
       100          0          0          0          0         80   rt_memcpy_w.o
         2          0          0          0          0          0   rtexit.o
        10          0          0          0          0          0   rtexit2.o
        72          0          0          0          0         80   strcpy.o
        62          0          0          0          0         76   strlen.o
        12          4          0          0          0         68   sys_exit.o
        74          0          0          0          0         80   sys_stackheap_outer.o
         2          0          0          0          0         68   use_no_semi.o
        98          4          0          0          0        140   d2f.o
       156          4          0          0          0        140   dnaninf.o
        10          0          0          0          0        116   fpinit.o
        10          0          0          0          0        116   fretinf.o
         0          0          0          0          0          0   usenofp.o

    ----------------------------------------------------------------------
      1086         24          0          0         96       1608   Library Totals
         8          0          0          0          0          0   (incl. Padding)

    ----------------------------------------------------------------------

      Code (inc. data)   RO Data    RW Data    ZI Data      Debug   Library Name

       804         16          0          0         96       1096   c_w.l
       274          8          0          0          0        512   fz_wm.l

    ----------------------------------------------------------------------
      1086         24          0          0         96       1608   Library Totals

    ----------------------------------------------------------------------

==============================================================================


      Code (inc. data)   RO Data    RW Data    ZI Data      Debug   

     25910        976        442        184      34160     499128   Grand Totals
     25910        976        442        184      34160     499128   ELF Image Totals
     25910        976        442        184          0          0   ROM Totals

==============================================================================

    Total RO  Size (Code + RO Data)                26352 (  25.73kB)
    Total RW  Size (RW Data + ZI Data)             34344 (  33.54kB)
    Total ROM Size (Code + RO Data + RW Data)      26536 (  25.91kB)

==============================================================================

