Component: ARM Compiler 5.05 update 1 (build 106) Tool: armlink [4d0efa]

==============================================================================

Section Cross References

    main.o(.text) refers to stm32f4xx_gpio.o(.text) for GPIO_ToggleBits
    main.o(.text) refers to tasks.o(.text) for vTaskDelay
    main.o(.text) refers to stm32f4xx_rcc.o(.text) for RCC_AHB1PeriphClockCmd
    system_stm32f4xx.o(.text) refers to system_stm32f4xx.o(.data) for SystemCoreClock
    startup_stm32f40_41xxx.o(STACK) refers (Special) to heapauxi.o(.text) for __use_two_region_memory
    startup_stm32f40_41xxx.o(HEAP) refers (Special) to heapauxi.o(.text) for __use_two_region_memory
    startup_stm32f40_41xxx.o(RESET) refers (Special) to heapauxi.o(.text) for __use_two_region_memory
    startup_stm32f40_41xxx.o(RESET) refers to startup_stm32f40_41xxx.o(STACK) for __initial_sp
    startup_stm32f40_41xxx.o(RESET) refers to startup_stm32f40_41xxx.o(.text) for Reset_Handler
    startup_stm32f40_41xxx.o(RESET) refers to stm32f4xx_it.o(.text) for NMI_Handler
    startup_stm32f40_41xxx.o(RESET) refers to port.o(.emb_text) for SVC_Handler
    startup_stm32f40_41xxx.o(RESET) refers to port.o(.text) for SysTick_Handler
    startup_stm32f40_41xxx.o(.text) refers (Special) to heapauxi.o(.text) for __use_two_region_memory
    startup_stm32f40_41xxx.o(.text) refers to system_stm32f4xx.o(.text) for SystemInit
    startup_stm32f40_41xxx.o(.text) refers to __main.o(!!!main) for __main
    startup_stm32f40_41xxx.o(.text) refers to startup_stm32f40_41xxx.o(HEAP) for Heap_Mem
    startup_stm32f40_41xxx.o(.text) refers to startup_stm32f40_41xxx.o(STACK) for Stack_Mem
    stm32f4xx_adc.o(.text) refers to stm32f4xx_rcc.o(.text) for RCC_APB2PeriphResetCmd
    stm32f4xx_can.o(.text) refers to stm32f4xx_rcc.o(.text) for RCC_APB1PeriphResetCmd
    stm32f4xx_cryp.o(.text) refers to stm32f4xx_rcc.o(.text) for RCC_AHB2PeriphResetCmd
    stm32f4xx_cryp_aes.o(.text) refers to stm32f4xx_cryp.o(.text) for CRYP_KeyStructInit
    stm32f4xx_cryp_des.o(.text) refers to stm32f4xx_cryp.o(.text) for CRYP_KeyStructInit
    stm32f4xx_cryp_tdes.o(.text) refers to stm32f4xx_cryp.o(.text) for CRYP_KeyStructInit
    stm32f4xx_dac.o(.text) refers to stm32f4xx_rcc.o(.text) for RCC_APB1PeriphResetCmd
    stm32f4xx_dma2d.o(.text) refers to stm32f4xx_rcc.o(.text) for RCC_AHB1PeriphResetCmd
    stm32f4xx_fsmc.o(.text) refers to stm32f4xx_fsmc.o(.constdata) for FSMC_DefaultTimingStruct
    stm32f4xx_gpio.o(.text) refers to stm32f4xx_rcc.o(.text) for RCC_AHB1PeriphResetCmd
    stm32f4xx_hash.o(.text) refers to stm32f4xx_rcc.o(.text) for RCC_AHB2PeriphResetCmd
    stm32f4xx_hash_md5.o(.text) refers to stm32f4xx_hash.o(.text) for HASH_DeInit
    stm32f4xx_hash_sha1.o(.text) refers to stm32f4xx_hash.o(.text) for HASH_DeInit
    stm32f4xx_i2c.o(.text) refers to stm32f4xx_rcc.o(.text) for RCC_APB1PeriphResetCmd
    stm32f4xx_ltdc.o(.text) refers to stm32f4xx_rcc.o(.text) for RCC_APB2PeriphResetCmd
    stm32f4xx_pwr.o(.text) refers to stm32f4xx_rcc.o(.text) for RCC_APB1PeriphResetCmd
    stm32f4xx_rcc.o(.text) refers to stm32f4xx_rcc.o(.data) for APBAHBPrescTable
    stm32f4xx_rng.o(.text) refers to stm32f4xx_rcc.o(.text) for RCC_AHB2PeriphResetCmd
    stm32f4xx_sai.o(.text) refers to stm32f4xx_rcc.o(.text) for RCC_APB2PeriphResetCmd
    stm32f4xx_sdio.o(.text) refers to stm32f4xx_rcc.o(.text) for RCC_APB2PeriphResetCmd
    stm32f4xx_spi.o(.text) refers to stm32f4xx_rcc.o(.text) for RCC_APB2PeriphResetCmd
    stm32f4xx_syscfg.o(.text) refers to stm32f4xx_rcc.o(.text) for RCC_APB2PeriphResetCmd
    stm32f4xx_tim.o(.text) refers to stm32f4xx_rcc.o(.text) for RCC_APB2PeriphResetCmd
    stm32f4xx_usart.o(.text) refers to stm32f4xx_rcc.o(.text) for RCC_APB2PeriphResetCmd
    stm32f4xx_wwdg.o(.text) refers to stm32f4xx_rcc.o(.text) for RCC_APB1PeriphResetCmd
    sys_tick.o(.text) refers to system_stm32f4xx.o(.data) for SystemCoreClock
    sys_tick.o(.text) refers to sys_tick.o(.data) for sys_tick
    segger_rtt.o(.text) refers to strcpy.o(.text) for strcpy
    segger_rtt.o(.text) refers to rt_memcpy_v6.o(.text) for __aeabi_memcpy
    segger_rtt.o(.text) refers to segger_rtt.o(.bss) for _SEGGER_RTT
    segger_rtt.o(.text) refers to segger_rtt.o(.data) for _aTerminalId
    segger_rtt.o(.text) refers to strlen.o(.text) for strlen
    segger_rtt_printf.o(.text) refers to segger_rtt.o(.text) for SEGGER_RTT_Write
    segger_rtt_printf.o(.text) refers to d2f.o(x$fpl$d2f) for __aeabi_d2f
    segger_rtt_printf.o(.text) refers to segger_rtt_printf.o(.constdata) for _aV2C
    event_groups.o(.text) refers to list.o(.text) for vListInitialise
    event_groups.o(.text) refers to heap_4.o(.text) for pvPortMalloc
    event_groups.o(.text) refers to tasks.o(.text) for vTaskSuspendAll
    event_groups.o(.text) refers to port.o(.text) for vPortEnterCritical
    queue.o(.text) refers to port.o(.text) for vPortEnterCritical
    queue.o(.text) refers to tasks.o(.text) for xTaskRemoveFromEventList
[...]
    defsig_general.o(.text) refers to sys_wrch.o(.text) for _ttywrch
    sys_wrch.o(.text) refers (Special) to use_no_semi.o(.text) for __I$use$semihosting
    sys_wrch.o(.text) refers (Special) to indicate_semi.o(.text) for __semihosting_library_function
    defsig.o(CL$$defsig) refers to defsig_rtmem_inner.o(.text) for __rt_SIGRTMEM_inner
    defsig_abrt_inner.o(.text) refers to defsig_general.o(.text) for __default_signal_display
    defsig_fpe_inner.o(.text) refers to defsig_general.o(.text) for __default_signal_display
    defsig_rtred_inner.o(.text) refers to defsig_general.o(.text) for __default_signal_display
    defsig_stak_inner.o(.text) refers to defsig_general.o(.text) for __default_signal_display
    defsig_pvfn_inner.o(.text) refers to defsig_general.o(.text) for __default_signal_display
    defsig_cppl_inner.o(.text) refers to defsig_general.o(.text) for __default_signal_display
    defsig_segv_inner.o(.text) refers to defsig_general.o(.text) for __default_signal_display
    defsig_other.o(.text) refers to defsig_general.o(.text) for __default_signal_display


==============================================================================

Removing Unused input sections from the image.

    Removing main.o(.rev16_text), (4 bytes).
    Removing main.o(.revsh_text), (4 bytes).
    Removing stm32f4xx_it.o(.rev16_text), (4 bytes).
    Removing stm32f4xx_it.o(.revsh_text), (4 bytes).
    Removing system_stm32f4xx.o(.rev16_text), (4 bytes).
    Removing system_stm32f4xx.o(.revsh_text), (4 bytes).
    Removing misc.o(.rev16_text), (4 bytes).
    Removing misc.o(.revsh_text), (4 bytes).
    Removing misc.o(.text), (224 bytes).
    Removing stm32f4xx_adc.o(.rev16_text), (4 bytes).
    Removing stm32f4xx_adc.o(.revsh_text), (4 bytes).
    Removing stm32f4xx_adc.o(.text), (1124 bytes).
    Removing stm32f4xx_can.o(.rev16_text), (4 bytes).
    Removing stm32f4xx_can.o(.revsh_text), (4 bytes).
    Removing stm32f4xx_can.o(.text), (2544 bytes).
    Removing stm32f4xx_crc.o(.rev16_text), (4 bytes).
    Removing stm32f4xx_crc.o(.revsh_text), (4 bytes).
    Removing stm32f4xx_crc.o(.text), (72 bytes).
    Removing stm32f4xx_cryp.o(.rev16_text), (4 bytes).
    Removing stm32f4xx_cryp.o(.revsh_text), (4 bytes).
    Removing stm32f4xx_cryp.o(.text), (856 bytes).
    Removing stm32f4xx_cryp_aes.o(.rev16_text), (4 bytes).
    Removing stm32f4xx_cryp_aes.o(.revsh_text), (4 bytes).
    Removing stm32f4xx_cryp_aes.o(.text), (4586 bytes).
    Removing stm32f4xx_cryp_des.o(.rev16_text), (4 bytes).
    Removing stm32f4xx_cryp_des.o(.revsh_text), (4 bytes).
    Removing stm32f4xx_cryp_des.o(.text), (472 bytes).
    Removing stm32f4xx_cryp_tdes.o(.rev16_text), (4 bytes).
    Removing stm32f4xx_cryp_tdes.o(.revsh_text), (4 bytes).
    Removing stm32f4xx_cryp_tdes.o(.text), (536 bytes).
    Removing stm32f4xx_dac.o(.rev16_text), (4 bytes).
    Removing stm32f4xx_dac.o(.revsh_text), (4 bytes).
    Removing stm32f4xx_dac.o(.text), (528 bytes).
    Removing stm32f4xx_dbgmcu.o(.rev16_text), (4 bytes).
    Removing stm32f4xx_dbgmcu.o(.revsh_text), (4 bytes).
    Removing stm32f4xx_dbgmcu.o(.text), (100 bytes).
    Removing stm32f4xx_dcmi.o(.rev16_text), (4 bytes).
    Removing stm32f4xx_dcmi.o(.revsh_text), (4 bytes).
    Removing stm32f4xx_dcmi.o(.text), (396 bytes).
    Removing stm32f4xx_dma2d.o(.rev16_text), (4 bytes).
    Removing stm32f4xx_dma2d.o(.revsh_text), (4 bytes).
    Removing stm32f4xx_dma2d.o(.text), (948 bytes).
    Removing stm32f4xx_dma.o(.rev16_text), (4 bytes).
    Removing stm32f4xx_dma.o(.revsh_text), (4 bytes).
    Removing stm32f4xx_dma.o(.text), (936 bytes).
    Removing stm32f4xx_exti.o(.rev16_text), (4 bytes).
    Removing stm32f4xx_exti.o(.revsh_text), (4 bytes).
    Removing stm32f4xx_exti.o(.text), (272 bytes).
    Removing stm32f4xx_flash.o(.rev16_text), (4 bytes).
    Removing stm32f4xx_flash.o(.revsh_text), (4 bytes).
    Removing stm32f4xx_flash.o(.text), (1684 bytes).
    Removing stm32f4xx_flash_ramfunc.o(.rev16_text), (4 bytes).
    Removing stm32f4xx_flash_ramfunc.o(.revsh_text), (4 bytes).
    Removing stm32f4xx_flash_ramfunc.o(.text), (64 bytes).
    Removing stm32f4xx_fsmc.o(.rev16_text), (4 bytes).
    Removing stm32f4xx_fsmc.o(.revsh_text), (4 bytes).
    Removing stm32f4xx_fsmc.o(.text), (1480 bytes).
    Removing stm32f4xx_fsmc.o(.constdata), (28 bytes).
    Removing stm32f4xx_gpio.o(.rev16_text), (4 bytes).
    Removing stm32f4xx_gpio.o(.revsh_text), (4 bytes).
    Removing stm32f4xx_hash.o(.rev16_text), (4 bytes).
    Removing stm32f4xx_hash.o(.revsh_text), (4 bytes).
    Removing stm32f4xx_hash.o(.text), (552 bytes).
    Removing stm32f4xx_hash_md5.o(.rev16_text), (4 bytes).
    Removing stm32f4xx_hash_md5.o(.revsh_text), (4 bytes).
    Removing stm32f4xx_hash_md5.o(.text), (534 bytes).
    Removing stm32f4xx_hash_sha1.o(.rev16_text), (4 bytes).
    Removing stm32f4xx_hash_sha1.o(.revsh_text), (4 bytes).
    Removing stm32f4xx_hash_sha1.o(.text), (548 bytes).
    Removing stm32f4xx_i2c.o(.rev16_text), (4 bytes).
    Removing stm32f4xx_i2c.o(.revsh_text), (4 bytes).
    Removing stm32f4xx_i2c.o(.text), (1110 bytes).
    Removing stm32f4xx_iwdg.o(.rev16_text), (4 bytes).
    Removing stm32f4xx_iwdg.o(.revsh_text), (4 bytes).
    Removing stm32f4xx_iwdg.o(.text), (64 bytes).
    Removing stm32f4xx_ltdc.o(.rev16_text), (4 bytes).
    Removing stm32f4xx_ltdc.o(.revsh_text), (4 bytes).
    Removing stm32f4xx_ltdc.o(.text), (1672 bytes).
    Removing stm32f4xx_pwr.o(.rev16_text), (4 bytes).
    Removing stm32f4xx_pwr.o(.revsh_text), (4 bytes).
    Removing stm32f4xx_pwr.o(.text), (364 bytes).
    Removing stm32f4xx_rcc.o(.rev16_text), (4 bytes).
    Removing stm32f4xx_rcc.o(.revsh_text), (4 bytes).
    Removing stm32f4xx_rng.o(.rev16_text), (4 bytes).
    Removing stm32f4xx_rng.o(.revsh_text), (4 bytes).
    Removing stm32f4xx_rng.o(.text), (160 bytes).
    Removing stm32f4xx_rtc.o(.rev16_text), (4 bytes).
    Removing stm32f4xx_rtc.o(.revsh_text), (4 bytes).
    Removing stm32f4xx_rtc.o(.text), (3432 bytes).
    Removing stm32f4xx_sai.o(.rev16_text), (4 bytes).
    Removing stm32f4xx_sai.o(.revsh_text), (4 bytes).
    Removing stm32f4xx_sai.o(.text), (524 bytes).
    Removing stm32f4xx_sdio.o(.rev16_text), (4 bytes).
    Removing stm32f4xx_sdio.o(.revsh_text), (4 bytes).
    Removing stm32f4xx_sdio.o(.text), (476 bytes).
    Removing stm32f4xx_spi.o(.rev16_text), (4 bytes).
    Removing stm32f4xx_spi.o(.revsh_text), (4 bytes).
    Removing stm32f4xx_spi.o(.text), (1152 bytes).
    Removing stm32f4xx_syscfg.o(.rev16_text), (4 bytes).
    Removing stm32f4xx_syscfg.o(.revsh_text), (4 bytes).
    Removing stm32f4xx_syscfg.o(.text), (148 bytes).
    Removing stm32f4xx_tim.o(.rev16_text), (4 bytes).
    Removing stm32f4xx_tim.o(.revsh_text), (4 bytes).
    Removing stm32f4xx_tim.o(.text), (3234 bytes).
    Removing stm32f4xx_usart.o(.rev16_text), (4 bytes).
    Removing stm32f4xx_usart.o(.revsh_text), (4 bytes).
    Removing stm32f4xx_usart.o(.text), (1108 bytes).
    Removing stm32f4xx_wwdg.o(.rev16_text), (4 bytes).
    Removing stm32f4xx_wwdg.o(.revsh_text), (4 bytes).
    Removing stm32f4xx_wwdg.o(.text), (144 bytes).
    Removing sys_tick.o(.rev16_text), (4 bytes).
    Removing sys_tick.o(.revsh_text), (4 bytes).
    Removing sys_tick.o(.text), (168 bytes).
    Removing sys_tick.o(.data), (4 bytes).
    Removing segger_rtt.o(.text), (2936 bytes).
    Removing segger_rtt.o(.bss), (1208 bytes).
    Removing segger_rtt.o(.data), (17 bytes).
    Removing segger_rtt_printf.o(.text), (1316 bytes).
    Removing segger_rtt_printf.o(.constdata), (16 bytes).
    Removing event_groups.o(.text), (1316 bytes).
    Removing stream_buffer.o(.text), (3288 bytes).

121 unused section(s) (total 42653 bytes) removed from the image.

==============================================================================

Image Symbol Table

    Local Symbols

    Symbol Name                              Value     Ov Type        Size  Object(Section)

    ../clib/angel/boardlib.s                 0x00000000   Number         0  boardshut.o ABSOLUTE
    ../clib/angel/boardlib.s                 0x00000000   Number         0  boardinit2.o ABSOLUTE
    ../clib/angel/boardlib.s                 0x00000000   Number         0  boardinit1.o ABSOLUTE
    ../clib/angel/boardlib.s                 0x00000000   Number         0  boardinit3.o ABSOLUTE
    ../clib/angel/handlers.s                 0x00000000   Number         0  __scatter_zi.o ABSOLUTE
    ../clib/angel/handlers.s                 0x00000000   Number         0  __scatter_copy.o ABSOLUTE
    ../clib/angel/kernel.s                   0x00000000   Number         0  __rtentry4.o ABSOLUTE
    ../clib/angel/kernel.s                   0x00000000   Number         0  __rtentry2.o ABSOLUTE
    ../clib/angel/kernel.s                   0x00000000   Number         0  rtexit.o ABSOLUTE
    ../clib/angel/kernel.s                   0x00000000   Number         0  rtexit2.o ABSOLUTE
    ../clib/angel/kernel.s                   0x00000000   Number         0  __rtentry.o ABSOLUTE
    ../clib/angel/rt.s                       0x00000000   Number         0  rt_raise.o ABSOLUTE
    ../clib/angel/scatter.s                  0x00000000   Number         0  __scatter.o ABSOLUTE
    ../clib/angel/startup.s                  0x00000000   Number         0  __main.o ABSOLUTE
    ../clib/angel/sys.s                      0x00000000   Number         0  libspace.o ABSOLUTE
    ../clib/angel/sys.s                      0x00000000   Number         0  sys_stackheap_outer.o ABSOLUTE
    ../clib/angel/sys.s                      0x00000000   Number         0  use_no_semi.o ABSOLUTE
    ../clib/angel/sys.s                      0x00000000   Number         0  indicate_semi.o ABSOLUTE
    ../clib/angel/sysapp.c                   0x00000000   Number         0  sys_exit.o ABSOLUTE
    ../clib/angel/sysapp.c                   0x00000000   Number         0  sys_wrch.o ABSOLUTE
    ../clib/angel/sysapp.c                   0x00000000   Number         0  sys_command.o ABSOLUTE
    ../clib/armsys.c                         0x00000000   Number         0  no_argv.o ABSOLUTE
    ../clib/armsys.c                         0x00000000   Number         0  argv_veneer.o ABSOLUTE
    ../clib/armsys.c                         0x00000000   Number         0  argv_veneer.o ABSOLUTE
    ../clib/armsys.c                         0x00000000   Number         0  _get_argv_nomalloc.o ABSOLUTE
    ../clib/heapalloc.c                      0x00000000   Number         0  hrguard.o ABSOLUTE
    ../clib/heapaux.c                        0x00000000   Number         0  heapauxi.o ABSOLUTE
    ../clib/libinit.s                        0x00000000   Number         0  libinit2.o ABSOLUTE
    ../clib/libinit.s                        0x00000000   Number         0  libinit.o ABSOLUTE
    ../clib/libinit.s                        0x00000000   Number         0  libshutdown2.o ABSOLUTE
    ../clib/libinit.s                        0x00000000   Number         0  libshutdown.o ABSOLUTE
    ../clib/memcpset.s                       0x00000000   Number         0  memset.o ABSOLUTE
    ../clib/memcpset.s                       0x00000000   Number         0  rt_memcpy_w.o ABSOLUTE
    ../clib/memcpset.s                       0x00000000   Number         0  rt_memclr_w.o ABSOLUTE
    ../clib/memcpset.s                       0x00000000   Number         0  rt_memclr.o ABSOLUTE
    ../clib/memcpset.s                       0x00000000   Number         0  rt_memcpy_v6.o ABSOLUTE
    ../clib/memcpset.s                       0x00000000   Number         0  aeabi_memset.o ABSOLUTE
    ../clib/signal.c                         0x00000000   Number         0  defsig_rtmem_formal.o ABSOLUTE
    ../clib/signal.c                         0x00000000   Number         0  defsig_exit.o ABSOLUTE
    ../clib/signal.c                         0x00000000   Number         0  defsig_rtmem_inner.o ABSOLUTE
    ../clib/signal.c                         0x00000000   Number         0  __raise.o ABSOLUTE
    ../clib/signal.c                         0x00000000   Number         0  defsig_general.o ABSOLUTE
    ../clib/signal.c                         0x00000000   Number         0  defsig_abrt_inner.o ABSOLUTE
    ../clib/signal.c                         0x00000000   Number         0  defsig_fpe_inner.o ABSOLUTE
    ../clib/signal.c                         0x00000000   Number         0  defsig_rtred_inner.o ABSOLUTE
    ../clib/signal.c                         0x00000000   Number         0  defsig_stak_inner.o ABSOLUTE
    ../clib/signal.c                         0x00000000   Number         0  defsig_cppl_inner.o ABSOLUTE
    ../clib/signal.c                         0x00000000   Number         0  defsig_segv_inner.o ABSOLUTE
    ../clib/signal.c                         0x00000000   Number         0  defsig_other.o ABSOLUTE
    ../clib/signal.c                         0x00000000   Number         0  defsig_rtmem_outer.o ABSOLUTE
    ../clib/signal.c                         0x00000000   Number         0  defsig_pvfn_inner.o ABSOLUTE
    ../clib/signal.s                         0x00000000   Number         0  defsig.o ABSOLUTE
    ../clib/stdlib.c                         0x00000000   Number         0  exit.o ABSOLUTE
    ../clib/string.c                         0x00000000   Number         0  strcpy.o ABSOLUTE
    ../clib/string.c                         0x00000000   Number         0  strlen.o ABSOLUTE
    ../fplib/d2f.s                           0x00000000   Number         0  d2f.o ABSOLUTE
    ../fplib/dnaninf.s                       0x00000000   Number         0  dnaninf.o ABSOLUTE
    ../fplib/fpinit.s                        0x00000000   Number         0  fpinit.o ABSOLUTE
    ../fplib/fretinf.s                       0x00000000   Number         0  fretinf.o ABSOLUTE
    ../fplib/usenofp.s                       0x00000000   Number         0  usenofp.o ABSOLUTE
    ..\CORE\startup_stm32f40_41xxx.s         0x00000000   Number         0  startup_stm32f40_41xxx.o ABSOLUTE
    ..\FWLIB\src\misc.c                      0x00000000   Number         0  misc.o ABSOLUTE
    ..\FWLIB\src\stm32f4xx_adc.c             0x00000000   Number         0  stm32f4xx_adc.o ABSOLUTE
    ..\FWLIB\src\stm32f4xx_can.c             0x00000000   Number         0  stm32f4xx_can.o ABSOLUTE
    ..\FWLIB\src\stm32f4xx_crc.c             0x00000000   Number         0  stm32f4xx_crc.o ABSOLUTE
    ..\FWLIB\src\stm32f4xx_cryp.c            0x00000000   Number         0  stm32f4xx_cryp.o ABSOLUTE
    ..\FWLIB\src\stm32f4xx_cryp_aes.c        0x00000000   Number         0  stm32f4xx_cryp_aes.o ABSOLUTE
    ..\FWLIB\src\stm32f4xx_cryp_des.c        0x00000000   Number         0  stm32f4xx_cryp_des.o ABSOLUTE
    ..\FWLIB\src\stm32f4xx_cryp_tdes.c       0x00000000   Number         0  stm32f4xx_cryp_tdes.o ABSOLUTE
    ..\FWLIB\src\stm32f4xx_dac.c             0x00000000   Number         0  stm32f4xx_dac.o ABSOLUTE
    ..\FWLIB\src\stm32f4xx_dbgmcu.c          0x00000000   Number         0  stm32f4xx_dbgmcu.o ABSOLUTE
    ..\FWLIB\src\stm32f4xx_dcmi.c            0x00000000   Number         0  stm32f4xx_dcmi.o ABSOLUTE
    ..\FWLIB\src\stm32f4xx_dma.c             0x00000000   Number         0  stm32f4xx_dma.o ABSOLUTE
    ..\FWLIB\src\stm32f4xx_dma2d.c           0x00000000   Number         0  stm32f4xx_dma2d.o ABSOLUTE
    ..\FWLIB\src\stm32f4xx_exti.c            0x00000000   Number         0  stm32f4xx_exti.o ABSOLUTE
    ..\FWLIB\src\stm32f4xx_flash.c           0x00000000   Number         0  stm32f4xx_flash.o ABSOLUTE
    ..\FWLIB\src\stm32f4xx_flash_ramfunc.c   0x00000000   Number         0  stm32f4xx_flash_ramfunc.o ABSOLUTE
    ..\FWLIB\src\stm32f4xx_fsmc.c            0x00000000   Number         0  stm32f4xx_fsmc.o ABSOLUTE
    ..\FWLIB\src\stm32f4xx_gpio.c            0x00000000   Number         0  stm32f4xx_gpio.o ABSOLUTE
    ..\FWLIB\src\stm32f4xx_hash.c            0x00000000   Number         0  stm32f4xx_hash.o ABSOLUTE
    ..\FWLIB\src\stm32f4xx_hash_md5.c        0x00000000   Number         0  stm32f4xx_hash_md5.o ABSOLUTE
    ..\FWLIB\src\stm32f4xx_hash_sha1.c       0x00000000   Number         0  stm32f4xx_hash_sha1.o ABSOLUTE
    ..\FWLIB\src\stm32f4xx_i2c.c             0x00000000   Number         0  stm32f4xx_i2c.o ABSOLUTE
    ..\FWLIB\src\stm32f4xx_iwdg.c            0x00000000   Number         0  stm32f4xx_iwdg.o ABSOLUTE
    ..\FWLIB\src\stm32f4xx_ltdc.c            0x00000000   Number         0  stm32f4xx_ltdc.o ABSOLUTE
    ..\FWLIB\src\stm32f4xx_pwr.c             0x00000000   Number         0  stm32f4xx_pwr.o ABSOLUTE
    ..\FWLIB\src\stm32f4xx_rcc.c             0x00000000   Number         0  stm32f4xx_rcc.o ABSOLUTE
    ..\FWLIB\src\stm32f4xx_rng.c             0x00000000   Number         0  stm32f4xx_rng.o ABSOLUTE
    ..\FWLIB\src\stm32f4xx_rtc.c             0x00000000   Number         0  stm32f4xx_rtc.o ABSOLUTE
    ..\FWLIB\src\stm32f4xx_sai.c             0x00000000   Number         0  stm32f4xx_sai.o ABSOLUTE
    ..\FWLIB\src\stm32f4xx_sdio.c            0x00000000   Number         0  stm32f4xx_sdio.o ABSOLUTE
    ..\FWLIB\src\stm32f4xx_spi.c             0x00000000   Number         0  stm32f4xx_spi.o ABSOLUTE
    ..\FWLIB\src\stm32f4xx_syscfg.c          0x00000000   Number         0  stm32f4xx_syscfg.o ABSOLUTE
    ..\FWLIB\src\stm32f4xx_tim.c             0x00000000   Number         0  stm32f4xx_tim.o ABSOLUTE
    ..\FWLIB\src\stm32f4xx_usart.c           0x00000000   Number         0  stm32f4xx_usart.o ABSOLUTE
    ..\FWLIB\src\stm32f4xx_wwdg.c            0x00000000   Number         0  stm32f4xx_wwdg.o ABSOLUTE
    ..\FreeRTOS\PORT\heap_4.c                0x00000000   Number         0  heap_4.o ABSOLUTE
    ..\FreeRTOS\PORT\port.c                  0x00000000   Number         0  port.o ABSOLUTE
    ..\FreeRTOS\SRC\croutine.c               0x00000000   Number         0  croutine.o ABSOLUTE
    ..\FreeRTOS\SRC\event_groups.c           0x00000000   Number         0  event_groups.o ABSOLUTE
    ..\FreeRTOS\SRC\list.c                   0x00000000   Number         0  list.o ABSOLUTE
    ..\FreeRTOS\SRC\queue.c                  0x00000000   Number         0  queue.o ABSOLUTE
    ..\FreeRTOS\SRC\stream_buffer.c          0x00000000   Number         0  stream_buffer.o ABSOLUTE
    ..\FreeRTOS\SRC\tasks.c                  0x00000000   Number         0  tasks.o ABSOLUTE
    ..\FreeRTOS\SRC\timers.c                 0x00000000   Number         0  timers.o ABSOLUTE
    ..\RTT\SRC\SEGGER_RTT.c                  0x00000000   Number         0  segger_rtt.o ABSOLUTE
    ..\RTT\SRC\SEGGER_RTT_printf.c           0x00000000   Number         0  segger_rtt_printf.o ABSOLUTE
    ..\SYSTEM\sys_tick\sys_tick.c            0x00000000   Number         0  sys_tick.o ABSOLUTE
    ..\\FWLIB\\src\\misc.c                   0x00000000   Number         0  misc.o ABSOLUTE
    ..\\FWLIB\\src\\stm32f4xx_adc.c          0x00000000   Number         0  stm32f4xx_adc.o ABSOLUTE
    ..\\FWLIB\\src\\stm32f4xx_can.c          0x00000000   Number         0  stm32f4xx_can.o ABSOLUTE
    ..\\FWLIB\\src\\stm32f4xx_crc.c          0x00000000   Number         0  stm32f4xx_crc.o ABSOLUTE
    ..\\FWLIB\\src\\stm32f4xx_cryp.c         0x00000000   Number         0  stm32f4xx_cryp.o ABSOLUTE
    ..\\FWLIB\\src\\stm32f4xx_cryp_aes.c     0x00000000   Number         0  stm32f4xx_cryp_aes.o ABSOLUTE
    ..\\FWLIB\\src\\stm32f4xx_cryp_des.c     0x00000000   Number         0  stm32f4xx_cryp_des.o ABSOLUTE
    ..\\FWLIB\\src\\stm32f4xx_cryp_tdes.c    0x00000000   Number         0  stm32f4xx_cryp_tdes.o ABSOLUTE
    ..\\FWLIB\\src\\stm32f4xx_dac.c          0x00000000   Number         0  stm32f4xx_dac.o ABSOLUTE
    ..\\FWLIB\\src\\stm32f4xx_dbgmcu.c       0x00000000   Number         0  stm32f4xx_dbgmcu.o ABSOLUTE
    ..\\FWLIB\\src\\stm32f4xx_dcmi.c         0x00000000   Number         0  stm32f4xx_dcmi.o ABSOLUTE
    ..\\FWLIB\\src\\stm32f4xx_dma.c          0x00000000   Number         0  stm32f4xx_dma.o ABSOLUTE
    ..\\FWLIB\\src\\stm32f4xx_dma2d.c        0x00000000   Number         0  stm32f4xx_dma2d.o ABSOLUTE
    ..\\FWLIB\\src\\stm32f4xx_exti.c         0x00000000   Number         0  stm32f4xx_exti.o ABSOLUTE
    ..\\FWLIB\\src\\stm32f4xx_flash.c        0x00000000   Number         0  stm32f4xx_flash.o ABSOLUTE
    ..\\FWLIB\\src\\stm32f4xx_flash_ramfunc.c 0x00000000   Number         0  stm32f4xx_flash_ramfunc.o ABSOLUTE
    ..\\FWLIB\\src\\stm32f4xx_fsmc.c         0x00000000   Number         0  stm32f4xx_fsmc.o ABSOLUTE
    ..\\FWLIB\\src\\stm32f4xx_gpio.c         0x00000000   Number         0  stm32f4xx_gpio.o ABSOLUTE
    ..\\FWLIB\\src\\stm32f4xx_hash.c         0x00000000   Number         0  stm32f4xx_hash.o ABSOLUTE
    ..\\FWLIB\\src\\stm32f4xx_hash_md5.c     0x00000000   Number         0  stm32f4xx_hash_md5.o ABSOLUTE
    ..\\FWLIB\\src\\stm32f4xx_hash_sha1.c    0x00000000   Number         0  stm32f4xx_hash_sha1.o ABSOLUTE
    ..\\FWLIB\\src\\stm32f4xx_i2c.c          0x00000000   Number         0  stm32f4xx_i2c.o ABSOLUTE
    ..\\FWLIB\\src\\stm32f4xx_iwdg.c         0x00000000   Number         0  stm32f4xx_iwdg.o ABSOLUTE
    ..\\FWLIB\\src\\stm32f4xx_ltdc.c         0x00000000   Number         0  stm32f4xx_ltdc.o ABSOLUTE
    ..\\FWLIB\\src\\stm32f4xx_pwr.c          0x00000000   Number         0  stm32f4xx_pwr.o ABSOLUTE
    ..\\FWLIB\\src\\stm32f4xx_rcc.c          0x00000000   Number         0  stm32f4xx_rcc.o ABSOLUTE
    ..\\FWLIB\\src\\stm32f4xx_rng.c          0x00000000   Number         0  stm32f4xx_rng.o ABSOLUTE
    ..\\FWLIB\\src\\stm32f4xx_rtc.c          0x00000000   Number         0  stm32f4xx_rtc.o ABSOLUTE
    ..\\FWLIB\\src\\stm32f4xx_sai.c          0x00000000   Number         0  stm32f4xx_sai.o ABSOLUTE
    ..\\FWLIB\\src\\stm32f4xx_sdio.c         0x00000000   Number         0  stm32f4xx_sdio.o ABSOLUTE
    ..\\FWLIB\\src\\stm32f4xx_spi.c          0x00000000   Number         0  stm32f4xx_spi.o ABSOLUTE
    ..\\FWLIB\\src\\stm32f4xx_syscfg.c       0x00000000   Number         0  stm32f4xx_syscfg.o ABSOLUTE
    ..\\FWLIB\\src\\stm32f4xx_tim.c          0x00000000   Number         0  stm32f4xx_tim.o ABSOLUTE
    ..\\FWLIB\\src\\stm32f4xx_usart.c        0x00000000   Number         0  stm32f4xx_usart.o ABSOLUTE
    ..\\FWLIB\\src\\stm32f4xx_wwdg.c         0x00000000   Number         0  stm32f4xx_wwdg.o ABSOLUTE
    ..\\FreeRTOS\\PORT\\port.c               0x00000000   Number         0  port.o ABSOLUTE
    ..\\SYSTEM\\sys_tick\\sys_tick.c         0x00000000   Number         0  sys_tick.o ABSOLUTE
    dc.s                                     0x00000000   Number         0  dc.o ABSOLUTE
    main.c                                   0x00000000   Number         0  main.o ABSOLUTE
    main.c                                   0x00000000   Number         0  main.o ABSOLUTE
    stm32f4xx_it.c                           0x00000000   Number         0  stm32f4xx_it.o ABSOLUTE
    stm32f4xx_it.c                           0x00000000   Number         0  stm32f4xx_it.o ABSOLUTE
    system_stm32f4xx.c                       0x00000000   Number         0  system_stm32f4xx.o ABSOLUTE
    system_stm32f4xx.c                       0x00000000   Number         0  system_stm32f4xx.o ABSOLUTE
    RESET                                    0x08000000   Section      392  startup_stm32f40_41xxx.o(RESET)
    !!!main                                  0x08000188   Section        8  __main.o(!!!main)
    !!!scatter                               0x08000190   Section       52  __scatter.o(!!!scatter)
    !!handler_copy                           0x080001c4   Section       26  __scatter_copy.o(!!handler_copy)
    !!handler_zi                             0x080001e0   Section       28  __scatter_zi.o(!!handler_zi)
    .ARM.Collect$$libinit$$00000000          0x080001fc   Section        2  libinit.o(.ARM.Collect$$libinit$$00000000)
    .ARM.Collect$$libinit$$00000001          0x080001fe   Section        4  libinit2.o(.ARM.Collect$$libinit$$00000001)
    .ARM.Collect$$libinit$$00000004          0x08000202   Section        0  libinit2.o(.ARM.Collect$$libinit$$00000004)
    .ARM.Collect$$libinit$$0000000A          0x08000202   Section        0  libinit2.o(.ARM.Collect$$libinit$$0000000A)
    .ARM.Collect$$libinit$$0000000C          0x08000202   Section        0  libinit2.o(.ARM.Collect$$libinit$$0000000C)
    .ARM.Collect$$libinit$$0000000E          0x08000202   Section        0  libinit2.o(.ARM.Collect$$libinit$$0000000E)
    .ARM.Collect$$libinit$$00000011          0x08000202   Section        0  libinit2.o(.ARM.Collect$$libinit$$00000011)
    .ARM.Collect$$libinit$$00000013          0x08000202   Section        0  libinit2.o(.ARM.Collect$$libinit$$00000013)
    .ARM.Collect$$libinit$$00000015          0x08000202   Section        0  libinit2.o(.ARM.Collect$$libinit$$00000015)
    .ARM.Collect$$libinit$$00000017          0x08000202   Section        0  libinit2.o(.ARM.Collect$$libinit$$00000017)
    .ARM.Collect$$libinit$$00000019          0x08000202   Section        0  libinit2.o(.ARM.Collect$$libinit$$00000019)
    .ARM.Collect$$libinit$$0000001B          0x08000202   Section        0  libinit2.o(.ARM.Collect$$libinit$$0000001B)
    .ARM.Collect$$libinit$$0000001D          0x08000202   Section        0  libinit2.o(.ARM.Collect$$libinit$$0000001D)
    .ARM.Collect$$libinit$$0000001F          0x08000202   Section        0  libinit2.o(.ARM.Collect$$libinit$$0000001F)
    .ARM.Collect$$libinit$$00000021          0x08000202   Section        0  libinit2.o(.ARM.Collect$$libinit$$00000021)
    .ARM.Collect$$libinit$$00000023          0x08000202   Section        0  libinit2.o(.ARM.Collect$$libinit$$00000023)
    .ARM.Collect$$libinit$$00000025          0x08000202   Section        0  libinit2.o(.ARM.Collect$$libinit$$00000025)
    .ARM.Collect$$libinit$$0000002C          0x08000202   Section        0  libinit2.o(.ARM.Collect$$libinit$$0000002C)
    .ARM.Collect$$libinit$$0000002E          0x08000202   Section        0  libinit2.o(.ARM.Collect$$libinit$$0000002E)
    .ARM.Collect$$libinit$$00000030          0x08000202   Section        0  libinit2.o(.ARM.Collect$$libinit$$00000030)
    .ARM.Collect$$libinit$$00000032          0x08000202   Section        0  libinit2.o(.ARM.Collect$$libinit$$00000032)
    .ARM.Collect$$libinit$$00000033          0x08000202   Section        2  libinit2.o(.ARM.Collect$$libinit$$00000033)
    .ARM.Collect$$libshutdown$$00000000      0x08000204   Section        2  libshutdown.o(.ARM.Collect$$libshutdown$$00000000)
    .ARM.Collect$$libshutdown$$00000003      0x08000206   Section        0  libshutdown2.o(.ARM.Collect$$libshutdown$$00000003)
    .ARM.Collect$$libshutdown$$00000006      0x08000206   Section        0  libshutdown2.o(.ARM.Collect$$libshutdown$$00000006)
    .ARM.Collect$$libshutdown$$00000009      0x08000206   Section        0  libshutdown2.o(.ARM.Collect$$libshutdown$$00000009)
    .ARM.Collect$$libshutdown$$0000000B      0x08000206   Section        0  libshutdown2.o(.ARM.Collect$$libshutdown$$0000000B)
    .ARM.Collect$$libshutdown$$0000000E      0x08000206   Section        0  libshutdown2.o(.ARM.Collect$$libshutdown$$0000000E)
    .ARM.Collect$$libshutdown$$0000000F      0x08000206   Section        2  libshutdown2.o(.ARM.Collect$$libshutdown$$0000000F)
    .ARM.Collect$$rtentry$$00000000          0x08000208   Section        0  __rtentry.o(.ARM.Collect$$rtentry$$00000000)
    .ARM.Collect$$rtentry$$00000002          0x08000208   Section        0  __rtentry2.o(.ARM.Collect$$rtentry$$00000002)
    .ARM.Collect$$rtentry$$00000004          0x08000208   Section        6  __rtentry4.o(.ARM.Collect$$rtentry$$00000004)
    .ARM.Collect$$rtentry$$00000009          0x0800020e   Section        0  __rtentry2.o(.ARM.Collect$$rtentry$$00000009)
    .ARM.Collect$$rtentry$$0000000A          0x0800020e   Section        4  __rtentry2.o(.ARM.Collect$$rtentry$$0000000A)
    .ARM.Collect$$rtentry$$0000000C          0x08000212   Section        0  __rtentry2.o(.ARM.Collect$$rtentry$$0000000C)
    .ARM.Collect$$rtentry$$0000000D          0x08000212   Section        8  __rtentry2.o(.ARM.Collect$$rtentry$$0000000D)
    .ARM.Collect$$rtexit$$00000000           0x0800021a   Section        2  rtexit.o(.ARM.Collect$$rtexit$$00000000)
    .ARM.Collect$$rtexit$$00000002           0x0800021c   Section        0  rtexit2.o(.ARM.Collect$$rtexit$$00000002)
    .ARM.Collect$$rtexit$$00000003           0x0800021c   Section        4  rtexit2.o(.ARM.Collect$$rtexit$$00000003)
    .ARM.Collect$$rtexit$$00000004           0x08000220   Section        6  rtexit2.o(.ARM.Collect$$rtexit$$00000004)
    .emb_text                                0x08000228   Section      190  port.o(.emb_text)
    $v0                                      0x08000228   Number         0  port.o(.emb_text)
    .text                                    0x080002e8   Section        0  main.o(.text)
    .text                                    0x08000370   Section        0  stm32f4xx_it.o(.text)
    .text                                    0x08000384   Section        0  system_stm32f4xx.o(.text)
    SetSysClock                              0x08000385   Thumb Code   220  system_stm32f4xx.o(.text)
    .text                                    0x08000594   Section       64  startup_stm32f40_41xxx.o(.text)
    $v0                                      0x08000594   Number         0  startup_stm32f40_41xxx.o(.text)
    .text                                    0x080005d4   Section        0  stm32f4xx_gpio.o(.text)
    .text                                    0x08000868   Section        0  stm32f4xx_rcc.o(.text)
    .text                                    0x08000ec4   Section        0  list.o(.text)
    .text                                    0x08000f58   Section        0  queue.o(.text)
    prvInitialiseNewQueue                    0x0800102f   Thumb Code    38  queue.o(.text)
    prvUnlockQueue                           0x080011ab   Thumb Code   126  queue.o(.text)
    prvIsQueueFull                           0x08001229   Thumb Code    30  queue.o(.text)
    prvCopyDataToQueue                       0x08001247   Thumb Code   126  queue.o(.text)
    prvInitialiseMutex                       0x0800146f   Thumb Code    30  queue.o(.text)
    prvGetDisinheritPriorityAfterTimeout     0x08001521   Thumb Code    20  queue.o(.text)
    prvIsQueueEmpty                          0x08001535   Thumb Code    26  queue.o(.text)
    prvCopyDataFromQueue                     0x080019ed   Thumb Code    42  queue.o(.text)
    .text                                    0x08001ff0   Section        0  tasks.o(.text)
    prvInitialiseNewTask                     0x08001ff1   Thumb Code   204  tasks.o(.text)
    prvCreateStaticTask                      0x080020bd   Thumb Code   184  tasks.o(.text)
    prvInitialiseTaskLists                   0x08002175   Thumb Code    70  tasks.o(.text)
    prvAddNewTaskToReadyList                 0x080021bb   Thumb Code   214  tasks.o(.text)
    prvCreateTask                            0x080022d1   Thumb Code    94  tasks.o(.text)
    prvDeleteTCB                             0x08002367   Thumb Code    80  tasks.o(.text)
    prvResetNextTaskUnblockTime              0x080023b7   Thumb Code    40  tasks.o(.text)
    prvAddCurrentTaskToDelayedList           0x080027fb   Thumb Code   150  tasks.o(.text)
    prvTaskIsTaskSuspended                   0x08002d6d   Thumb Code   110  tasks.o(.text)
    prvCheckTasksWaitingTermination          0x08002fb9   Thumb Code    60  tasks.o(.text)
    prvIdleTask                              0x08002ff5   Thumb Code    32  tasks.o(.text)
    prvCreateIdleTasks                       0x08003015   Thumb Code   120  tasks.o(.text)
    .text                                    0x08004264   Section        0  timers.o(.text)
    prvInsertTimerInActiveList               0x08004265   Thumb Code    80  timers.o(.text)
    prvReloadTimer                           0x080042b5   Thumb Code    40  timers.o(.text)
    prvProcessExpiredTimer                   0x080042dd   Thumb Code    62  timers.o(.text)
    prvSwitchTimerLists                      0x0800431b   Thumb Code    58  timers.o(.text)
    prvSampleTimeNow                         0x08004355   Thumb Code    40  timers.o(.text)
    prvProcessReceivedCommands               0x0800437d   Thumb Code   288  timers.o(.text)
    prvProcessTimerOrBlockTask               0x0800449d   Thumb Code   102  timers.o(.text)
    prvGetNextExpireTime                     0x08004503   Thumb Code    36  timers.o(.text)
    prvTimerTask                             0x08004527   Thumb Code    26  timers.o(.text)
    prvCheckForValidListAndQueue             0x08004541   Thumb Code    62  timers.o(.text)
    prvInitialiseNewTimer                    0x080045e3   Thumb Code    88  timers.o(.text)
    .text                                    0x08004a14   Section        0  heap_4.o(.text)
    prvHeapInit                              0x08004a15   Thumb Code    88  heap_4.o(.text)
    prvInsertBlockIntoFreeList               0x08004c47   Thumb Code   144  heap_4.o(.text)
    .text                                    0x08004e9c   Section        0  port.o(.text)
    prvTaskExitError                         0x08004e9d   Thumb Code    60  port.o(.text)
    .text                                    0x080051cc   Section      138  rt_memcpy_v6.o(.text)
    .text                                    0x08005256   Section       16  aeabi_memset.o(.text)
    .text                                    0x08005266   Section       68  rt_memclr.o(.text)
    .text                                    0x080052aa   Section       78  rt_memclr_w.o(.text)
    .text                                    0x080052f8   Section        0  heapauxi.o(.text)
    .text                                    0x080052fe   Section      100  rt_memcpy_w.o(.text)
    .text                                    0x08005362   Section       74  sys_stackheap_outer.o(.text)
    .text                                    0x080053ac   Section        0  exit.o(.text)
    .text                                    0x080053b8   Section        8  libspace.o(.text)
    .text                                    0x080053c0   Section        0  sys_exit.o(.text)
    .text                                    0x080053cc   Section        2  use_no_semi.o(.text)
    .text                                    0x080053ce   Section        0  indicate_semi.o(.text)
    x$fpl$fpinit                             0x080053ce   Section       10  fpinit.o(x$fpl$fpinit)
    $v0                                      0x080053ce   Number         0  fpinit.o(x$fpl$fpinit)
    .data                                    0x20000000   Section       20  system_stm32f4xx.o(.data)
    .data                                    0x20000014   Section       16  stm32f4xx_rcc.o(.data)
    APBAHBPrescTable                         0x20000014   Data          16  stm32f4xx_rcc.o(.data)
    .data                                    0x20000024   Section       64  tasks.o(.data)
    pxDelayedTaskList                        0x20000028   Data           4  tasks.o(.data)
    pxOverflowDelayedTaskList                0x2000002c   Data           4  tasks.o(.data)
    uxDeletedTasksWaitingCleanUp             0x20000030   Data           4  tasks.o(.data)
    uxCurrentNumberOfTasks                   0x20000034   Data           4  tasks.o(.data)
    xTickCount                               0x20000038   Data           4  tasks.o(.data)
    uxTopReadyPriority                       0x2000003c   Data           4  tasks.o(.data)
    xSchedulerRunning                        0x20000040   Data           4  tasks.o(.data)
    xPendedTicks                             0x20000044   Data           4  tasks.o(.data)
    xYieldPendings                           0x20000048   Data           4  tasks.o(.data)
    xNumOfOverflows                          0x2000004c   Data           4  tasks.o(.data)
    uxTaskNumber                             0x20000050   Data           4  tasks.o(.data)
    xNextTaskUnblockTime                     0x20000054   Data           4  tasks.o(.data)
    xIdleTaskHandles                         0x20000058   Data           4  tasks.o(.data)
    uxTopUsedPriority                        0x2000005c   Data           4  tasks.o(.data)
    uxSchedulerSuspended                     0x20000060   Data           4  tasks.o(.data)
    .data                                    0x20000064   Section       20  timers.o(.data)
    pxCurrentTimerList                       0x20000064   Data           4  timers.o(.data)
    pxOverflowTimerList                      0x20000068   Data           4  timers.o(.data)
    xTimerQueue                              0x2000006c   Data           4  timers.o(.data)
    xTimerTaskHandle                         0x20000070   Data           4  timers.o(.data)
    xLastTime                                0x20000074   Data           4  timers.o(.data)
    .data                                    0x20000078   Section       28  heap_4.o(.data)
    xStart                                   0x20000078   Data           8  heap_4.o(.data)
    pxEnd                                    0x20000080   Data           4  heap_4.o(.data)
    xFreeBytesRemaining                      0x20000084   Data           4  heap_4.o(.data)
    xMinimumEverFreeBytesRemaining           0x20000088   Data           4  heap_4.o(.data)
    xNumberOfSuccessfulAllocations           0x2000008c   Data           4  heap_4.o(.data)
    xNumberOfSuccessfulFrees                 0x20000090   Data           4  heap_4.o(.data)
    .data                                    0x20000094   Section       12  port.o(.data)
    uxCriticalNesting                        0x20000094   Data           4  port.o(.data)
    ucMaxSysCallPriority                     0x20000098   Data           1  port.o(.data)
    ulMaxPRIGROUPValue                       0x2000009c   Data           4  port.o(.data)
    .bss                                     0x200000a0   Section     1392  tasks.o(.bss)
    pxReadyTasksLists                        0x200000a0   Data         100  tasks.o(.bss)
    xDelayedTaskList1                        0x20000104   Data          20  tasks.o(.bss)
    xDelayedTaskList2                        0x20000118   Data          20  tasks.o(.bss)
    xPendingReadyList                        0x2000012c   Data          20  tasks.o(.bss)
    xTasksWaitingTermination                 0x20000140   Data          20  tasks.o(.bss)
    xSuspendedTaskList                       0x20000154   Data          20  tasks.o(.bss)
    xIdleTaskTCB                             0x20000168   Data          84  tasks.o(.bss)
    uxIdleTaskStack                          0x200001bc   Data         512  tasks.o(.bss)
    xTimerTaskTCB                            0x200003bc   Data          84  tasks.o(.bss)
    uxTimerTaskStack                         0x20000410   Data         512  tasks.o(.bss)
    .bss                                     0x20000610   Section      232  timers.o(.bss)
    xActiveTimerList1                        0x20000610   Data          20  timers.o(.bss)
    xActiveTimerList2                        0x20000624   Data          20  timers.o(.bss)
    xStaticTimerQueue                        0x20000638   Data          72  timers.o(.bss)
    ucStaticTimerQueueStorage                0x20000680   Data         120  timers.o(.bss)
    .bss                                     0x200006f8   Section    25600  heap_4.o(.bss)
    ucHeap                                   0x200006f8   Data       25600  heap_4.o(.bss)
    .bss                                     0x20006af8   Section       96  libspace.o(.bss)
    HEAP                                     0x20006b58   Section      512  startup_stm32f40_41xxx.o(HEAP)
    Heap_Mem                                 0x20006b58   Data         512  startup_stm32f40_41xxx.o(HEAP)
    STACK                                    0x20006d58   Section     1024  startup_stm32f40_41xxx.o(STACK)
    Stack_Mem                                0x20006d58   Data        1024  startup_stm32f40_41xxx.o(STACK)
    __initial_sp                             0x20007158   Data           0  startup_stm32f40_41xxx.o(STACK)

    Global Symbols

    Symbol Name                              Value     Ov Type        Size  Object(Section)

    BuildAttributes$$THM_ISAv4$E$P$D$K$B$S$7EM$VFPi3$EXTD16$VFPS$VFMA$PE$A:L22UL41UL21$X:L11$S22US41US21$IEEE1$IW$USESV6$~STKCKD$USESV7$~SHL$OSPACE$ROPI$EBA8$UX$STANDARDLIB$REQ8$PRES8$EABIv2 0x00000000   Number         0  anon$$obj.o ABSOLUTE
    __ARM_use_no_argv                        0x00000000   Number         0  main.o ABSOLUTE
    __ARM_exceptions_init                     - Undefined Weak Reference
    __alloca_initialize                       - Undefined Weak Reference
    __arm_preinit_                            - Undefined Weak Reference
    __cpp_initialize__aeabi_                  - Undefined Weak Reference
    __cxa_finalize                            - Undefined Weak Reference
    __rt_locale                               - Undefined Weak Reference
    __sigvec_lookup                           - Undefined Weak Reference
    _atexit_init                              - Undefined Weak Reference
    _call_atexit_fns                          - Undefined Weak Reference
    _clock_init                               - Undefined Weak Reference
    _fp_trap_init                             - Undefined Weak Reference
    _fp_trap_shutdown                         - Undefined Weak Reference
    _get_lc_collate                           - Undefined Weak Reference
    _get_lc_ctype                             - Undefined Weak Reference
    _get_lc_monetary                          - Undefined Weak Reference
    _get_lc_numeric                           - Undefined Weak Reference
    _get_lc_time                              - Undefined Weak Reference
    _getenv_init                              - Undefined Weak Reference
    _handle_redirection                       - Undefined Weak Reference
    _init_alloc                               - Undefined Weak Reference
    _init_user_alloc                          - Undefined Weak Reference
    _initio                                   - Undefined Weak Reference
    _rand_init                                - Undefined Weak Reference
    _signal_finish                            - Undefined Weak Reference
    _signal_init                              - Undefined Weak Reference
    _terminate_alloc                          - Undefined Weak Reference
    _terminate_user_alloc                     - Undefined Weak Reference
    _terminateio                              - Undefined Weak Reference
    __Vectors_Size                           0x00000188   Number         0  startup_stm32f40_41xxx.o ABSOLUTE
    __Vectors                                0x08000000   Data           4  startup_stm32f40_41xxx.o(RESET)
    __Vectors_End                            0x08000188   Data           0  startup_stm32f40_41xxx.o(RESET)
    __main                                   0x08000189   Thumb Code     8  __main.o(!!!main)
    __scatterload                            0x08000191   Thumb Code     0  __scatter.o(!!!scatter)
    __scatterload_rt2                        0x08000191   Thumb Code    44  __scatter.o(!!!scatter)
    __scatterload_rt2_thumb_only             0x08000191   Thumb Code     0  __scatter.o(!!!scatter)
    __scatterload_null                       0x0800019f   Thumb Code     0  __scatter.o(!!!scatter)
    __scatterload_copy                       0x080001c5   Thumb Code    26  __scatter_copy.o(!!handler_copy)
    __scatterload_zeroinit                   0x080001e1   Thumb Code    28  __scatter_zi.o(!!handler_zi)
    __rt_lib_init                            0x080001fd   Thumb Code     0  libinit.o(.ARM.Collect$$libinit$$00000000)
    __rt_lib_init_fp_1                       0x080001ff   Thumb Code     0  libinit2.o(.ARM.Collect$$libinit$$00000001)
    __rt_lib_init_alloca_1                   0x08000203   Thumb Code     0  libinit2.o(.ARM.Collect$$libinit$$0000002E)
    __rt_lib_init_argv_1                     0x08000203   Thumb Code     0  libinit2.o(.ARM.Collect$$libinit$$0000002C)
    __rt_lib_init_atexit_1                   0x08000203   Thumb Code     0  libinit2.o(.ARM.Collect$$libinit$$0000001B)
    __rt_lib_init_clock_1                    0x08000203   Thumb Code     0  libinit2.o(.ARM.Collect$$libinit$$00000021)
    __rt_lib_init_cpp_1                      0x08000203   Thumb Code     0  libinit2.o(.ARM.Collect$$libinit$$00000032)
    __rt_lib_init_exceptions_1               0x08000203   Thumb Code     0  libinit2.o(.ARM.Collect$$libinit$$00000030)
    __rt_lib_init_fp_trap_1                  0x08000203   Thumb Code     0  libinit2.o(.ARM.Collect$$libinit$$0000001F)
    __rt_lib_init_getenv_1                   0x08000203   Thumb Code     0  libinit2.o(.ARM.Collect$$libinit$$00000023)
    __rt_lib_init_heap_1                     0x08000203   Thumb Code     0  libinit2.o(.ARM.Collect$$libinit$$0000000A)
    __rt_lib_init_lc_collate_1               0x08000203   Thumb Code     0  libinit2.o(.ARM.Collect$$libinit$$00000011)
    __rt_lib_init_lc_ctype_1                 0x08000203   Thumb Code     0  libinit2.o(.ARM.Collect$$libinit$$00000013)
    __rt_lib_init_lc_monetary_1              0x08000203   Thumb Code     0  libinit2.o(.ARM.Collect$$libinit$$00000015)
    __rt_lib_init_lc_numeric_1               0x08000203   Thumb Code     0  libinit2.o(.ARM.Collect$$libinit$$00000017)
    __rt_lib_init_lc_time_1                  0x08000203   Thumb Code     0  libinit2.o(.ARM.Collect$$libinit$$00000019)
    __rt_lib_init_preinit_1                  0x08000203   Thumb Code     0  libinit2.o(.ARM.Collect$$libinit$$00000004)
    __rt_lib_init_rand_1                     0x08000203   Thumb Code     0  libinit2.o(.ARM.Collect$$libinit$$0000000E)
    __rt_lib_init_return                     0x08000203   Thumb Code     0  libinit2.o(.ARM.Collect$$libinit$$00000033)
    __rt_lib_init_signal_1                   0x08000203   Thumb Code     0  libinit2.o(.ARM.Collect$$libinit$$0000001D)
    __rt_lib_init_stdio_1                    0x08000203   Thumb Code     0  libinit2.o(.ARM.Collect$$libinit$$00000025)
    __rt_lib_init_user_alloc_1               0x08000203   Thumb Code     0  libinit2.o(.ARM.Collect$$libinit$$0000000C)
    __rt_lib_shutdown                        0x08000205   Thumb Code     0  libshutdown.o(.ARM.Collect$$libshutdown$$00000000)
    __rt_lib_shutdown_fp_trap_1              0x08000207   Thumb Code     0  libshutdown2.o(.ARM.Collect$$libshutdown$$00000006)
    __rt_lib_shutdown_heap_1                 0x08000207   Thumb Code     0  libshutdown2.o(.ARM.Collect$$libshutdown$$0000000E)
    __rt_lib_shutdown_return                 0x08000207   Thumb Code     0  libshutdown2.o(.ARM.Collect$$libshutdown$$0000000F)
    __rt_lib_shutdown_signal_1               0x08000207   Thumb Code     0  libshutdown2.o(.ARM.Collect$$libshutdown$$00000009)
    __rt_lib_shutdown_stdio_1                0x08000207   Thumb Code     0  libshutdown2.o(.ARM.Collect$$libshutdown$$00000003)
    __rt_lib_shutdown_user_alloc_1           0x08000207   Thumb Code     0  libshutdown2.o(.ARM.Collect$$libshutdown$$0000000B)
    __rt_entry                               0x08000209   Thumb Code     0  __rtentry.o(.ARM.Collect$$rtentry$$00000000)
    __rt_entry_presh_1                       0x08000209   Thumb Code     0  __rtentry2.o(.ARM.Collect$$rtentry$$00000002)
    __rt_entry_sh                            0x08000209   Thumb Code     0  __rtentry4.o(.ARM.Collect$$rtentry$$00000004)
    __rt_entry_li                            0x0800020f   Thumb Code     0  __rtentry2.o(.ARM.Collect$$rtentry$$0000000A)
    __rt_entry_postsh_1                      0x0800020f   Thumb Code     0  __rtentry2.o(.ARM.Collect$$rtentry$$00000009)
    __rt_entry_main                          0x08000213   Thumb Code     0  __rtentry2.o(.ARM.Collect$$rtentry$$0000000D)
    __rt_entry_postli_1                      0x08000213   Thumb Code     0  __rtentry2.o(.ARM.Collect$$rtentry$$0000000C)
    __rt_exit                                0x0800021b   Thumb Code     0  rtexit.o(.ARM.Collect$$rtexit$$00000000)
    __rt_exit_ls                             0x0800021d   Thumb Code     0  rtexit2.o(.ARM.Collect$$rtexit$$00000003)
    __rt_exit_prels_1                        0x0800021d   Thumb Code     0  rtexit2.o(.ARM.Collect$$rtexit$$00000002)
    __rt_exit_exit                           0x08000221   Thumb Code     0  rtexit2.o(.ARM.Collect$$rtexit$$00000004)
    SVC_Handler                              0x08000229   Thumb Code    28  port.o(.emb_text)
    __asm___6_port_c_39a90d8d__prvStartFirstTask 0x08000249   Thumb Code    36  port.o(.emb_text)
    __asm___6_port_c_39a90d8d__prvEnableVFP  0x08000271   Thumb Code    16  port.o(.emb_text)
    PendSV_Handler                           0x08000285   Thumb Code    88  port.o(.emb_text)
    vPortGetIPSR                             0x080002e1   Thumb Code     6  port.o(.emb_text)
    vApplicationStackOverflowHook            0x080002e9   Thumb Code     4  main.o(.text)
    vApplicationMallocFailedHook             0x080002ed   Thumb Code     4  main.o(.text)
    vApplicationIdleHook                     0x080002f1   Thumb Code     2  main.o(.text)
    vApplicationTickHook                     0x080002f3   Thumb Code     2  main.o(.text)
    vTaskLed                                 0x080002f5   Thumb Code    20  main.o(.text)
    main                                     0x08000309   Thumb Code    96  main.o(.text)
    NMI_Handler                              0x08000371   Thumb Code     2  stm32f4xx_it.o(.text)
    HardFault_Handler                        0x08000373   Thumb Code     4  stm32f4xx_it.o(.text)
    MemManage_Handler                        0x08000377   Thumb Code     4  stm32f4xx_it.o(.text)
    BusFault_Handler                         0x0800037b   Thumb Code     4  stm32f4xx_it.o(.text)
    UsageFault_Handler                       0x0800037f   Thumb Code     4  stm32f4xx_it.o(.text)
    DebugMon_Handler                         0x08000383   Thumb Code     2  stm32f4xx_it.o(.text)
    SystemInit                               0x08000461   Thumb Code    88  system_stm32f4xx.o(.text)
    SystemCoreClockUpdate                    0x080004b9   Thumb Code   174  system_stm32f4xx.o(.text)
    Reset_Handler                            0x08000595   Thumb Code     8  startup_stm32f40_41xxx.o(.text)
    ADC_IRQHandler                           0x080005af   Thumb Code     0  startup_stm32f40_41xxx.o(.text)
    CAN1_RX0_IRQHandler                      0x080005af   Thumb Code     0  startup_stm32f40_41xxx.o(.text)
    CAN1_RX1_IRQHandler                      0x080005af   Thumb Code     0  startup_stm32f40_41xxx.o(.text)
    CAN1_SCE_IRQHandler                      0x080005af   Thumb Code     0  startup_stm32f40_41xxx.o(.text)
    CAN1_TX_IRQHandler                       0x080005af   Thumb Code     0  startup_stm32f40_41xxx.o(.text)
    CAN2_RX0_IRQHandler                      0x080005af   Thumb Code     0  startup_stm32f40_41xxx.o(.text)
    CAN2_RX1_IRQHandler                      0x080005af   Thumb Code     0  startup_stm32f40_41xxx.o(.text)
    CAN2_SCE_IRQHandler                      0x080005af   Thumb Code     0  startup_stm32f40_41xxx.o(.text)
    CAN2_TX_IRQHandler                       0x080005af   Thumb Code     0  startup_stm32f40_41xxx.o(.text)
    CRYP_IRQHandler                          0x080005af   Thumb Code     0  startup_stm32f40_41xxx.o(.text)
    DCMI_IRQHandler                          0x080005af   Thumb Code     0  startup_stm32f40_41xxx.o(.text)
    DMA1_Stream0_IRQHandler                  0x080005af   Thumb Code     0  startup_stm32f40_41xxx.o(.text)
    DMA1_Stream1_IRQHandler                  0x080005af   Thumb Code     0  startup_stm32f40_41xxx.o(.text)
    DMA1_Stream2_IRQHandler                  0x080005af   Thumb Code     0  startup_stm32f40_41xxx.o(.text)
    DMA1_Stream3_IRQHandler                  0x080005af   Thumb Code     0  startup_stm32f40_41xxx.o(.text)
    DMA1_Stream4_IRQHandler                  0x080005af   Thumb Code     0  startup_stm32f40_41xxx.o(.text)
    DMA1_Stream5_IRQHandler                  0x080005af   Thumb Code     0  startup_stm32f40_41xxx.o(.text)
    DMA1_Stream6_IRQHandler                  0x080005af   Thumb Code     0  startup_stm32f40_41xxx.o(.text)
    DMA1_Stream7_IRQHandler                  0x080005af   Thumb Code     0  startup_stm32f40_41xxx.o(.text)
    DMA2_Stream0_IRQHandler                  0x080005af   Thumb Code     0  startup_stm32f40_41xxx.o(.text)
    DMA2_Stream1_IRQHandler                  0x080005af   Thumb Code     0  startup_stm32f40_41xxx.o(.text)
    DMA2_Stream2_IRQHandler                  0x080005af   Thumb Code     0  startup_stm32f40_41xxx.o(.text)
    DMA2_Stream3_IRQHandler                  0x080005af   Thumb Code     0  startup_stm32f40_41xxx.o(.text)
    DMA2_Stream4_IRQHandler                  0x080005af   Thumb Code     0  startup_stm32f40_41xxx.o(.text)
    DMA2_Stream5_IRQHandler                  0x080005af   Thumb Code     0  startup_stm32f40_41xxx.o(.text)
    DMA2_Stream6_IRQHandler                  0x080005af   Thumb Code     0  startup_stm32f40_41xxx.o(.text)
    DMA2_Stream7_IRQHandler                  0x080005af   Thumb Code     0  startup_stm32f40_41xxx.o(.text)
    ETH_IRQHandler                           0x080005af   Thumb Code     0  startup_stm32f40_41xxx.o(.text)
    ETH_WKUP_IRQHandler                      0x080005af   Thumb Code     0  startup_stm32f40_41xxx.o(.text)
    EXTI0_IRQHandler                         0x080005af   Thumb Code     0  startup_stm32f40_41xxx.o(.text)
    EXTI15_10_IRQHandler                     0x080005af   Thumb Code     0  startup_stm32f40_41xxx.o(.text)
    EXTI1_IRQHandler                         0x080005af   Thumb Code     0  startup_stm32f40_41xxx.o(.text)
    EXTI2_IRQHandler                         0x080005af   Thumb Code     0  startup_stm32f40_41xxx.o(.text)
    EXTI3_IRQHandler                         0x080005af   Thumb Code     0  startup_stm32f40_41xxx.o(.text)
    EXTI4_IRQHandler                         0x080005af   Thumb Code     0  startup_stm32f40_41xxx.o(.text)
    EXTI9_5_IRQHandler                       0x080005af   Thumb Code     0  startup_stm32f40_41xxx.o(.text)
    FLASH_IRQHandler                         0x080005af   Thumb Code     0  startup_stm32f40_41xxx.o(.text)
    FPU_IRQHandler                           0x080005af   Thumb Code     0  startup_stm32f40_41xxx.o(.text)
    FSMC_IRQHandler                          0x080005af   Thumb Code     0  startup_stm32f40_41xxx.o(.text)
    HASH_RNG_IRQHandler                      0x080005af   Thumb Code     0  startup_stm32f40_41xxx.o(.text)
    I2C1_ER_IRQHandler                       0x080005af   Thumb Code     0  startup_stm32f40_41xxx.o(.text)
    I2C1_EV_IRQHandler                       0x080005af   Thumb Code     0  startup_stm32f40_41xxx.o(.text)
    I2C2_ER_IRQHandler                       0x080005af   Thumb Code     0  startup_stm32f40_41xxx.o(.text)
    I2C2_EV_IRQHandler                       0x080005af   Thumb Code     0  startup_stm32f40_41xxx.o(.text)
    I2C3_ER_IRQHandler                       0x080005af   Thumb Code     0  startup_stm32f40_41xxx.o(.text)
    I2C3_EV_IRQHandler                       0x080005af   Thumb Code     0  startup_stm32f40_41xxx.o(.text)
    OTG_FS_IRQHandler                        0x080005af   Thumb Code     0  startup_stm32f40_41xxx.o(.text)
    OTG_FS_WKUP_IRQHandler                   0x080005af   Thumb Code     0  startup_stm32f40_41xxx.o(.text)
    OTG_HS_EP1_IN_IRQHandler                 0x080005af   Thumb Code     0  startup_stm32f40_41xxx.o(.text)
    OTG_HS_EP1_OUT_IRQHandler                0x080005af   Thumb Code     0  startup_stm32f40_41xxx.o(.text)
    OTG_HS_IRQHandler                        0x080005af   Thumb Code     0  startup_stm32f40_41xxx.o(.text)
    OTG_HS_WKUP_IRQHandler                   0x080005af   Thumb Code     0  startup_stm32f40_41xxx.o(.text)
    PVD_IRQHandler                           0x080005af   Thumb Code     0  startup_stm32f40_41xxx.o(.text)
    RCC_IRQHandler                           0x080005af   Thumb Code     0  startup_stm32f40_41xxx.o(.text)
    RTC_Alarm_IRQHandler                     0x080005af   Thumb Code     0  startup_stm32f40_41xxx.o(.text)
    RTC_WKUP_IRQHandler                      0x080005af   Thumb Code     0  startup_stm32f40_41xxx.o(.text)
    SDIO_IRQHandler                          0x080005af   Thumb Code     0  startup_stm32f40_41xxx.o(.text)
    SPI1_IRQHandler                          0x080005af   Thumb Code     0  startup_stm32f40_41xxx.o(.text)
    SPI2_IRQHandler                          0x080005af   Thumb Code     0  startup_stm32f40_41xxx.o(.text)
    SPI3_IRQHandler                          0x080005af   Thumb Code     0  startup_stm32f40_41xxx.o(.text)
    TAMP_STAMP_IRQHandler                    0x080005af   Thumb Code     0  startup_stm32f40_41xxx.o(.text)
    TIM1_BRK_TIM9_IRQHandler                 0x080005af   Thumb Code     0  startup_stm32f40_41xxx.o(.text)
    TIM1_CC_IRQHandler                       0x080005af   Thumb Code     0  startup_stm32f40_41xxx.o(.text)
    TIM1_TRG_COM_TIM11_IRQHandler            0x080005af   Thumb Code     0  startup_stm32f40_41xxx.o(.text)
    TIM1_UP_TIM10_IRQHandler                 0x080005af   Thumb Code     0  startup_stm32f40_41xxx.o(.text)
    TIM2_IRQHandler                          0x080005af   Thumb Code     0  startup_stm32f40_41xxx.o(.text)
    TIM3_IRQHandler                          0x080005af   Thumb Code     0  startup_stm32f40_41xxx.o(.text)
    TIM4_IRQHandler                          0x080005af   Thumb Code     0  startup_stm32f40_41xxx.o(.text)
    TIM5_IRQHandler                          0x080005af   Thumb Code     0  startup_stm32f40_41xxx.o(.text)
    TIM6_DAC_IRQHandler                      0x080005af   Thumb Code     0  startup_stm32f40_41xxx.o(.text)
    TIM7_IRQHandler                          0x080005af   Thumb Code     0  startup_stm32f40_41xxx.o(.text)
    TIM8_BRK_TIM12_IRQHandler                0x080005af   Thumb Code     0  startup_stm32f40_41xxx.o(.text)
    TIM8_CC_IRQHandler                       0x080005af   Thumb Code     0  startup_stm32f40_41xxx.o(.text)
    TIM8_TRG_COM_TIM14_IRQHandler            0x080005af   Thumb Code     0  startup_stm32f40_41xxx.o(.text)
    TIM8_UP_TIM13_IRQHandler                 0x080005af   Thumb Code     0  startup_stm32f40_41xxx.o(.text)
    UART4_IRQHandler                         0x080005af   Thumb Code     0  startup_stm32f40_41xxx.o(.text)
    UART5_IRQHandler                         0x080005af   Thumb Code     0  startup_stm32f40_41xxx.o(.text)
    USART1_IRQHandler                        0x080005af   Thumb Code     0  startup_stm32f40_41xxx.o(.text)
    USART2_IRQHandler                        0x080005af   Thumb Code     0  startup_stm32f40_41xxx.o(.text)
    USART3_IRQHandler                        0x080005af   Thumb Code     0  startup_stm32f40_41xxx.o(.text)
    USART6_IRQHandler                        0x080005af   Thumb Code     0  startup_stm32f40_41xxx.o(.text)
    WWDG_IRQHandler                          0x080005af   Thumb Code     0  startup_stm32f40_41xxx.o(.text)
    __user_initial_stackheap                 0x080005b1   Thumb Code     0  startup_stm32f40_41xxx.o(.text)
    GPIO_DeInit                              0x080005d5   Thumb Code   268  stm32f4xx_gpio.o(.text)
    GPIO_Init                                0x080006e1   Thumb Code   144  stm32f4xx_gpio.o(.text)
    GPIO_StructInit                          0x08000771   Thumb Code    18  stm32f4xx_gpio.o(.text)
    GPIO_PinLockConfig                       0x08000783   Thumb Code    34  stm32f4xx_gpio.o(.text)
    GPIO_ReadInputDataBit                    0x080007a5   Thumb Code    18  stm32f4xx_gpio.o(.text)
    GPIO_ReadInputData                       0x080007b7   Thumb Code     8  stm32f4xx_gpio.o(.text)
    GPIO_ReadOutputDataBit                   0x080007bf   Thumb Code    18  stm32f4xx_gpio.o(.text)
    GPIO_ReadOutputData                      0x080007d1   Thumb Code     8  stm32f4xx_gpio.o(.text)
    GPIO_SetBits                             0x080007d9   Thumb Code     4  stm32f4xx_gpio.o(.text)
    GPIO_ResetBits                           0x080007dd   Thumb Code     4  stm32f4xx_gpio.o(.text)
    GPIO_WriteBit                            0x080007e1   Thumb Code    10  stm32f4xx_gpio.o(.text)
    GPIO_Write                               0x080007eb   Thumb Code     4  stm32f4xx_gpio.o(.text)
    GPIO_ToggleBits                          0x080007ef   Thumb Code     8  stm32f4xx_gpio.o(.text)
    GPIO_PinAFConfig                         0x080007f7   Thumb Code    70  stm32f4xx_gpio.o(.text)
    RCC_DeInit                               0x08000869   Thumb Code    82  stm32f4xx_rcc.o(.text)
    RCC_HSEConfig                            0x080008bb   Thumb Code    14  stm32f4xx_rcc.o(.text)
    RCC_GetFlagStatus                        0x080008c9   Thumb Code    60  stm32f4xx_rcc.o(.text)
    RCC_WaitForHSEStartUp                    0x08000905   Thumb Code    56  stm32f4xx_rcc.o(.text)
    RCC_AdjustHSICalibrationValue            0x0800093d   Thumb Code    20  stm32f4xx_rcc.o(.text)
    RCC_HSICmd                               0x08000951   Thumb Code     6  stm32f4xx_rcc.o(.text)
    RCC_LSEConfig                            0x08000957   Thumb Code    46  stm32f4xx_rcc.o(.text)
    RCC_LSICmd                               0x08000985   Thumb Code     6  stm32f4xx_rcc.o(.text)
    RCC_PLLConfig                            0x0800098b   Thumb Code    32  stm32f4xx_rcc.o(.text)
    RCC_PLLCmd                               0x080009ab   Thumb Code     6  stm32f4xx_rcc.o(.text)
    RCC_PLLI2SConfig                         0x080009b1   Thumb Code    14  stm32f4xx_rcc.o(.text)
    RCC_PLLI2SCmd                            0x080009bf   Thumb Code     6  stm32f4xx_rcc.o(.text)
    RCC_PLLSAIConfig                         0x080009c5   Thumb Code    20  stm32f4xx_rcc.o(.text)
    RCC_PLLSAICmd                            0x080009d9   Thumb Code     6  stm32f4xx_rcc.o(.text)
    RCC_ClockSecuritySystemCmd               0x080009df   Thumb Code     6  stm32f4xx_rcc.o(.text)
    RCC_MCO1Config                           0x080009e5   Thumb Code    28  stm32f4xx_rcc.o(.text)
    RCC_MCO2Config                           0x08000a01   Thumb Code    28  stm32f4xx_rcc.o(.text)
    RCC_SYSCLKConfig                         0x08000a1d   Thumb Code    20  stm32f4xx_rcc.o(.text)
    RCC_GetSYSCLKSource                      0x08000a31   Thumb Code    12  stm32f4xx_rcc.o(.text)
    RCC_HCLKConfig                           0x08000a3d   Thumb Code    20  stm32f4xx_rcc.o(.text)
    RCC_PCLK1Config                          0x08000a51   Thumb Code    20  stm32f4xx_rcc.o(.text)
    RCC_PCLK2Config                          0x08000a65   Thumb Code    22  stm32f4xx_rcc.o(.text)
    RCC_GetClocksFreq                        0x08000a7b   Thumb Code   222  stm32f4xx_rcc.o(.text)
    RCC_RTCCLKConfig                         0x08000b59   Thumb Code    54  stm32f4xx_rcc.o(.text)
    RCC_RTCCLKCmd                            0x08000b8f   Thumb Code     8  stm32f4xx_rcc.o(.text)
    RCC_BackupResetCmd                       0x08000b97   Thumb Code     8  stm32f4xx_rcc.o(.text)
    RCC_I2SCLKConfig                         0x08000b9f   Thumb Code     6  stm32f4xx_rcc.o(.text)
    RCC_SAIPLLI2SClkDivConfig                0x08000ba5   Thumb Code    26  stm32f4xx_rcc.o(.text)
    RCC_SAIPLLSAIClkDivConfig                0x08000bbf   Thumb Code    28  stm32f4xx_rcc.o(.text)
    RCC_SAIBlockACLKConfig                   0x08000bdb   Thumb Code    20  stm32f4xx_rcc.o(.text)
    RCC_SAIBlockBCLKConfig                   0x08000bef   Thumb Code    20  stm32f4xx_rcc.o(.text)
    RCC_LTDCCLKDivConfig                     0x08000c03   Thumb Code    20  stm32f4xx_rcc.o(.text)
    RCC_TIMCLKPresConfig                     0x08000c17   Thumb Code     6  stm32f4xx_rcc.o(.text)
    RCC_AHB1PeriphClockCmd                   0x08000c1d   Thumb Code    34  stm32f4xx_rcc.o(.text)
    RCC_AHB2PeriphClockCmd                   0x08000c3f   Thumb Code    78  stm32f4xx_rcc.o(.text)
    RCC_AHB3PeriphClockCmd                   0x08000c8d   Thumb Code    34  stm32f4xx_rcc.o(.text)
    RCC_APB1PeriphClockCmd                   0x08000caf   Thumb Code    34  stm32f4xx_rcc.o(.text)
    RCC_APB2PeriphClockCmd                   0x08000cd1   Thumb Code    34  stm32f4xx_rcc.o(.text)
    RCC_AHB1PeriphResetCmd                   0x08000cf3   Thumb Code    34  stm32f4xx_rcc.o(.text)
    RCC_AHB2PeriphResetCmd                   0x08000d15   Thumb Code    34  stm32f4xx_rcc.o(.text)
    RCC_AHB3PeriphResetCmd                   0x08000d37   Thumb Code    34  stm32f4xx_rcc.o(.text)
    RCC_APB1PeriphResetCmd                   0x08000d59   Thumb Code    34  stm32f4xx_rcc.o(.text)
    RCC_APB2PeriphResetCmd                   0x08000d7b   Thumb Code    34  stm32f4xx_rcc.o(.text)
    RCC_AHB1PeriphClockLPModeCmd             0x08000d9d   Thumb Code    34  stm32f4xx_rcc.o(.text)
    RCC_AHB2PeriphClockLPModeCmd             0x08000dbf   Thumb Code    34  stm32f4xx_rcc.o(.text)
    RCC_AHB3PeriphClockLPModeCmd             0x08000de1   Thumb Code    34  stm32f4xx_rcc.o(.text)
    RCC_APB1PeriphClockLPModeCmd             0x08000e03   Thumb Code    34  stm32f4xx_rcc.o(.text)
    RCC_APB2PeriphClockLPModeCmd             0x08000e25   Thumb Code    34  stm32f4xx_rcc.o(.text)
    RCC_LSEModeConfig                        0x08000e47   Thumb Code    40  stm32f4xx_rcc.o(.text)
    RCC_ITConfig                             0x08000e6f   Thumb Code    34  stm32f4xx_rcc.o(.text)
    RCC_ClearFlag                            0x08000e91   Thumb Code    18  stm32f4xx_rcc.o(.text)
    RCC_GetITStatus                          0x08000ea3   Thumb Code    22  stm32f4xx_rcc.o(.text)
    RCC_ClearITPendingBit                    0x08000eb9   Thumb Code     8  stm32f4xx_rcc.o(.text)
    vListInitialise                          0x08000ec5   Thumb Code    26  list.o(.text)
    vListInitialiseItem                      0x08000edf   Thumb Code     6  list.o(.text)
    vListInsertEnd                           0x08000ee5   Thumb Code    24  list.o(.text)
    vListInsert                              0x08000efd   Thumb Code    52  list.o(.text)
    uxListRemove                             0x08000f31   Thumb Code    40  list.o(.text)
    xQueueGenericReset                       0x08000f59   Thumb Code   214  queue.o(.text)
    xQueueGenericCreateStatic                0x08001055   Thumb Code   154  queue.o(.text)
    xQueueGenericGetStaticBuffers            0x080010ef   Thumb Code    80  queue.o(.text)
    xQueueGenericCreate                      0x0800113f   Thumb Code   108  queue.o(.text)
    xQueueGenericSend                        0x080012c5   Thumb Code   426  queue.o(.text)
    xQueueCreateMutex                        0x0800148d   Thumb Code    34  queue.o(.text)
    xQueueCreateMutexStatic                  0x080014af   Thumb Code    42  queue.o(.text)
    xQueueGiveMutexRecursive                 0x080014d9   Thumb Code    72  queue.o(.text)
    xQueueSemaphoreTake                      0x0800154f   Thumb Code   398  queue.o(.text)
    xQueueTakeMutexRecursive                 0x080016dd   Thumb Code    78  queue.o(.text)
    xQueueCreateCountingSemaphoreStatic      0x0800172b   Thumb Code    68  queue.o(.text)
    xQueueCreateCountingSemaphore            0x0800176f   Thumb Code    60  queue.o(.text)
    xQueueGenericSendFromISR                 0x080017ab   Thumb Code   304  queue.o(.text)
    xQueueGiveFromISR                        0x080018db   Thumb Code   274  queue.o(.text)
    xQueueReceive                            0x08001a17   Thumb Code   356  queue.o(.text)
    xQueuePeek                               0x08001b7b   Thumb Code   362  queue.o(.text)
    xQueueReceiveFromISR                     0x08001ce5   Thumb Code   254  queue.o(.text)
    xQueuePeekFromISR                        0x08001de3   Thumb Code   176  queue.o(.text)
    uxQueueMessagesWaiting                   0x08001e93   Thumb Code    48  queue.o(.text)
    uxQueueSpacesAvailable                   0x08001ec3   Thumb Code    48  queue.o(.text)
    uxQueueMessagesWaitingFromISR            0x08001ef3   Thumb Code    34  queue.o(.text)
    vQueueDelete                             0x08001f15   Thumb Code    44  queue.o(.text)
    uxQueueGetQueueItemSize                  0x08001f41   Thumb Code     6  queue.o(.text)
    uxQueueGetQueueLength                    0x08001f47   Thumb Code     6  queue.o(.text)
    xQueueIsQueueEmptyFromISR                0x08001f4d   Thumb Code    42  queue.o(.text)
    xQueueIsQueueFullFromISR                 0x08001f77   Thumb Code    46  queue.o(.text)
    vQueueWaitForMessageRestricted           0x08001fa5   Thumb Code    74  queue.o(.text)
    xTaskCreateStatic                        0x08002291   Thumb Code    64  tasks.o(.text)
    xTaskCreate                              0x0800232f   Thumb Code    56  tasks.o(.text)
    vTaskDelete                              0x080023df   Thumb Code   196  tasks.o(.text)
    xTaskIncrementTick                       0x080024a3   Thumb Code   474  tasks.o(.text)
    xTaskResumeAll                           0x0800267d   Thumb Code   382  tasks.o(.text)
    vTaskSuspendAll                          0x08002891   Thumb Code    12  tasks.o(.text)
    xTaskDelayUntil                          0x0800289d   Thumb Code   202  tasks.o(.text)
    vTaskDelay                               0x08002967   Thumb Code    82  tasks.o(.text)
    uxTaskPriorityGet                        0x080029b9   Thumb Code    86  tasks.o(.text)
    uxTaskPriorityGetFromISR                 0x08002a0f   Thumb Code    62  tasks.o(.text)
    uxTaskBasePriorityGet                    0x08002a4d   Thumb Code    30  tasks.o(.text)
    uxTaskBasePriorityGetFromISR             0x08002a6b   Thumb Code    62  tasks.o(.text)
    vTaskPrioritySet                         0x08002aa9   Thumb Code   320  tasks.o(.text)
    vTaskSwitchContext                       0x08002be9   Thumb Code   198  tasks.o(.text)
    vTaskSuspend                             0x08002caf   Thumb Code   190  tasks.o(.text)
    vTaskResume                              0x08002ddb   Thumb Code   238  tasks.o(.text)
    xTaskResumeFromISR                       0x08002ec9   Thumb Code   226  tasks.o(.text)
    vApplicationGetIdleTaskMemory            0x08002fab   Thumb Code    14  tasks.o(.text)
    vTaskStartScheduler                      0x0800308d   Thumb Code   106  tasks.o(.text)
    vTaskEndScheduler                        0x080030f7   Thumb Code    66  tasks.o(.text)
    xTaskGetTickCount                        0x08003139   Thumb Code     6  tasks.o(.text)
    xTaskGetTickCountFromISR                 0x0800313f   Thumb Code    16  tasks.o(.text)
    uxTaskGetNumberOfTasks                   0x0800314f   Thumb Code     6  tasks.o(.text)
    pcTaskGetName                            0x08003155   Thumb Code    44  tasks.o(.text)
    xTaskGetStaticBuffers                    0x08003181   Thumb Code   124  tasks.o(.text)
    xTaskCatchUpTicks                        0x080031fd   Thumb Code   156  tasks.o(.text)
    vTaskPlaceOnEventList                    0x08003299   Thumb Code    52  tasks.o(.text)
    vTaskPlaceOnUnorderedEventList           0x080032cd   Thumb Code   138  tasks.o(.text)
    vTaskPlaceOnEventListRestricted          0x08003357   Thumb Code    98  tasks.o(.text)
    xTaskRemoveFromEventList                 0x080033b9   Thumb Code   282  tasks.o(.text)
    vTaskRemoveFromUnorderedEventList        0x080034d3   Thumb Code   268  tasks.o(.text)
    vTaskSetTimeOutState                     0x080035df   Thumb Code    50  tasks.o(.text)
    vTaskInternalSetTimeOutState             0x08003611   Thumb Code    14  tasks.o(.text)
    xTaskCheckForTimeOut                     0x0800361f   Thumb Code   168  tasks.o(.text)
    vTaskMissedYield                         0x080036c7   Thumb Code     8  tasks.o(.text)
    xTaskGetCurrentTaskHandle                0x080036cf   Thumb Code     6  tasks.o(.text)
    xTaskGetCurrentTaskHandleForCore         0x080036d5   Thumb Code    26  tasks.o(.text)
    xTaskGetSchedulerState                   0x080036ef   Thumb Code    24  tasks.o(.text)
    xTaskPriorityInherit                     0x08003707   Thumb Code   212  tasks.o(.text)
    xTaskPriorityDisinherit                  0x080037db   Thumb Code   214  tasks.o(.text)
    vTaskPriorityDisinheritAfterTimeout      0x080038b1   Thumb Code   256  tasks.o(.text)
    uxTaskResetEventItemValue                0x080039b1   Thumb Code    24  tasks.o(.text)
    pvTaskIncrementMutexHeldCount            0x080039c9   Thumb Code    14  tasks.o(.text)
    ulTaskGenericNotifyTake                  0x080039d7   Thumb Code   196  tasks.o(.text)
    xTaskGenericNotifyWait                   0x08003a9b   Thumb Code   258  tasks.o(.text)
    xTaskGenericNotify                       0x08003b9d   Thumb Code   460  tasks.o(.text)
    xTaskGenericNotifyFromISR                0x08003d69   Thumb Code   564  tasks.o(.text)
    vTaskGenericNotifyGiveFromISR            0x08003f9d   Thumb Code   386  tasks.o(.text)
    xTaskGenericNotifyStateClear             0x0800411f   Thumb Code    90  tasks.o(.text)
    ulTaskGenericNotifyValueClear            0x08004179   Thumb Code    90  tasks.o(.text)
    vApplicationGetTimerTaskMemory           0x080041d3   Thumb Code    14  tasks.o(.text)
    vTaskResetState                          0x080041e1   Thumb Code    68  tasks.o(.text)
    xTimerCreateTimerTask                    0x0800457f   Thumb Code   100  timers.o(.text)
    xTimerCreate                             0x0800463b   Thumb Code   106  timers.o(.text)
    xTimerCreateStatic                       0x080046a5   Thumb Code   114  timers.o(.text)
    xTimerGenericCommandFromTask             0x08004717   Thumb Code   140  timers.o(.text)
    xTimerGenericCommandFromISR              0x080047a3   Thumb Code   116  timers.o(.text)
    xTimerGetTimerDaemonTaskHandle           0x08004817   Thumb Code    42  timers.o(.text)
    xTimerGetPeriod                          0x08004841   Thumb Code    32  timers.o(.text)
    vTimerSetReloadMode                      0x08004861   Thumb Code    70  timers.o(.text)
    xTimerGetReloadMode                      0x080048a7   Thumb Code    58  timers.o(.text)
    uxTimerGetReloadMode                     0x080048e1   Thumb Code    16  timers.o(.text)
    xTimerGetExpiryTime                      0x080048f1   Thumb Code    34  timers.o(.text)
    xTimerGetStaticBuffer                    0x08004913   Thumb Code    58  timers.o(.text)
    pcTimerGetName                           0x0800494d   Thumb Code    32  timers.o(.text)
    xTimerIsTimerActive                      0x0800496d   Thumb Code    58  timers.o(.text)
    pvTimerGetTimerID                        0x080049a7   Thumb Code    44  timers.o(.text)
    vTimerSetTimerID                         0x080049d3   Thumb Code    44  timers.o(.text)
    vTimerResetState                         0x080049ff   Thumb Code    12  timers.o(.text)
    pvPortMalloc                             0x08004a6d   Thumb Code   474  heap_4.o(.text)
    vPortFree                                0x08004cd7   Thumb Code   202  heap_4.o(.text)
    xPortGetFreeHeapSize                     0x08004da1   Thumb Code     6  heap_4.o(.text)
    xPortGetMinimumEverFreeHeapSize          0x08004da7   Thumb Code     6  heap_4.o(.text)
    vPortInitialiseBlocks                    0x08004dad   Thumb Code     2  heap_4.o(.text)
    pvPortCalloc                             0x08004daf   Thumb Code    54  heap_4.o(.text)
    vPortGetHeapStats                        0x08004de5   Thumb Code   138  heap_4.o(.text)
    vPortHeapResetState                      0x08004e6f   Thumb Code    24  heap_4.o(.text)
    pxPortInitialiseStack                    0x08004ed9   Thumb Code    38  port.o(.text)
    vPortSetupTimerInterrupt                 0x08004eff   Thumb Code    20  port.o(.text)
    xPortStartScheduler                      0x08004f13   Thumb Code   330  port.o(.text)
    vPortEndScheduler                        0x0800505d   Thumb Code    42  port.o(.text)
    vPortEnterCritical                       0x08005087   Thumb Code    78  port.o(.text)
    vPortExitCritical                        0x080050d5   Thumb Code    56  port.o(.text)
    SysTick_Handler                          0x0800510d   Thumb Code    48  port.o(.text)
    vPortValidateInterruptPriority           0x0800513d   Thumb Code   108  port.o(.text)
    __aeabi_memcpy                           0x080051cd   Thumb Code     0  rt_memcpy_v6.o(.text)
    __rt_memcpy                              0x080051cd   Thumb Code   138  rt_memcpy_v6.o(.text)
    _memcpy_lastbytes                        0x08005233   Thumb Code     0  rt_memcpy_v6.o(.text)
    __aeabi_memset                           0x08005257   Thumb Code    16  aeabi_memset.o(.text)
    __aeabi_memclr                           0x08005267   Thumb Code     0  rt_memclr.o(.text)
    __rt_memclr                              0x08005267   Thumb Code    68  rt_memclr.o(.text)
    _memset                                  0x0800526b   Thumb Code     0  rt_memclr.o(.text)
    __aeabi_memclr4                          0x080052ab   Thumb Code     0  rt_memclr_w.o(.text)
    __aeabi_memclr8                          0x080052ab   Thumb Code     0  rt_memclr_w.o(.text)
    __rt_memclr_w                            0x080052ab   Thumb Code    78  rt_memclr_w.o(.text)
    _memset_w                                0x080052af   Thumb Code     0  rt_memclr_w.o(.text)
    __use_two_region_memory                  0x080052f9   Thumb Code     2  heapauxi.o(.text)
    __rt_heap_escrow$2region                 0x080052fb   Thumb Code     2  heapauxi.o(.text)
    __rt_heap_expand$2region                 0x080052fd   Thumb Code     2  heapauxi.o(.text)
    __aeabi_memcpy4                          0x080052ff   Thumb Code     0  rt_memcpy_w.o(.text)
    __aeabi_memcpy8                          0x080052ff   Thumb Code     0  rt_memcpy_w.o(.text)
    __rt_memcpy_w                            0x080052ff   Thumb Code   100  rt_memcpy_w.o(.text)
    _memcpy_lastbytes_aligned                0x08005347   Thumb Code     0  rt_memcpy_w.o(.text)
    __user_setup_stackheap                   0x08005363   Thumb Code    74  sys_stackheap_outer.o(.text)
    exit                                     0x080053ad   Thumb Code    12  exit.o(.text)
    __user_libspace                          0x080053b9   Thumb Code     8  libspace.o(.text)
    __user_perproc_libspace                  0x080053b9   Thumb Code     0  libspace.o(.text)
    __user_perthread_libspace                0x080053b9   Thumb Code     0  libspace.o(.text)
    _sys_exit                                0x080053c1   Thumb Code     8  sys_exit.o(.text)
    __I$use$semihosting                      0x080053cd   Thumb Code     0  use_no_semi.o(.text)
    __use_no_semihosting_swi                 0x080053cd   Thumb Code     2  use_no_semi.o(.text)
    __semihosting_library_function           0x080053cf   Thumb Code     0  indicate_semi.o(.text)
    _fp_init                                 0x080053cf   Thumb Code    10  fpinit.o(x$fpl$fpinit)
    __fplib_config_fpu_vfp                   0x080053d7   Thumb Code     0  fpinit.o(x$fpl$fpinit)
    __fplib_config_pureend_doubles           0x080053d7   Thumb Code     0  fpinit.o(x$fpl$fpinit)
    Region$$Table$$Base                      0x080053d8   Number         0  anon$$obj.o(Region$$Table)
    Region$$Table$$Limit                     0x080053f8   Number         0  anon$$obj.o(Region$$Table)
    SystemCoreClock                          0x20000000   Data           4  system_stm32f4xx.o(.data)
    AHBPrescTable                            0x20000004   Data          16  system_stm32f4xx.o(.data)
    pxCurrentTCB                             0x20000024   Data           4  tasks.o(.data)
    __libspace_start                         0x20006af8   Data          96  libspace.o(.bss)
    __temporary_stack_top$libspace           0x20006b58   Data           0  libspace.o(.bss)



==============================================================================

Memory Map of the image

  Image Entry point : 0x08000189

  Load Region LR_IROM1 (Base: 0x08000000, Size: 0x00005498, Max: 0x00100000, ABSOLUTE)

    Execution Region ER_IROM1 (Base: 0x08000000, Size: 0x000053f8, Max: 0x00100000, ABSOLUTE)

    Base Addr    Size         Type   Attr      Idx    E Section Name        Object

    0x08000000   0x00000188   Data   RO          209    RESET               startup_stm32f40_41xxx.o
    0x08000188   0x00000008   Code   RO         1254  * !!!main             c_w.l(__main.o)
    0x08000190   0x00000034   Code   RO         1419    !!!scatter          c_w.l(__scatter.o)
    0x080001c4   0x0000001a   Code   RO         1421    !!handler_copy      c_w.l(__scatter_copy.o)
    0x080001de   0x00000002   PAD
    0x080001e0   0x0000001c   Code   RO         1423    !!handler_zi        c_w.l(__scatter_zi.o)
    0x080001fc   0x00000002   Code   RO         1290    .ARM.Collect$$libinit$$00000000  c_w.l(libinit.o)
    0x080001fe   0x00000004   Code   RO         1296    .ARM.Collect$$libinit$$00000001  c_w.l(libinit2.o)
    0x08000202   0x00000000   Code   RO         1299    .ARM.Collect$$libinit$$00000004  c_w.l(libinit2.o)
    0x08000202   0x00000000   Code   RO         1302    .ARM.Collect$$libinit$$0000000A  c_w.l(libinit2.o)
    0x08000202   0x00000000   Code   RO         1304    .ARM.Collect$$libinit$$0000000C  c_w.l(libinit2.o)
    0x08000202   0x00000000   Code   RO         1306    .ARM.Collect$$libinit$$0000000E  c_w.l(libinit2.o)
    0x08000202   0x00000000   Code   RO         1309    .ARM.Collect$$libinit$$00000011  c_w.l(libinit2.o)
    0x08000202   0x00000000   Code   RO         1311    .ARM.Collect$$libinit$$00000013  c_w.l(libinit2.o)
    0x08000202   0x00000000   Code   RO         1313    .ARM.Collect$$libinit$$00000015  c_w.l(libinit2.o)
    0x08000202   0x00000000   Code   RO         1315    .ARM.Collect$$libinit$$00000017  c_w.l(libinit2.o)
    0x08000202   0x00000000   Code   RO         1317    .ARM.Collect$$libinit$$00000019  c_w.l(libinit2.o)
    0x08000202   0x00000000   Code   RO         1319    .ARM.Collect$$libinit$$0000001B  c_w.l(libinit2.o)
    0x08000202   0x00000000   Code   RO         1321    .ARM.Collect$$libinit$$0000001D  c_w.l(libinit2.o)
    0x08000202   0x00000000   Code   RO         1323    .ARM.Collect$$libinit$$0000001F  c_w.l(libinit2.o)
    0x08000202   0x00000000   Code   RO         1325    .ARM.Collect$$libinit$$00000021  c_w.l(libinit2.o)
    0x08000202   0x00000000   Code   RO         1327    .ARM.Collect$$libinit$$00000023  c_w.l(libinit2.o)
    0x08000202   0x00000000   Code   RO         1329    .ARM.Collect$$libinit$$00000025  c_w.l(libinit2.o)
    0x08000202   0x00000000   Code   RO         1333    .ARM.Collect$$libinit$$0000002C  c_w.l(libinit2.o)
    0x08000202   0x00000000   Code   RO         1335    .ARM.Collect$$libinit$$0000002E  c_w.l(libinit2.o)
    0x08000202   0x00000000   Code   RO         1337    .ARM.Collect$$libinit$$00000030  c_w.l(libinit2.o)
    0x08000202   0x00000000   Code   RO         1339    .ARM.Collect$$libinit$$00000032  c_w.l(libinit2.o)
    0x08000202   0x00000002   Code   RO         1340    .ARM.Collect$$libinit$$00000033  c_w.l(libinit2.o)
    0x08000204   0x00000002   Code   RO         1360    .ARM.Collect$$libshutdown$$00000000  c_w.l(libshutdown.o)
    0x08000206   0x00000000   Code   RO         1374    .ARM.Collect$$libshutdown$$00000003  c_w.l(libshutdown2.o)
    0x08000206   0x00000000   Code   RO         1377    .ARM.Collect$$libshutdown$$00000006  c_w.l(libshutdown2.o)
    0x08000206   0x00000000   Code   RO         1380    .ARM.Collect$$libshutdown$$00000009  c_w.l(libshutdown2.o)
    0x08000206   0x00000000   Code   RO         1382    .ARM.Collect$$libshutdown$$0000000B  c_w.l(libshutdown2.o)
    0x08000206   0x00000000   Code   RO         1385    .ARM.Collect$$libshutdown$$0000000E  c_w.l(libshutdown2.o)
    0x08000206   0x00000002   Code   RO         1386    .ARM.Collect$$libshutdown$$0000000F  c_w.l(libshutdown2.o)
    0x08000208   0x00000000   Code   RO         1258    .ARM.Collect$$rtentry$$00000000  c_w.l(__rtentry.o)
    0x08000208   0x00000000   Code   RO         1267    .ARM.Collect$$rtentry$$00000002  c_w.l(__rtentry2.o)
    0x08000208   0x00000006   Code   RO         1279    .ARM.Collect$$rtentry$$00000004  c_w.l(__rtentry4.o)
    0x0800020e   0x00000000   Code   RO         1269    .ARM.Collect$$rtentry$$00000009  c_w.l(__rtentry2.o)
    0x0800020e   0x00000004   Code   RO         1270    .ARM.Collect$$rtentry$$0000000A  c_w.l(__rtentry2.o)
    0x08000212   0x00000000   Code   RO         1272    .ARM.Collect$$rtentry$$0000000C  c_w.l(__rtentry2.o)
    0x08000212   0x00000008   Code   RO         1273    .ARM.Collect$$rtentry$$0000000D  c_w.l(__rtentry2.o)
    0x0800021a   0x00000002   Code   RO         1294    .ARM.Collect$$rtexit$$00000000  c_w.l(rtexit.o)
    0x0800021c   0x00000000   Code   RO         1342    .ARM.Collect$$rtexit$$00000002  c_w.l(rtexit2.o)
    0x0800021c   0x00000004   Code   RO         1343    .ARM.Collect$$rtexit$$00000003  c_w.l(rtexit2.o)
    0x08000220   0x00000006   Code   RO         1344    .ARM.Collect$$rtexit$$00000004  c_w.l(rtexit2.o)
    0x08000226   0x00000002   PAD
    0x08000228   0x000000be   Code   RO         1206    .emb_text           port.o
    0x080002e6   0x00000002   PAD
    0x080002e8   0x00000088   Code   RO            3    .text               main.o
    0x08000370   0x00000014   Code   RO          160    .text               stm32f4xx_it.o
    0x08000384   0x00000210   Code   RO          183    .text               system_stm32f4xx.o
    0x08000594   0x00000040   Code   RO          210    .text               startup_stm32f40_41xxx.o
    0x080005d4   0x00000294   Code   RO          591    .text               stm32f4xx_gpio.o
    0x08000868   0x0000065c   Code   RO          754    .text               stm32f4xx_rcc.o
    0x08000ec4   0x00000094   Code   RO         1076    .text               list.o
    0x08000f58   0x00001096   Code   RO         1091    .text               queue.o
    0x08001fee   0x00000002   PAD
    0x08001ff0   0x00002274   Code   RO         1136    .text               tasks.o
    0x08004264   0x000007b0   Code   RO         1158    .text               timers.o
    0x08004a14   0x00000488   Code   RO         1191    .text               heap_4.o
    0x08004e9c   0x00000330   Code   RO         1207    .text               port.o
    0x080051cc   0x0000008a   Code   RO         1242    .text               c_w.l(rt_memcpy_v6.o)
    0x08005256   0x00000010   Code   RO         1246    .text               c_w.l(aeabi_memset.o)
    0x08005266   0x00000044   Code   RO         1248    .text               c_w.l(rt_memclr.o)
    0x080052aa   0x0000004e   Code   RO         1250    .text               c_w.l(rt_memclr_w.o)
    0x080052f8   0x00000006   Code   RO         1252    .text               c_w.l(heapauxi.o)
    0x080052fe   0x00000064   Code   RO         1259    .text               c_w.l(rt_memcpy_w.o)
    0x08005362   0x0000004a   Code   RO         1281    .text               c_w.l(sys_stackheap_outer.o)
    0x080053ac   0x0000000c   Code   RO         1283    .text               c_w.l(exit.o)
    0x080053b8   0x00000008   Code   RO         1291    .text               c_w.l(libspace.o)
    0x080053c0   0x0000000c   Code   RO         1352    .text               c_w.l(sys_exit.o)
    0x080053cc   0x00000002   Code   RO         1363    .text               c_w.l(use_no_semi.o)
    0x080053ce   0x00000000   Code   RO         1365    .text               c_w.l(indicate_semi.o)
    0x080053ce   0x0000000a   Code   RO         1350    x$fpl$fpinit        fz_wm.l(fpinit.o)
    0x080053d8   0x00000020   Data   RO         1417    Region$$Table       anon$$obj.o


    Execution Region RW_IRAM1 (Base: 0x20000000, Size: 0x00007158, Max: 0x00020000, ABSOLUTE)

    Base Addr    Size         Type   Attr      Idx    E Section Name        Object

    0x20000000   0x00000014   Data   RW          184    .data               system_stm32f4xx.o
    0x20000014   0x00000010   Data   RW          755    .data               stm32f4xx_rcc.o
    0x20000024   0x00000040   Data   RW         1138    .data               tasks.o
    0x20000064   0x00000014   Data   RW         1160    .data               timers.o
    0x20000078   0x0000001c   Data   RW         1193    .data               heap_4.o
    0x20000094   0x0000000c   Data   RW         1208    .data               port.o
    0x200000a0   0x00000570   Zero   RW         1137    .bss                tasks.o
    0x20000610   0x000000e8   Zero   RW         1159    .bss                timers.o
    0x200006f8   0x00006400   Zero   RW         1192    .bss                heap_4.o
    0x20006af8   0x00000060   Zero   RW         1292    .bss                c_w.l(libspace.o)
    0x20006b58   0x00000200   Zero   RW          208    HEAP                startup_stm32f40_41xxx.o
    0x20006d58   0x00000400   Zero   RW          207    STACK               startup_stm32f40_41xxx.o


==============================================================================

Image component sizes


      Code (inc. data)   RO Data    RW Data    ZI Data      Debug   Object Name

         0          0          0          0          0      44384   event_groups.o
      1160         56          0         28      25600       6075   heap_4.o
       148          0          0          0          0       2078   list.o
       136          8          0          0          0      43753   main.o
         0          0          0          0          0     227536   misc.o
      1006         52          0         12          0       8739   port.o
      4246         16          0          0          0      22897   queue.o
         0          0          0          0          0       1452   segger_rtt.o
        64         26        392          0       1536        860   startup_stm32f40_41xxx.o
       660         44          0          0          0       4153   stm32f4xx_gpio.o
        20          0          0          0          0        975   stm32f4xx_it.o
      1628         52          0         16          0      12972   stm32f4xx_rcc.o
       528         46          0         20          0       1867   system_stm32f4xx.o
      8820        418          0         64       1392      40921   tasks.o
      1968         72          0         20        232      60514   timers.o

    ----------------------------------------------------------------------
     20388        790        424        160      28760     479176   Object Totals
         0          0         32          0          0          0   (incl. Generated)
         4          0          0          0          0          0   (incl. Padding)

    ----------------------------------------------------------------------

      Code (inc. data)   RO Data    RW Data    ZI Data      Debug   Library Member Name

         8          0          0          0          0         68   __main.o
         0          0          0          0          0          0   __rtentry.o
        12          0          0          0          0          0   __rtentry2.o
         6          0          0          0          0          0   __rtentry4.o
        52          8          0          0          0          0   __scatter.o
        26          0          0          0          0          0   __scatter_copy.o
        28          0          0          0          0          0   __scatter_zi.o
        16          0          0          0          0         68   aeabi_memset.o
        12          0          0          0          0         72   exit.o
         6          0          0          0          0        152   heapauxi.o
         0          0          0          0          0          0   indicate_semi.o
         2          0          0          0          0          0   libinit.o
         6          0          0          0          0          0   libinit2.o
         2          0          0          0          0          0   libshutdown.o
         2          0          0          0          0          0   libshutdown2.o
         8          4          0          0         96         68   libspace.o
        68          0          0          0          0         68   rt_memclr.o
        78          0          0          0          0         80   rt_memclr_w.o
       138          0          0          0          0         68   rt_memcpy_v6.o
       100          0          0          0          0         80   rt_memcpy_w.o
         2          0          0          0          0          0   rtexit.o
        10          0          0          0          0          0   rtexit2.o
        12          4          0          0          0         68   sys_exit.o
        74          0          0          0          0         80   sys_stackheap_outer.o
         2          0          0          0          0         68   use_no_semi.o
        10          0          0          0          0        116   fpinit.o

    ----------------------------------------------------------------------
       684         16          0          0         96       1056   Library Totals
         4          0          0          0          0          0   (incl. Padding)

    ----------------------------------------------------------------------

      Code (inc. data)   RO Data    RW Data    ZI Data      Debug   Library Name

       670         16          0          0         96        940   c_w.l
        10          0          0          0          0        116   fz_wm.l

    ----------------------------------------------------------------------
       684         16          0          0         96       1056   Library Totals

    ----------------------------------------------------------------------

==============================================================================


      Code (inc. data)   RO Data    RW Data    ZI Data      Debug   

     21072        806        424        160      28856     476816   Grand Totals
     21072        806        424        160      28856     476816   ELF Image Totals
     21072        806        424        160          0          0   ROM Totals

==============================================================================

    Total RO  Size (Code + RO Data)                21496 (  20.99kB)
    Total RW  Size (RW Data + ZI Data)             29016 (  28.34kB)
    Total ROM Size (Code + RO Data + RW Data)      21656 (  21.15kB)

==============================================================================

